Archive member included to satisfy reference by file (symbol)

d:/programs/pico installer/gcc-arm-none-eabi/bin/../lib/gcc/arm-none-eabi/10.3.1/../../../../arm-none-eabi/lib/thumb/v6-m/nofp\libstdc++.a(guard.o)
                              CMakeFiles/pico_w_webserver.dir/main.cpp.obj (__cxa_guard_acquire)
d:/programs/pico installer/gcc-arm-none-eabi/bin/../lib/gcc/arm-none-eabi/10.3.1/../../../../arm-none-eabi/lib/thumb/v6-m/nofp\libstdc++.a(guard_error.o)
                              d:/programs/pico installer/gcc-arm-none-eabi/bin/../lib/gcc/arm-none-eabi/10.3.1/../../../../arm-none-eabi/lib/thumb/v6-m/nofp\libstdc++.a(guard.o) (__gnu_cxx::recursive_init_error::~recursive_init_error())
d:/programs/pico installer/gcc-arm-none-eabi/bin/../lib/gcc/arm-none-eabi/10.3.1/../../../../arm-none-eabi/lib/thumb/v6-m/nofp\libstdc++.a(si_class_type_info.o)
                              d:/programs/pico installer/gcc-arm-none-eabi/bin/../lib/gcc/arm-none-eabi/10.3.1/../../../../arm-none-eabi/lib/thumb/v6-m/nofp\libstdc++.a(guard_error.o) (vtable for __cxxabiv1::__si_class_type_info)
d:/programs/pico installer/gcc-arm-none-eabi/bin/../lib/gcc/arm-none-eabi/10.3.1/../../../../arm-none-eabi/lib/thumb/v6-m/nofp\libstdc++.a(tinfo.o)
                              d:/programs/pico installer/gcc-arm-none-eabi/bin/../lib/gcc/arm-none-eabi/10.3.1/../../../../arm-none-eabi/lib/thumb/v6-m/nofp\libstdc++.a(si_class_type_info.o) (std::type_info::__is_pointer_p() const)
d:/programs/pico installer/gcc-arm-none-eabi/bin/../lib/gcc/arm-none-eabi/10.3.1/../../../../arm-none-eabi/lib/thumb/v6-m/nofp\libstdc++.a(class_type_info.o)
                              d:/programs/pico installer/gcc-arm-none-eabi/bin/../lib/gcc/arm-none-eabi/10.3.1/../../../../arm-none-eabi/lib/thumb/v6-m/nofp\libstdc++.a(si_class_type_info.o) (__cxxabiv1::__class_type_info::__do_upcast(__cxxabiv1::__class_type_info const*, void**) const)
d:/programs/pico installer/gcc-arm-none-eabi/bin/../lib/gcc/arm-none-eabi/10.3.1/../../../../arm-none-eabi/lib/thumb/v6-m/nofp\libstdc++.a(eh_alloc.o)
                              d:/programs/pico installer/gcc-arm-none-eabi/bin/../lib/gcc/arm-none-eabi/10.3.1/../../../../arm-none-eabi/lib/thumb/v6-m/nofp\libstdc++.a(guard.o) (__cxa_allocate_exception)
d:/programs/pico installer/gcc-arm-none-eabi/bin/../lib/gcc/arm-none-eabi/10.3.1/../../../../arm-none-eabi/lib/thumb/v6-m/nofp\libstdc++.a(eh_exception.o)
                              d:/programs/pico installer/gcc-arm-none-eabi/bin/../lib/gcc/arm-none-eabi/10.3.1/../../../../arm-none-eabi/lib/thumb/v6-m/nofp\libstdc++.a(guard_error.o) (std::exception::~exception())
d:/programs/pico installer/gcc-arm-none-eabi/bin/../lib/gcc/arm-none-eabi/10.3.1/../../../../arm-none-eabi/lib/thumb/v6-m/nofp\libstdc++.a(eh_terminate.o)
                              d:/programs/pico installer/gcc-arm-none-eabi/bin/../lib/gcc/arm-none-eabi/10.3.1/../../../../arm-none-eabi/lib/thumb/v6-m/nofp\libstdc++.a(eh_alloc.o) (std::terminate())
d:/programs/pico installer/gcc-arm-none-eabi/bin/../lib/gcc/arm-none-eabi/10.3.1/../../../../arm-none-eabi/lib/thumb/v6-m/nofp\libstdc++.a(eh_throw.o)
                              d:/programs/pico installer/gcc-arm-none-eabi/bin/../lib/gcc/arm-none-eabi/10.3.1/../../../../arm-none-eabi/lib/thumb/v6-m/nofp\libstdc++.a(guard.o) (__cxa_throw)
d:/programs/pico installer/gcc-arm-none-eabi/bin/../lib/gcc/arm-none-eabi/10.3.1/../../../../arm-none-eabi/lib/thumb/v6-m/nofp\libstdc++.a(eh_unex_handler.o)
                              d:/programs/pico installer/gcc-arm-none-eabi/bin/../lib/gcc/arm-none-eabi/10.3.1/../../../../arm-none-eabi/lib/thumb/v6-m/nofp\libstdc++.a(eh_terminate.o) (__cxxabiv1::__unexpected_handler)
d:/programs/pico installer/gcc-arm-none-eabi/bin/../lib/gcc/arm-none-eabi/10.3.1/../../../../arm-none-eabi/lib/thumb/v6-m/nofp\libstdc++.a(pure.o)
                              d:/programs/pico installer/gcc-arm-none-eabi/bin/../lib/gcc/arm-none-eabi/10.3.1/../../../../arm-none-eabi/lib/thumb/v6-m/nofp\libstdc++.a(eh_exception.o) (__cxa_pure_virtual)
d:/programs/pico installer/gcc-arm-none-eabi/bin/../lib/gcc/arm-none-eabi/10.3.1/../../../../arm-none-eabi/lib/thumb/v6-m/nofp\libstdc++.a(vterminate.o)
                              d:/programs/pico installer/gcc-arm-none-eabi/bin/../lib/gcc/arm-none-eabi/10.3.1/../../../../arm-none-eabi/lib/thumb/v6-m/nofp\libstdc++.a(eh_terminate.o) (__gnu_cxx::__verbose_terminate_handler())
d:/programs/pico installer/gcc-arm-none-eabi/bin/../lib/gcc/arm-none-eabi/10.3.1/../../../../arm-none-eabi/lib/thumb/v6-m/nofp\libstdc++.a(cp-demangle.o)
                              d:/programs/pico installer/gcc-arm-none-eabi/bin/../lib/gcc/arm-none-eabi/10.3.1/../../../../arm-none-eabi/lib/thumb/v6-m/nofp\libstdc++.a(vterminate.o) (__cxa_demangle)
d:/programs/pico installer/gcc-arm-none-eabi/bin/../lib/gcc/arm-none-eabi/10.3.1/../../../../arm-none-eabi/lib/thumb/v6-m/nofp\libstdc++.a(eh_arm.o)
[...]
Memory Configuration

Name             Origin             Length             Attributes
FLASH            0x10000000         0x001ff000         xr
FLASH_PERSISTENT 0x101ff000         0x00001000         rw
RAM              0x20000000         0x00040000         xrw
SCRATCH_X        0x20040000         0x00001000         xrw
SCRATCH_Y        0x20041000         0x00001000         xrw
*default*        0x00000000         0xffffffff

Linker script and memory map

LOAD d:/programs/pico installer/gcc-arm-none-eabi/bin/../lib/gcc/arm-none-eabi/10.3.1/thumb/v6-m/nofp/crti.o
LOAD d:/programs/pico installer/gcc-arm-none-eabi/bin/../lib/gcc/arm-none-eabi/10.3.1/thumb/v6-m/nofp/crtbegin.o
LOAD d:/programs/pico installer/gcc-arm-none-eabi/bin/../lib/gcc/arm-none-eabi/10.3.1/../../../../arm-none-eabi/lib/thumb/v6-m/nofp/crt0.o
                0x00001000                __PERSISTENT_STORAGE_LEN = 0x1000

.flash_begin    0x10000000        0x0
                0x10000000                __flash_binary_start = .

.boot2          0x10000000      0x100
                0x10000000                __boot2_start__ = .
 *(.boot2)
 .boot2         0x10000000      0x100 C:\Users\frl00\AppData\Local\Temp\ccs13kKw.o
                0x10000100                __boot2_end__ = .
                0x00000001                ASSERT (((__boot2_end__ - __boot2_start__) == 0x100), ERROR: Pico second stage bootloader must be 256 bytes in size)

.text           0x10000100    0x213a0
                0x10000100                __logical_binary_start = .
 *(.vectors)
 .vectors       0x10000100       0xd4 CMakeFiles/pico_w_webserver.dir/D_/programs/Pico_Installer/pico-sdk/src/rp2_common/pico_standard_link/crt0.S.obj
                0x10000100                __VECTOR_TABLE
                0x10000100                __vectors
                0x100001c0                isr_invalid
                0x100001c0                __default_isrs_start
                0x100001c2                isr_nmi
                0x100001c4                isr_hardfault
                0x100001c6                isr_svcall
                0x100001c8                isr_pendsv
                0x100001ca                isr_systick
                0x100001cc                isr_irq23
                0x100001cc                isr_irq18
                0x100001cc                isr_irq11
                0x100001cc                isr_irq28
                0x100001cc                isr_irq19
                0x100001cc                isr_irq0
                0x100001cc                isr_irq6
                0x100001cc                isr_irq5
                0x100001cc                isr_irq12
                0x100001cc                isr_irq22
                0x100001cc                isr_irq31
                0x100001cc                isr_irq17
                0x100001cc                isr_irq27
                0x100001cc                isr_irq30
                0x100001cc                isr_irq2
                0x100001cc                isr_irq10
                0x100001cc                isr_irq8
                0x100001cc                isr_irq24
                0x100001cc                isr_irq1
                0x100001cc                isr_irq7
                0x100001cc                isr_irq21
                0x100001cc                isr_irq20
                0x100001cc                isr_irq15
                0x100001cc                isr_irq25
                0x100001cc                isr_irq13
                0x100001cc                __unhandled_user_irq
                0x100001cc                isr_irq4
                0x100001cc                isr_irq16
                0x100001cc                isr_irq29
                0x100001cc                isr_irq26
                0x100001cc                __default_isrs_end
                0x100001cc                isr_irq3
                0x100001cc                isr_irq14
                0x100001cc                isr_irq9
                0x100001d2                unhandled_user_irq_num_in_r0
 *(.binary_info_header)
 .binary_info_header
                0x100001d4       0x14 CMakeFiles/pico_w_webserver.dir/D_/programs/Pico_Installer/pico-sdk/src/rp2_common/pico_standard_link/crt0.S.obj
                0x100001e8                __binary_info_header_end = .
 *(.reset)
 .reset         0x100001e8       0xa0 CMakeFiles/pico_w_webserver.dir/D_/programs/Pico_Installer/pico-sdk/src/rp2_common/pico_standard_link/crt0.S.obj
                0x100001e8                _entry_point
 .reset         0x10000288       0x30 CMakeFiles/pico_w_webserver.dir/D_/programs/Pico_Installer/pico-sdk/src/rp2_common/pico_standard_link/binary_info.c.obj
 *(.init)
 .init          0x100002b8        0x4 d:/programs/pico installer/gcc-arm-none-eabi/bin/../lib/gcc/arm-none-eabi/10.3.1/thumb/v6-m/nofp/crti.o
                0x100002b8                _init
 *(EXCLUDE_FILE(*libm.a: *libc.a:*lib_a-mem*.o *libgcc.a:) .text*)
 .text          0x100002bc       0x48 d:/programs/pico installer/gcc-arm-none-eabi/bin/../lib/gcc/arm-none-eabi/10.3.1/thumb/v6-m/nofp/crtbegin.o
 .text._Z17cgi_start_handleriiPPcS0_
                0x10000304       0x9c CMakeFiles/pico_w_webserver.dir/main.cpp.obj
                0x10000304                cgi_start_handler(int, int, char**, char**)
 .text._ZN10RelayTimer7routineEv
                0x100003a0      0x12a CMakeFiles/pico_w_webserver.dir/main.cpp.obj
                0x100003a0                RelayTimer::routine()
 *fill*         0x100004ca        0x2 
 .text._ZN12DfPlayerPicoC2Ev
                0x100004cc       0x34 CMakeFiles/pico_w_webserver.dir/main.cpp.obj
                0x100004cc                DfPlayerPico::DfPlayerPico()
                0x100004cc                DfPlayerPico::DfPlayerPico()
 .text._ZN11TimerArrays11getInstanceEv
                0x10000500       0x84 CMakeFiles/pico_w_webserver.dir/main.cpp.obj
                0x10000500                TimerArrays::getInstance()
 .text._Z10map_buttonib
                0x10000584       0x4c CMakeFiles/pico_w_webserver.dir/main.cpp.obj
                0x10000584                map_button(int, bool)
 .text._Z17cgi_music_handleriiPPcS0_
                0x100005d0      0x1f4 CMakeFiles/pico_w_webserver.dir/main.cpp.obj
                0x100005d0                cgi_music_handler(int, int, char**, char**)
 .text._Z9map_relayib
                0x100007c4       0x48 CMakeFiles/pico_w_webserver.dir/main.cpp.obj
                0x100007c4                map_relay(int, bool)
 .text._Z11ssi_handleriPci
                0x1000080c      0x1a8 CMakeFiles/pico_w_webserver.dir/main.cpp.obj
                0x1000080c                ssi_handler(int, char*, int)
 .text._Z17cgi_value_handleriiPPcS0_
                0x100009b4      0x308 CMakeFiles/pico_w_webserver.dir/main.cpp.obj
                0x100009b4                cgi_value_handler(int, int, char**, char**)
 .text._Z8ssi_initv
                0x10000cbc       0x40 CMakeFiles/pico_w_webserver.dir/main.cpp.obj
                0x10000cbc                ssi_init()
 .text._Z8cgi_initv
                0x10000cfc       0x10 CMakeFiles/pico_w_webserver.dir/main.cpp.obj
                0x10000cfc                cgi_init()
 .text._ZN9DataSaver13print_buf_intEi
                0x10000d0c       0x6c CMakeFiles/pico_w_webserver.dir/main.cpp.obj
                0x10000d0c                DataSaver::print_buf_int(int)
 .text._ZN9DataSaver13flash_objectsEP10RelayTimeriP10MusicTimeri
                0x10000d78      0x1f0 CMakeFiles/pico_w_webserver.dir/main.cpp.obj
                0x10000d78                DataSaver::flash_objects(RelayTimer*, int, MusicTimer*, int)
 .text._ZN9DataSaver18recover_relayTimerEi
                0x10000f68      0x1a4 CMakeFiles/pico_w_webserver.dir/main.cpp.obj
                0x10000f68                DataSaver::recover_relayTimer(int)
 .text._ZN9DataSaver18recover_musicTimerEii
                0x1000110c      0x12c CMakeFiles/pico_w_webserver.dir/main.cpp.obj
                0x1000110c                DataSaver::recover_musicTimer(int, int)
 .text._ZN8DfPlayerI12DfPlayerPicoE12calcChecksumEPh
                0x10001238       0x1a CMakeFiles/pico_w_webserver.dir/main.cpp.obj
                0x10001238                DfPlayer<DfPlayerPico>::calcChecksum(unsigned char*)
 *fill*         0x10001252        0x2 
 .text._ZN8DfPlayerI12DfPlayerPicoE7sendCmdEht
                0x10001254       0x4c CMakeFiles/pico_w_webserver.dir/main.cpp.obj
                0x10001254                DfPlayer<DfPlayerPico>::sendCmd(unsigned char, unsigned short)
 .text._ZN8DfPlayerI12DfPlayerPicoE13specifyVolumeEh
                0x100012a0        0xe CMakeFiles/pico_w_webserver.dir/main.cpp.obj
                0x100012a0                DfPlayer<DfPlayerPico>::specifyVolume(unsigned char)
 *fill*         0x100012ae        0x2 
 .text.main     0x100012b0      0x4d8 CMakeFiles/pico_w_webserver.dir/main.cpp.obj
                0x100012b0                main
 .text.lwip_timeout_reached
                0x10001788       0x2c CMakeFiles/pico_w_webserver.dir/D_/programs/Pico_Installer/pico-sdk/src/rp2_common/pico_lwip/lwip_nosys.c.obj
 .text.update_next_timeout
                0x100017b4       0xb0 CMakeFiles/pico_w_webserver.dir/D_/programs/Pico_Installer/pico-sdk/src/rp2_common/pico_lwip/lwip_nosys.c.obj
 .text.lwip_nosys_init
                0x10001864       0x34 CMakeFiles/pico_w_webserver.dir/D_/programs/Pico_Installer/pico-sdk/src/rp2_common/pico_lwip/lwip_nosys.c.obj
                0x10001864                lwip_nosys_init
 .text.lwip_nosys_deinit
                0x10001898       0x20 CMakeFiles/pico_w_webserver.dir/D_/programs/Pico_Installer/pico-sdk/src/rp2_common/pico_lwip/lwip_nosys.c.obj
                0x10001898                lwip_nosys_deinit
 .text.sys_arch_protect
                0x100018b8        0x4 CMakeFiles/pico_w_webserver.dir/D_/programs/Pico_Installer/pico-sdk/src/rp2_common/pico_lwip/lwip_nosys.c.obj
                0x100018b8                sys_arch_protect
 .text.sys_arch_unprotect
                0x100018bc        0x2 CMakeFiles/pico_w_webserver.dir/D_/programs/Pico_Installer/pico-sdk/src/rp2_common/pico_lwip/lwip_nosys.c.obj
                0x100018bc                sys_arch_unprotect
 *fill*         0x100018be        0x2 
 .text.sys_now  0x100018c0       0x3c CMakeFiles/pico_w_webserver.dir/D_/programs/Pico_Installer/pico-sdk/src/rp2_common/pico_lwip/lwip_nosys.c.obj
                0x100018c0                sys_now
 .text.async_context_base_add_at_time_worker
                0x100018fc       0x1c CMakeFiles/pico_w_webserver.dir/D_/programs/Pico_Installer/pico-sdk/src/rp2_common/pico_async_context/async_context_base.c.obj
                0x100018fc                async_context_base_add_at_time_worker
 .text.async_context_base_remove_at_time_worker
                0x10001918       0x1c CMakeFiles/pico_w_webserver.dir/D_/programs/Pico_Installer/pico-sdk/src/rp2_common/pico_async_context/async_context_base.c.obj
                0x10001918                async_context_base_remove_at_time_worker
 .text.async_context_base_add_when_pending_worker
                0x10001934       0x1c CMakeFiles/pico_w_webserver.dir/D_/programs/Pico_Installer/pico-sdk/src/rp2_common/pico_async_context/async_context_base.c.obj
                0x10001934                async_context_base_add_when_pending_worker
 .text.async_context_base_remove_when_pending_worker
                0x10001950       0x1c CMakeFiles/pico_w_webserver.dir/D_/programs/Pico_Installer/pico-sdk/src/rp2_common/pico_async_context/async_context_base.c.obj
                0x10001950                async_context_base_remove_when_pending_worker
 .text.async_context_base_remove_ready_at_time_worker
                0x1000196c       0x94 CMakeFiles/pico_w_webserver.dir/D_/programs/Pico_Installer/pico-sdk/src/rp2_common/pico_async_context/async_context_base.c.obj
                0x1000196c                async_context_base_remove_ready_at_time_worker
 .text.async_context_base_refresh_next_timeout
                0x10001a00       0x4c CMakeFiles/pico_w_webserver.dir/D_/programs/Pico_Installer/pico-sdk/src/rp2_common/pico_async_context/async_context_base.c.obj
                0x10001a00                async_context_base_refresh_next_timeout
 .text.async_context_base_execute_once
                0x10001a4c       0x48 CMakeFiles/pico_w_webserver.dir/D_/programs/Pico_Installer/pico-sdk/src/rp2_common/pico_async_context/async_context_base.c.obj
                0x10001a4c                async_context_base_execute_once
 .text.running_on_fpga
                0x10001a94       0x14 CMakeFiles/pico_w_webserver.dir/D_/programs/Pico_Installer/pico-sdk/src/rp2_common/pico_platform/platform.c.obj
                0x10001a94                running_on_fpga
 .text.splitmix64
                0x10001aa8       0x5c CMakeFiles/pico_w_webserver.dir/D_/programs/Pico_Installer/pico-sdk/src/rp2_common/pico_rand/rand.c.obj
 .text.sdbm_hash64_sram
                0x10001b04       0x64 CMakeFiles/pico_w_webserver.dir/D_/programs/Pico_Installer/pico-sdk/src/rp2_common/pico_rand/rand.c.obj
 .text.xoroshiro128ss
                0x10001b68       0xb8 CMakeFiles/pico_w_webserver.dir/D_/programs/Pico_Installer/pico-sdk/src/rp2_common/pico_rand/rand.c.obj
 .text.capture_additional_rosc_samples
                0x10001c20      0x1a4 CMakeFiles/pico_w_webserver.dir/D_/programs/Pico_Installer/pico-sdk/src/rp2_common/pico_rand/rand.c.obj
 .text.initialise_rand
                0x10001dc4      0x118 CMakeFiles/pico_w_webserver.dir/D_/programs/Pico_Installer/pico-sdk/src/rp2_common/pico_rand/rand.c.obj
 .text.get_rand_64
                0x10001edc      0x11c CMakeFiles/pico_w_webserver.dir/D_/programs/Pico_Installer/pico-sdk/src/rp2_common/pico_rand/rand.c.obj
                0x10001edc                get_rand_64
 .text.get_rand_32
                0x10001ff8        0x8 CMakeFiles/pico_w_webserver.dir/D_/programs/Pico_Installer/pico-sdk/src/rp2_common/pico_rand/rand.c.obj
                0x10001ff8                get_rand_32
 .text._retrieve_unique_id_on_boot
                0x10002000       0x10 CMakeFiles/pico_w_webserver.dir/D_/programs/Pico_Installer/pico-sdk/src/rp2_common/pico_unique_id/unique_id.c.obj
 .text.pico_get_unique_board_id
                0x10002010       0x10 CMakeFiles/pico_w_webserver.dir/D_/programs/Pico_Installer/pico-sdk/src/rp2_common/pico_unique_id/unique_id.c.obj
                0x10002010                pico_get_unique_board_id
 .text.pico_get_unique_board_id_string
                0x10002020       0x60 CMakeFiles/pico_w_webserver.dir/D_/programs/Pico_Installer/pico-sdk/src/rp2_common/pico_unique_id/unique_id.c.obj
                0x10002020                pico_get_unique_board_id_string
 .text.flash_get_unique_id
                0x10002080       0x46 CMakeFiles/pico_w_webserver.dir/D_/programs/Pico_Installer/pico-sdk/src/rp2_common/hardware_flash/flash.c.obj
                0x10002080                flash_get_unique_id
 *fill*         0x100020c6        0x2 
 .text.hw_claim_lock
                0x100020c8       0x18 CMakeFiles/pico_w_webserver.dir/D_/programs/Pico_Installer/pico-sdk/src/rp2_common/hardware_claim/claim.c.obj
                0x100020c8                hw_claim_lock
 .text.hw_claim_unlock
                0x100020e0       0x14 CMakeFiles/pico_w_webserver.dir/D_/programs/Pico_Installer/pico-sdk/src/rp2_common/hardware_claim/claim.c.obj
                0x100020e0                hw_claim_unlock
 .text.hw_claim_or_assert
                0x100020f4       0x32 CMakeFiles/pico_w_webserver.dir/D_/programs/Pico_Installer/pico-sdk/src/rp2_common/hardware_claim/claim.c.obj
                0x100020f4                hw_claim_or_assert
 .text.hw_claim_unused_from_range
                0x10002126       0x50 CMakeFiles/pico_w_webserver.dir/D_/programs/Pico_Installer/pico-sdk/src/rp2_common/hardware_claim/claim.c.obj
                0x10002126                hw_claim_unused_from_range
 *fill*         0x10002176        0x2 
 .text.hw_claim_clear
                0x10002178       0x40 CMakeFiles/pico_w_webserver.dir/D_/programs/Pico_Installer/pico-sdk/src/rp2_common/hardware_claim/claim.c.obj
                0x10002178                hw_claim_clear
 .text.spin_locks_reset
                0x100021b8       0x20 CMakeFiles/pico_w_webserver.dir/D_/programs/Pico_Installer/pico-sdk/src/rp2_common/hardware_sync/sync.c.obj
                0x100021b8                spin_locks_reset
 .text.next_striped_spin_lock_num
                0x100021d8       0x1c CMakeFiles/pico_w_webserver.dir/D_/programs/Pico_Installer/pico-sdk/src/rp2_common/hardware_sync/sync.c.obj
                0x100021d8                next_striped_spin_lock_num
 .text.spin_lock_claim_unused
                0x100021f4       0x20 CMakeFiles/pico_w_webserver.dir/D_/programs/Pico_Installer/pico-sdk/src/rp2_common/hardware_sync/sync.c.obj
                0x100021f4                spin_lock_claim_unused
 .text.rom_func_lookup
                0x10002214       0x10 CMakeFiles/pico_w_webserver.dir/D_/programs/Pico_Installer/pico-sdk/src/rp2_common/pico_bootrom/bootrom.c.obj
                0x10002214                rom_func_lookup
 .text.rom_data_lookup
                0x10002224       0x10 CMakeFiles/pico_w_webserver.dir/D_/programs/Pico_Installer/pico-sdk/src/rp2_common/pico_bootrom/bootrom.c.obj
                0x10002224                rom_data_lookup
 .text.rom_funcs_lookup
                0x10002234       0x36 CMakeFiles/pico_w_webserver.dir/D_/programs/Pico_Installer/pico-sdk/src/rp2_common/pico_bootrom/bootrom.c.obj
                0x10002234                rom_funcs_lookup
 *fill*         0x1000226a        0x2 
 .text.clock_configure
                0x1000226c      0x108 CMakeFiles/pico_w_webserver.dir/D_/programs/Pico_Installer/pico-sdk/src/rp2_common/hardware_clocks/clocks.c.obj
                0x1000226c                clock_configure
 .text.clocks_init
                0x10002374      0x100 CMakeFiles/pico_w_webserver.dir/D_/programs/Pico_Installer/pico-sdk/src/rp2_common/hardware_clocks/clocks.c.obj
                0x10002374                clocks_init
 .text.clock_get_hz
                0x10002474        0xc CMakeFiles/pico_w_webserver.dir/D_/programs/Pico_Installer/pico-sdk/src/rp2_common/hardware_clocks/clocks.c.obj
                0x10002474                clock_get_hz
 .text.gpio_set_function
                0x10002480       0x30 CMakeFiles/pico_w_webserver.dir/D_/programs/Pico_Installer/pico-sdk/src/rp2_common/hardware_gpio/gpio.c.obj
                0x10002480                gpio_set_function
 .text.gpio_set_pulls
                0x100024b0       0x34 CMakeFiles/pico_w_webserver.dir/D_/programs/Pico_Installer/pico-sdk/src/rp2_common/hardware_gpio/gpio.c.obj
                0x100024b0                gpio_set_pulls
 .text.gpio_set_input_hysteresis_enabled
                0x100024e4       0x30 CMakeFiles/pico_w_webserver.dir/D_/programs/Pico_Installer/pico-sdk/src/rp2_common/hardware_gpio/gpio.c.obj
                0x100024e4                gpio_set_input_hysteresis_enabled
 .text.gpio_add_raw_irq_handler_with_order_priority_masked
                0x10002514       0x40 CMakeFiles/pico_w_webserver.dir/D_/programs/Pico_Installer/pico-sdk/src/rp2_common/hardware_gpio/gpio.c.obj
                0x10002514                gpio_add_raw_irq_handler_with_order_priority_masked
 .text.gpio_remove_raw_irq_handler_masked
                0x10002554       0x48 CMakeFiles/pico_w_webserver.dir/D_/programs/Pico_Installer/pico-sdk/src/rp2_common/hardware_gpio/gpio.c.obj
                0x10002554                gpio_remove_raw_irq_handler_masked
 .text.gpio_acknowledge_irq
                0x1000259c       0x18 CMakeFiles/pico_w_webserver.dir/D_/programs/Pico_Installer/pico-sdk/src/rp2_common/hardware_gpio/gpio.c.obj
                0x1000259c                gpio_acknowledge_irq
 .text._gpio_set_irq_enabled
                0x100025b4       0x34 CMakeFiles/pico_w_webserver.dir/D_/programs/Pico_Installer/pico-sdk/src/rp2_common/hardware_gpio/gpio.c.obj
 .text.gpio_set_irq_enabled
                0x100025e8       0x20 CMakeFiles/pico_w_webserver.dir/D_/programs/Pico_Installer/pico-sdk/src/rp2_common/hardware_gpio/gpio.c.obj
                0x100025e8                gpio_set_irq_enabled
 .text.gpio_init
                0x10002608       0x16 CMakeFiles/pico_w_webserver.dir/D_/programs/Pico_Installer/pico-sdk/src/rp2_common/hardware_gpio/gpio.c.obj
                0x10002608                gpio_init
 *fill*         0x1000261e        0x2 
 .text.set_raw_irq_handler_and_unlock
                0x10002620       0x28 CMakeFiles/pico_w_webserver.dir/D_/programs/Pico_Installer/pico-sdk/src/rp2_common/hardware_irq/irq.c.obj
 .text.get_user_irq_claim_index
                0x10002648        0x6 CMakeFiles/pico_w_webserver.dir/D_/programs/Pico_Installer/pico-sdk/src/rp2_common/hardware_irq/irq.c.obj
 *fill*         0x1000264e        0x2 
 .text.make_branch
                0x10002650       0x48 CMakeFiles/pico_w_webserver.dir/D_/programs/Pico_Installer/pico-sdk/src/rp2_common/hardware_irq/irq.c.obj
 .text.insert_branch_and_link
                0x10002698       0x40 CMakeFiles/pico_w_webserver.dir/D_/programs/Pico_Installer/pico-sdk/src/rp2_common/hardware_irq/irq.c.obj
 .text.irq_is_enabled
                0x100026d8       0x18 CMakeFiles/pico_w_webserver.dir/D_/programs/Pico_Installer/pico-sdk/src/rp2_common/hardware_irq/irq.c.obj
                0x100026d8                irq_is_enabled
 .text.irq_set_mask_enabled
                0x100026f0       0x20 CMakeFiles/pico_w_webserver.dir/D_/programs/Pico_Installer/pico-sdk/src/rp2_common/hardware_irq/irq.c.obj
                0x100026f0                irq_set_mask_enabled
 .text.irq_set_enabled
                0x10002710        0xe CMakeFiles/pico_w_webserver.dir/D_/programs/Pico_Installer/pico-sdk/src/rp2_common/hardware_irq/irq.c.obj
                0x10002710                irq_set_enabled
 *fill*         0x1000271e        0x2 
 .text.irq_set_pending
                0x10002720       0x10 CMakeFiles/pico_w_webserver.dir/D_/programs/Pico_Installer/pico-sdk/src/rp2_common/hardware_irq/irq.c.obj
                0x10002720                irq_set_pending
 .text.irq_get_vtable_handler
                0x10002730       0x10 CMakeFiles/pico_w_webserver.dir/D_/programs/Pico_Installer/pico-sdk/src/rp2_common/hardware_irq/irq.c.obj
                0x10002730                irq_get_vtable_handler
 .text.irq_has_shared_handler
                0x10002740       0x24 CMakeFiles/pico_w_webserver.dir/D_/programs/Pico_Installer/pico-sdk/src/rp2_common/hardware_irq/irq.c.obj
                0x10002740                irq_has_shared_handler
 .text.irq_set_exclusive_handler
                0x10002764       0x54 CMakeFiles/pico_w_webserver.dir/D_/programs/Pico_Installer/pico-sdk/src/rp2_common/hardware_irq/irq.c.obj
                0x10002764                irq_set_exclusive_handler
 .text.irq_add_shared_handler
                0x100027b8      0x234 CMakeFiles/pico_w_webserver.dir/D_/programs/Pico_Installer/pico-sdk/src/rp2_common/hardware_irq/irq.c.obj
                0x100027b8                irq_add_shared_handler
 .text.irq_remove_handler
                0x100029ec      0x1ac CMakeFiles/pico_w_webserver.dir/D_/programs/Pico_Installer/pico-sdk/src/rp2_common/hardware_irq/irq.c.obj
                0x100029ec                irq_remove_handler
 .text.irq_set_priority
                0x10002b98       0x28 CMakeFiles/pico_w_webserver.dir/D_/programs/Pico_Installer/pico-sdk/src/rp2_common/hardware_irq/irq.c.obj
                0x10002b98                irq_set_priority
 .text.irq_add_tail_to_free_list
                0x10002bc0       0xf0 CMakeFiles/pico_w_webserver.dir/D_/programs/Pico_Installer/pico-sdk/src/rp2_common/hardware_irq/irq.c.obj
                0x10002bc0                irq_add_tail_to_free_list
 .text.irq_init_priorities
                0x10002cb0       0x1c CMakeFiles/pico_w_webserver.dir/D_/programs/Pico_Installer/pico-sdk/src/rp2_common/hardware_irq/irq.c.obj
                0x10002cb0                irq_init_priorities
 .text.user_irq_unclaim
                0x10002ccc       0x14 CMakeFiles/pico_w_webserver.dir/D_/programs/Pico_Installer/pico-sdk/src/rp2_common/hardware_irq/irq.c.obj
                0x10002ccc                user_irq_unclaim
 .text.user_irq_claim_unused
                0x10002ce0       0x28 CMakeFiles/pico_w_webserver.dir/D_/programs/Pico_Installer/pico-sdk/src/rp2_common/hardware_irq/irq.c.obj
                0x10002ce0                user_irq_claim_unused
 .text.sem_init
                0x10002d08       0x1e CMakeFiles/pico_w_webserver.dir/D_/programs/Pico_Installer/pico-sdk/src/common/pico_sync/sem.c.obj
                0x10002d08                sem_init
 *fill*         0x10002d26        0x2 
 .text.lock_init
                0x10002d28       0x10 CMakeFiles/pico_w_webserver.dir/D_/programs/Pico_Installer/pico-sdk/src/common/pico_sync/lock_core.c.obj
                0x10002d28                lock_init
 .text.mutex_init
                0x10002d38       0x1a CMakeFiles/pico_w_webserver.dir/D_/programs/Pico_Installer/pico-sdk/src/common/pico_sync/mutex.c.obj
                0x10002d38                mutex_init
 .text.recursive_mutex_init
                0x10002d52       0x1e CMakeFiles/pico_w_webserver.dir/D_/programs/Pico_Installer/pico-sdk/src/common/pico_sync/mutex.c.obj
                0x10002d52                recursive_mutex_init
 .text.critical_section_init_with_lock_num
                0x10002d70       0x14 CMakeFiles/pico_w_webserver.dir/D_/programs/Pico_Installer/pico-sdk/src/common/pico_sync/critical_section.c.obj
                0x10002d70                critical_section_init_with_lock_num
 .text.critical_section_init
                0x10002d84       0x14 CMakeFiles/pico_w_webserver.dir/D_/programs/Pico_Installer/pico-sdk/src/common/pico_sync/critical_section.c.obj
                0x10002d84                critical_section_init
 .text.alarm_pool_post_alloc_init
                0x10002d98       0x40 CMakeFiles/pico_w_webserver.dir/D_/programs/Pico_Installer/pico-sdk/src/common/pico_time/time.c.obj
 .text.sleep_until_callback
                0x10002dd8       0x30 CMakeFiles/pico_w_webserver.dir/D_/programs/Pico_Installer/pico-sdk/src/common/pico_time/time.c.obj
 .text.timer_pool_entry_comparator
                0x10002e08       0x7c CMakeFiles/pico_w_webserver.dir/D_/programs/Pico_Installer/pico-sdk/src/common/pico_time/time.c.obj
                0x10002e08                timer_pool_entry_comparator
 .text.ph_add_child_node
                0x10002e84       0xa4 CMakeFiles/pico_w_webserver.dir/D_/programs/Pico_Installer/pico-sdk/src/common/pico_time/time.c.obj
 .text.ph_merge_nodes
                0x10002f28       0x3e CMakeFiles/pico_w_webserver.dir/D_/programs/Pico_Installer/pico-sdk/src/common/pico_time/time.c.obj
 *fill*         0x10002f66        0x2 
 .text.add_alarm_under_lock
                0x10002f68      0x174 CMakeFiles/pico_w_webserver.dir/D_/programs/Pico_Installer/pico-sdk/src/common/pico_time/time.c.obj
 .text.alarm_pool_alarm_callback
                0x100030dc      0x33c CMakeFiles/pico_w_webserver.dir/D_/programs/Pico_Installer/pico-sdk/src/common/pico_time/time.c.obj
 .text.alarm_pool_init_default
                0x10003418       0x40 CMakeFiles/pico_w_webserver.dir/D_/programs/Pico_Installer/pico-sdk/src/common/pico_time/time.c.obj
                0x10003418                alarm_pool_init_default
 .text.alarm_pool_get_default
                0x10003458       0x2c CMakeFiles/pico_w_webserver.dir/D_/programs/Pico_Installer/pico-sdk/src/common/pico_time/time.c.obj
                0x10003458                alarm_pool_get_default
 .text.alarm_pool_add_alarm_at
                0x10003484      0x168 CMakeFiles/pico_w_webserver.dir/D_/programs/Pico_Installer/pico-sdk/src/common/pico_time/time.c.obj
                0x10003484                alarm_pool_add_alarm_at
 .text.alarm_pool_cancel_alarm
                0x100035ec       0xf8 CMakeFiles/pico_w_webserver.dir/D_/programs/Pico_Installer/pico-sdk/src/common/pico_time/time.c.obj
                0x100035ec                alarm_pool_cancel_alarm
 .text.alarm_pool_core_num
                0x100036e4        0x4 CMakeFiles/pico_w_webserver.dir/D_/programs/Pico_Installer/pico-sdk/src/common/pico_time/time.c.obj
                0x100036e4                alarm_pool_core_num
 .text.sleep_until
                0x100036e8       0xfc CMakeFiles/pico_w_webserver.dir/D_/programs/Pico_Installer/pico-sdk/src/common/pico_time/time.c.obj
                0x100036e8                sleep_until
 .text.sleep_us
                0x100037e4       0x58 CMakeFiles/pico_w_webserver.dir/D_/programs/Pico_Installer/pico-sdk/src/common/pico_time/time.c.obj
                0x100037e4                sleep_us
 .text.sleep_ms
                0x1000383c       0x14 CMakeFiles/pico_w_webserver.dir/D_/programs/Pico_Installer/pico-sdk/src/common/pico_time/time.c.obj
                0x1000383c                sleep_ms
 .text.best_effort_wfe_or_timeout
                0x10003850       0xac CMakeFiles/pico_w_webserver.dir/D_/programs/Pico_Installer/pico-sdk/src/common/pico_time/time.c.obj
                0x10003850                best_effort_wfe_or_timeout
 .text.hardware_alarm_irq_handler
                0x100038fc       0x90 CMakeFiles/pico_w_webserver.dir/D_/programs/Pico_Installer/pico-sdk/src/rp2_common/hardware_timer/timer.c.obj
 .text.hardware_alarm_claim
                0x1000398c       0x18 CMakeFiles/pico_w_webserver.dir/D_/programs/Pico_Installer/pico-sdk/src/rp2_common/hardware_timer/timer.c.obj
                0x1000398c                hardware_alarm_claim
 .text.time_us_64
                0x100039a4       0x18 CMakeFiles/pico_w_webserver.dir/D_/programs/Pico_Installer/pico-sdk/src/rp2_common/hardware_timer/timer.c.obj
                0x100039a4                time_us_64
 .text.busy_wait_until
                0x100039bc       0x28 CMakeFiles/pico_w_webserver.dir/D_/programs/Pico_Installer/pico-sdk/src/rp2_common/hardware_timer/timer.c.obj
                0x100039bc                busy_wait_until
 .text.busy_wait_us
                0x100039e4       0x48 CMakeFiles/pico_w_webserver.dir/D_/programs/Pico_Installer/pico-sdk/src/rp2_common/hardware_timer/timer.c.obj
                0x100039e4                busy_wait_us
 .text.hardware_alarm_set_callback
                0x10003a2c       0x90 CMakeFiles/pico_w_webserver.dir/D_/programs/Pico_Installer/pico-sdk/src/rp2_common/hardware_timer/timer.c.obj
                0x10003a2c                hardware_alarm_set_callback
 .text.hardware_alarm_set_target
                0x10003abc       0xe8 CMakeFiles/pico_w_webserver.dir/D_/programs/Pico_Installer/pico-sdk/src/rp2_common/hardware_timer/timer.c.obj
                0x10003abc                hardware_alarm_set_target
 .text.hardware_alarm_cancel
                0x10003ba4       0x40 CMakeFiles/pico_w_webserver.dir/D_/programs/Pico_Installer/pico-sdk/src/rp2_common/hardware_timer/timer.c.obj
                0x10003ba4                hardware_alarm_cancel
 .text.ph_add_child_node
                0x10003be4       0xa4 CMakeFiles/pico_w_webserver.dir/D_/programs/Pico_Installer/pico-sdk/src/common/pico_util/pheap.c.obj
 .text.ph_merge_nodes
                0x10003c88       0x3e CMakeFiles/pico_w_webserver.dir/D_/programs/Pico_Installer/pico-sdk/src/common/pico_util/pheap.c.obj
 *fill*         0x10003cc6        0x2 
 .text.ph_clear
                0x10003cc8       0x70 CMakeFiles/pico_w_webserver.dir/D_/programs/Pico_Installer/pico-sdk/src/common/pico_util/pheap.c.obj
                0x10003cc8                ph_clear
 .text.ph_post_alloc_init
                0x10003d38        0xe CMakeFiles/pico_w_webserver.dir/D_/programs/Pico_Installer/pico-sdk/src/common/pico_util/pheap.c.obj
                0x10003d38                ph_post_alloc_init
 *fill*         0x10003d46        0x2 
 .text.ph_merge_two_pass
                0x10003d48       0xa8 CMakeFiles/pico_w_webserver.dir/D_/programs/Pico_Installer/pico-sdk/src/common/pico_util/pheap.c.obj
                0x10003d48                ph_merge_two_pass
 .text.ph_remove_any_head
                0x10003df0      0x128 CMakeFiles/pico_w_webserver.dir/D_/programs/Pico_Installer/pico-sdk/src/common/pico_util/pheap.c.obj
 .text.ph_remove_head
                0x10003f18       0x14 CMakeFiles/pico_w_webserver.dir/D_/programs/Pico_Installer/pico-sdk/src/common/pico_util/pheap.c.obj
                0x10003f18                ph_remove_head
 .text.ph_remove_and_free_node
                0x10003f2c       0xf8 CMakeFiles/pico_w_webserver.dir/D_/programs/Pico_Installer/pico-sdk/src/common/pico_util/pheap.c.obj
                0x10003f2c                ph_remove_and_free_node
 .text.pll_init
                0x10004024      0x120 CMakeFiles/pico_w_webserver.dir/D_/programs/Pico_Installer/pico-sdk/src/rp2_common/hardware_pll/pll.c.obj
                0x10004024                pll_init
 .text.watchdog_start_tick
                0x10004144       0x10 CMakeFiles/pico_w_webserver.dir/D_/programs/Pico_Installer/pico-sdk/src/rp2_common/hardware_watchdog/watchdog.c.obj
                0x10004144                watchdog_start_tick
 .text.watchdog_update
                0x10004154       0x14 CMakeFiles/pico_w_webserver.dir/D_/programs/Pico_Installer/pico-sdk/src/rp2_common/hardware_watchdog/watchdog.c.obj
                0x10004154                watchdog_update
 .text._watchdog_enable
                0x10004168       0x78 CMakeFiles/pico_w_webserver.dir/D_/programs/Pico_Installer/pico-sdk/src/rp2_common/hardware_watchdog/watchdog.c.obj
                0x10004168                _watchdog_enable
 .text.watchdog_reboot
                0x100041e0       0x48 CMakeFiles/pico_w_webserver.dir/D_/programs/Pico_Installer/pico-sdk/src/rp2_common/hardware_watchdog/watchdog.c.obj
                0x100041e0                watchdog_reboot
 .text.xosc_init
                0x10004228       0x28 CMakeFiles/pico_w_webserver.dir/D_/programs/Pico_Installer/pico-sdk/src/rp2_common/hardware_xosc/xosc.c.obj
                0x10004228                xosc_init
 .text.lwip_init
                0x10004250       0x24 CMakeFiles/pico_w_webserver.dir/D_/programs/Pico_Installer/pico-sdk/lib/lwip/src/core/init.c.obj
                0x10004250                lwip_init
 .text.lwip_htons
                0x10004274        0xa CMakeFiles/pico_w_webserver.dir/D_/programs/Pico_Installer/pico-sdk/lib/lwip/src/core/def.c.obj
                0x10004274                lwip_htons
 .text.lwip_htonl
                0x1000427e       0x1c CMakeFiles/pico_w_webserver.dir/D_/programs/Pico_Installer/pico-sdk/lib/lwip/src/core/def.c.obj
                0x1000427e                lwip_htonl
 .text.lwip_strnstr
                0x1000429a       0x58 CMakeFiles/pico_w_webserver.dir/D_/programs/Pico_Installer/pico-sdk/lib/lwip/src/core/def.c.obj
                0x1000429a                lwip_strnstr
 .text.lwip_stricmp
                0x100042f2       0x3a CMakeFiles/pico_w_webserver.dir/D_/programs/Pico_Installer/pico-sdk/lib/lwip/src/core/def.c.obj
                0x100042f2                lwip_stricmp
 .text.dns_backupserver_available
                0x1000432c       0x28 CMakeFiles/pico_w_webserver.dir/D_/programs/Pico_Installer/pico-sdk/lib/lwip/src/core/dns.c.obj
 .text.dns_create_txid
                0x10004354       0x3c CMakeFiles/pico_w_webserver.dir/D_/programs/Pico_Installer/pico-sdk/lib/lwip/src/core/dns.c.obj
 .text.dns_call_found
                0x10004390       0xf4 CMakeFiles/pico_w_webserver.dir/D_/programs/Pico_Installer/pico-sdk/lib/lwip/src/core/dns.c.obj
 .text.dns_send
                0x10004484      0x178 CMakeFiles/pico_w_webserver.dir/D_/programs/Pico_Installer/pico-sdk/lib/lwip/src/core/dns.c.obj
 .text.dns_check_entry
                0x100045fc      0x11c CMakeFiles/pico_w_webserver.dir/D_/programs/Pico_Installer/pico-sdk/lib/lwip/src/core/dns.c.obj
 .text.dns_check_entries
                0x10004718       0x16 CMakeFiles/pico_w_webserver.dir/D_/programs/Pico_Installer/pico-sdk/lib/lwip/src/core/dns.c.obj
 .text.dns_init
                0x1000472e        0x2 CMakeFiles/pico_w_webserver.dir/D_/programs/Pico_Installer/pico-sdk/lib/lwip/src/core/dns.c.obj
                0x1000472e                dns_init
 .text.dns_setserver
                0x10004730       0x28 CMakeFiles/pico_w_webserver.dir/D_/programs/Pico_Installer/pico-sdk/lib/lwip/src/core/dns.c.obj
                0x10004730                dns_setserver
 .text.dns_tmr  0x10004758        0x8 CMakeFiles/pico_w_webserver.dir/D_/programs/Pico_Installer/pico-sdk/lib/lwip/src/core/dns.c.obj
                0x10004758                dns_tmr
 .text.lwip_standard_chksum
                0x10004760       0xac CMakeFiles/pico_w_webserver.dir/D_/programs/Pico_Installer/pico-sdk/lib/lwip/src/core/inet_chksum.c.obj
                0x10004760                lwip_standard_chksum
 .text.inet_cksum_pseudo_base
                0x1000480c       0x7c CMakeFiles/pico_w_webserver.dir/D_/programs/Pico_Installer/pico-sdk/lib/lwip/src/core/inet_chksum.c.obj
 .text.inet_chksum_pseudo
                0x10004888       0x30 CMakeFiles/pico_w_webserver.dir/D_/programs/Pico_Installer/pico-sdk/lib/lwip/src/core/inet_chksum.c.obj
                0x10004888                inet_chksum_pseudo
 .text.ip_chksum_pseudo
                0x100048b8       0x10 CMakeFiles/pico_w_webserver.dir/D_/programs/Pico_Installer/pico-sdk/lib/lwip/src/core/inet_chksum.c.obj
                0x100048b8                ip_chksum_pseudo
 .text.inet_chksum
                0x100048c8        0xc CMakeFiles/pico_w_webserver.dir/D_/programs/Pico_Installer/pico-sdk/lib/lwip/src/core/inet_chksum.c.obj
                0x100048c8                inet_chksum
 .text.inet_chksum_pbuf
                0x100048d4       0x52 CMakeFiles/pico_w_webserver.dir/D_/programs/Pico_Installer/pico-sdk/lib/lwip/src/core/inet_chksum.c.obj
                0x100048d4                inet_chksum_pbuf
 *fill*         0x10004926        0x2 
 .text.ptr_to_mem
                0x10004928        0xc CMakeFiles/pico_w_webserver.dir/D_/programs/Pico_Installer/pico-sdk/lib/lwip/src/core/mem.c.obj
 .text.mem_to_ptr
                0x10004934       0x10 CMakeFiles/pico_w_webserver.dir/D_/programs/Pico_Installer/pico-sdk/lib/lwip/src/core/mem.c.obj
 .text.mem_link_valid
                0x10004944       0x5c CMakeFiles/pico_w_webserver.dir/D_/programs/Pico_Installer/pico-sdk/lib/lwip/src/core/mem.c.obj
 .text.plug_holes
                0x100049a0       0xd4 CMakeFiles/pico_w_webserver.dir/D_/programs/Pico_Installer/pico-sdk/lib/lwip/src/core/mem.c.obj
 .text.mem_init
                0x10004a74       0x44 CMakeFiles/pico_w_webserver.dir/D_/programs/Pico_Installer/pico-sdk/lib/lwip/src/core/mem.c.obj
                0x10004a74                mem_init
 .text.mem_free
                0x10004ab8       0x84 CMakeFiles/pico_w_webserver.dir/D_/programs/Pico_Installer/pico-sdk/lib/lwip/src/core/mem.c.obj
                0x10004ab8                mem_free
 .text.mem_trim
                0x10004b3c      0x134 CMakeFiles/pico_w_webserver.dir/D_/programs/Pico_Installer/pico-sdk/lib/lwip/src/core/mem.c.obj
                0x10004b3c                mem_trim
 .text.mem_malloc
                0x10004c70      0x134 CMakeFiles/pico_w_webserver.dir/D_/programs/Pico_Installer/pico-sdk/lib/lwip/src/core/mem.c.obj
                0x10004c70                mem_malloc
 .text.do_memp_malloc_pool
                0x10004da4       0x30 CMakeFiles/pico_w_webserver.dir/D_/programs/Pico_Installer/pico-sdk/lib/lwip/src/core/memp.c.obj
 .text.do_memp_free_pool
                0x10004dd4       0x28 CMakeFiles/pico_w_webserver.dir/D_/programs/Pico_Installer/pico-sdk/lib/lwip/src/core/memp.c.obj
 .text.memp_init_pool
                0x10004dfc       0x2a CMakeFiles/pico_w_webserver.dir/D_/programs/Pico_Installer/pico-sdk/lib/lwip/src/core/memp.c.obj
                0x10004dfc                memp_init_pool
 *fill*         0x10004e26        0x2 
 .text.memp_init
                0x10004e28       0x20 CMakeFiles/pico_w_webserver.dir/D_/programs/Pico_Installer/pico-sdk/lib/lwip/src/core/memp.c.obj
                0x10004e28                memp_init
 .text.memp_malloc
                0x10004e48       0x24 CMakeFiles/pico_w_webserver.dir/D_/programs/Pico_Installer/pico-sdk/lib/lwip/src/core/memp.c.obj
                0x10004e48                memp_malloc
 .text.memp_free
                0x10004e6c       0x28 CMakeFiles/pico_w_webserver.dir/D_/programs/Pico_Installer/pico-sdk/lib/lwip/src/core/memp.c.obj
                0x10004e6c                memp_free
 .text.netif_do_set_netmask
                0x10004e94       0x1a CMakeFiles/pico_w_webserver.dir/D_/programs/Pico_Installer/pico-sdk/lib/lwip/src/core/netif.c.obj
 .text.netif_do_set_gw
                0x10004eae       0x1a CMakeFiles/pico_w_webserver.dir/D_/programs/Pico_Installer/pico-sdk/lib/lwip/src/core/netif.c.obj
 .text.netif_null_output_ip4
                0x10004ec8        0x6 CMakeFiles/pico_w_webserver.dir/D_/programs/Pico_Installer/pico-sdk/lib/lwip/src/core/netif.c.obj
 .text.netif_do_ip_addr_changed
                0x10004ece       0x1c CMakeFiles/pico_w_webserver.dir/D_/programs/Pico_Installer/pico-sdk/lib/lwip/src/core/netif.c.obj
 *fill*         0x10004eea        0x2 
 .text.netif_issue_reports
                0x10004eec       0x34 CMakeFiles/pico_w_webserver.dir/D_/programs/Pico_Installer/pico-sdk/lib/lwip/src/core/netif.c.obj
 .text.netif_do_set_ipaddr
                0x10004f20       0x54 CMakeFiles/pico_w_webserver.dir/D_/programs/Pico_Installer/pico-sdk/lib/lwip/src/core/netif.c.obj
 .text.netif_init
                0x10004f74        0x2 CMakeFiles/pico_w_webserver.dir/D_/programs/Pico_Installer/pico-sdk/lib/lwip/src/core/netif.c.obj
                0x10004f74                netif_init
 *fill*         0x10004f76        0x2 
 .text.netif_set_addr
                0x10004f78       0x78 CMakeFiles/pico_w_webserver.dir/D_/programs/Pico_Installer/pico-sdk/lib/lwip/src/core/netif.c.obj
                0x10004f78                netif_set_addr
 .text.netif_add
                0x10004ff0      0x124 CMakeFiles/pico_w_webserver.dir/D_/programs/Pico_Installer/pico-sdk/lib/lwip/src/core/netif.c.obj
                0x10004ff0                netif_add
 .text.netif_set_default
                0x10005114        0xc CMakeFiles/pico_w_webserver.dir/D_/programs/Pico_Installer/pico-sdk/lib/lwip/src/core/netif.c.obj
                0x10005114                netif_set_default
 .text.netif_set_up
                0x10005120       0x34 CMakeFiles/pico_w_webserver.dir/D_/programs/Pico_Installer/pico-sdk/lib/lwip/src/core/netif.c.obj
                0x10005120                netif_set_up
 .text.netif_set_down
                0x10005154       0x38 CMakeFiles/pico_w_webserver.dir/D_/programs/Pico_Installer/pico-sdk/lib/lwip/src/core/netif.c.obj
                0x10005154                netif_set_down
 .text.netif_remove
                0x1000518c       0x64 CMakeFiles/pico_w_webserver.dir/D_/programs/Pico_Installer/pico-sdk/lib/lwip/src/core/netif.c.obj
                0x1000518c                netif_remove
 .text.netif_set_link_up
                0x100051f0       0x3c CMakeFiles/pico_w_webserver.dir/D_/programs/Pico_Installer/pico-sdk/lib/lwip/src/core/netif.c.obj
                0x100051f0                netif_set_link_up
 .text.netif_set_link_down
                0x1000522c       0x2c CMakeFiles/pico_w_webserver.dir/D_/programs/Pico_Installer/pico-sdk/lib/lwip/src/core/netif.c.obj
                0x1000522c                netif_set_link_down
 .text.netif_get_by_index
                0x10005258       0x24 CMakeFiles/pico_w_webserver.dir/D_/programs/Pico_Installer/pico-sdk/lib/lwip/src/core/netif.c.obj
                0x10005258                netif_get_by_index
 .text.pbuf_init_alloced_pbuf
                0x1000527c       0x20 CMakeFiles/pico_w_webserver.dir/D_/programs/Pico_Installer/pico-sdk/lib/lwip/src/core/pbuf.c.obj
 .text.pbuf_skip_const
                0x1000529c       0x1a CMakeFiles/pico_w_webserver.dir/D_/programs/Pico_Installer/pico-sdk/lib/lwip/src/core/pbuf.c.obj
 *fill*         0x100052b6        0x2 
 .text.pbuf_pool_is_empty
                0x100052b8       0x18 CMakeFiles/pico_w_webserver.dir/D_/programs/Pico_Installer/pico-sdk/lib/lwip/src/core/pbuf.c.obj
 .text.pbuf_add_header_impl
                0x100052d0       0x68 CMakeFiles/pico_w_webserver.dir/D_/programs/Pico_Installer/pico-sdk/lib/lwip/src/core/pbuf.c.obj
 .text.pbuf_free_ooseq
                0x10005338       0x30 CMakeFiles/pico_w_webserver.dir/D_/programs/Pico_Installer/pico-sdk/lib/lwip/src/core/pbuf.c.obj
                0x10005338                pbuf_free_ooseq
 .text.pbuf_alloc_reference
                0x10005368       0x3c CMakeFiles/pico_w_webserver.dir/D_/programs/Pico_Installer/pico-sdk/lib/lwip/src/core/pbuf.c.obj
                0x10005368                pbuf_alloc_reference
 .text.pbuf_add_header
                0x100053a4        0xa CMakeFiles/pico_w_webserver.dir/D_/programs/Pico_Installer/pico-sdk/lib/lwip/src/core/pbuf.c.obj
                0x100053a4                pbuf_add_header
 *fill*         0x100053ae        0x2 
 .text.pbuf_remove_header
                0x100053b0       0x50 CMakeFiles/pico_w_webserver.dir/D_/programs/Pico_Installer/pico-sdk/lib/lwip/src/core/pbuf.c.obj
                0x100053b0                pbuf_remove_header
 .text.pbuf_header_impl
                0x10005400       0x14 CMakeFiles/pico_w_webserver.dir/D_/programs/Pico_Installer/pico-sdk/lib/lwip/src/core/pbuf.c.obj
 .text.pbuf_header_force
                0x10005414        0xa CMakeFiles/pico_w_webserver.dir/D_/programs/Pico_Installer/pico-sdk/lib/lwip/src/core/pbuf.c.obj
                0x10005414                pbuf_header_force
 *fill*         0x1000541e        0x2 
 .text.pbuf_free
                0x10005420       0x7c CMakeFiles/pico_w_webserver.dir/D_/programs/Pico_Installer/pico-sdk/lib/lwip/src/core/pbuf.c.obj
                0x10005420                pbuf_free
 .text.pbuf_alloc
                0x1000549c      0x148 CMakeFiles/pico_w_webserver.dir/D_/programs/Pico_Installer/pico-sdk/lib/lwip/src/core/pbuf.c.obj
                0x1000549c                pbuf_alloc
 .text.pbuf_realloc
                0x100055e4       0x84 CMakeFiles/pico_w_webserver.dir/D_/programs/Pico_Installer/pico-sdk/lib/lwip/src/core/pbuf.c.obj
                0x100055e4                pbuf_realloc
 .text.pbuf_clen
                0x10005668       0x12 CMakeFiles/pico_w_webserver.dir/D_/programs/Pico_Installer/pico-sdk/lib/lwip/src/core/pbuf.c.obj
                0x10005668                pbuf_clen
 *fill*         0x1000567a        0x2 
 .text.pbuf_ref
                0x1000567c       0x28 CMakeFiles/pico_w_webserver.dir/D_/programs/Pico_Installer/pico-sdk/lib/lwip/src/core/pbuf.c.obj
                0x1000567c                pbuf_ref
 .text.pbuf_cat
                0x100056a4       0x44 CMakeFiles/pico_w_webserver.dir/D_/programs/Pico_Installer/pico-sdk/lib/lwip/src/core/pbuf.c.obj
                0x100056a4                pbuf_cat
 .text.pbuf_chain
                0x100056e8       0x10 CMakeFiles/pico_w_webserver.dir/D_/programs/Pico_Installer/pico-sdk/lib/lwip/src/core/pbuf.c.obj
                0x100056e8                pbuf_chain
 .text.pbuf_copy_partial_pbuf
                0x100056f8      0x13c CMakeFiles/pico_w_webserver.dir/D_/programs/Pico_Installer/pico-sdk/lib/lwip/src/core/pbuf.c.obj
                0x100056f8                pbuf_copy_partial_pbuf
 .text.pbuf_copy
                0x10005834       0x20 CMakeFiles/pico_w_webserver.dir/D_/programs/Pico_Installer/pico-sdk/lib/lwip/src/core/pbuf.c.obj
                0x10005834                pbuf_copy
 .text.pbuf_copy_partial
                0x10005854       0x90 CMakeFiles/pico_w_webserver.dir/D_/programs/Pico_Installer/pico-sdk/lib/lwip/src/core/pbuf.c.obj
                0x10005854                pbuf_copy_partial
 .text.pbuf_skip
                0x100058e4        0x8 CMakeFiles/pico_w_webserver.dir/D_/programs/Pico_Installer/pico-sdk/lib/lwip/src/core/pbuf.c.obj
                0x100058e4                pbuf_skip
 .text.pbuf_take
                0x100058ec       0x98 CMakeFiles/pico_w_webserver.dir/D_/programs/Pico_Installer/pico-sdk/lib/lwip/src/core/pbuf.c.obj
                0x100058ec                pbuf_take
 .text.pbuf_take_at
                0x10005984       0x70 CMakeFiles/pico_w_webserver.dir/D_/programs/Pico_Installer/pico-sdk/lib/lwip/src/core/pbuf.c.obj
                0x10005984                pbuf_take_at
 .text.pbuf_clone
                0x100059f4       0x2c CMakeFiles/pico_w_webserver.dir/D_/programs/Pico_Installer/pico-sdk/lib/lwip/src/core/pbuf.c.obj
                0x100059f4                pbuf_clone
 .text.pbuf_put_at
                0x10005a20       0x26 CMakeFiles/pico_w_webserver.dir/D_/programs/Pico_Installer/pico-sdk/lib/lwip/src/core/pbuf.c.obj
                0x10005a20                pbuf_put_at
 *fill*         0x10005a46        0x2 
 .text.raw_input_local_match
                0x10005a48       0x5c CMakeFiles/pico_w_webserver.dir/D_/programs/Pico_Installer/pico-sdk/lib/lwip/src/core/raw.c.obj
 .text.raw_input
                0x10005aa4       0xb0 CMakeFiles/pico_w_webserver.dir/D_/programs/Pico_Installer/pico-sdk/lib/lwip/src/core/raw.c.obj
                0x10005aa4                raw_input
 .text.raw_netif_ip_addr_changed
                0x10005b54       0x38 CMakeFiles/pico_w_webserver.dir/D_/programs/Pico_Installer/pico-sdk/lib/lwip/src/core/raw.c.obj
                0x10005b54                raw_netif_ip_addr_changed
 .text.stats_init
                0x10005b8c        0x2 CMakeFiles/pico_w_webserver.dir/D_/programs/Pico_Installer/pico-sdk/lib/lwip/src/core/stats.c.obj
                0x10005b8c                stats_init
 *fill*         0x10005b8e        0x2 
 .text.tcp_new_port
                0x10005b90       0x6c CMakeFiles/pico_w_webserver.dir/D_/programs/Pico_Installer/pico-sdk/lib/lwip/src/core/tcp.c.obj
 .text.tcp_remove_listener
                0x10005bfc       0x24 CMakeFiles/pico_w_webserver.dir/D_/programs/Pico_Installer/pico-sdk/lib/lwip/src/core/tcp.c.obj
 .text.tcp_listen_closed
                0x10005c20       0x40 CMakeFiles/pico_w_webserver.dir/D_/programs/Pico_Installer/pico-sdk/lib/lwip/src/core/tcp.c.obj
 .text.tcp_free_listen
                0x10005c60       0x1c CMakeFiles/pico_w_webserver.dir/D_/programs/Pico_Installer/pico-sdk/lib/lwip/src/core/tcp.c.obj
 .text.tcp_close_shutdown_fin
                0x10005c7c       0x68 CMakeFiles/pico_w_webserver.dir/D_/programs/Pico_Installer/pico-sdk/lib/lwip/src/core/tcp.c.obj
 .text.tcp_handle_closepend
                0x10005ce4       0x28 CMakeFiles/pico_w_webserver.dir/D_/programs/Pico_Installer/pico-sdk/lib/lwip/src/core/tcp.c.obj
 .text.tcp_init
                0x10005d0c       0x20 CMakeFiles/pico_w_webserver.dir/D_/programs/Pico_Installer/pico-sdk/lib/lwip/src/core/tcp.c.obj
                0x10005d0c                tcp_init
 .text.tcp_free
                0x10005d2c       0x1c CMakeFiles/pico_w_webserver.dir/D_/programs/Pico_Installer/pico-sdk/lib/lwip/src/core/tcp.c.obj
                0x10005d2c                tcp_free
 .text.tcp_bind
                0x10005d48       0xc8 CMakeFiles/pico_w_webserver.dir/D_/programs/Pico_Installer/pico-sdk/lib/lwip/src/core/tcp.c.obj
                0x10005d48                tcp_bind
 .text.tcp_listen_with_backlog_and_err
                0x10005e10       0xd0 CMakeFiles/pico_w_webserver.dir/D_/programs/Pico_Installer/pico-sdk/lib/lwip/src/core/tcp.c.obj
                0x10005e10                tcp_listen_with_backlog_and_err
 .text.tcp_listen_with_backlog
                0x10005ee0        0xa CMakeFiles/pico_w_webserver.dir/D_/programs/Pico_Installer/pico-sdk/lib/lwip/src/core/tcp.c.obj
                0x10005ee0                tcp_listen_with_backlog
 *fill*         0x10005eea        0x2 
 .text.tcp_update_rcv_ann_wnd
                0x10005eec       0x58 CMakeFiles/pico_w_webserver.dir/D_/programs/Pico_Installer/pico-sdk/lib/lwip/src/core/tcp.c.obj
                0x10005eec                tcp_update_rcv_ann_wnd
 .text.tcp_recved
                0x10005f44       0x60 CMakeFiles/pico_w_webserver.dir/D_/programs/Pico_Installer/pico-sdk/lib/lwip/src/core/tcp.c.obj
                0x10005f44                tcp_recved
 .text.tcp_seg_free
                0x10005fa4       0x1a CMakeFiles/pico_w_webserver.dir/D_/programs/Pico_Installer/pico-sdk/lib/lwip/src/core/tcp.c.obj
                0x10005fa4                tcp_seg_free
 .text.tcp_segs_free
                0x10005fbe       0x12 CMakeFiles/pico_w_webserver.dir/D_/programs/Pico_Installer/pico-sdk/lib/lwip/src/core/tcp.c.obj
                0x10005fbe                tcp_segs_free
 .text.tcp_setprio
                0x10005fd0       0x18 CMakeFiles/pico_w_webserver.dir/D_/programs/Pico_Installer/pico-sdk/lib/lwip/src/core/tcp.c.obj
                0x10005fd0                tcp_setprio
 .text.tcp_seg_copy
                0x10005fe8       0x2c CMakeFiles/pico_w_webserver.dir/D_/programs/Pico_Installer/pico-sdk/lib/lwip/src/core/tcp.c.obj
                0x10005fe8                tcp_seg_copy
 .text.tcp_arg  0x10006014        0x8 CMakeFiles/pico_w_webserver.dir/D_/programs/Pico_Installer/pico-sdk/lib/lwip/src/core/tcp.c.obj
                0x10006014                tcp_arg
 .text.tcp_recv
                0x1000601c       0x1c CMakeFiles/pico_w_webserver.dir/D_/programs/Pico_Installer/pico-sdk/lib/lwip/src/core/tcp.c.obj
                0x1000601c                tcp_recv
 .text.tcp_sent
                0x10006038       0x1c CMakeFiles/pico_w_webserver.dir/D_/programs/Pico_Installer/pico-sdk/lib/lwip/src/core/tcp.c.obj
                0x10006038                tcp_sent
 .text.tcp_err  0x10006054       0x1c CMakeFiles/pico_w_webserver.dir/D_/programs/Pico_Installer/pico-sdk/lib/lwip/src/core/tcp.c.obj
                0x10006054                tcp_err
 .text.tcp_accept
                0x10006070       0x10 CMakeFiles/pico_w_webserver.dir/D_/programs/Pico_Installer/pico-sdk/lib/lwip/src/core/tcp.c.obj
                0x10006070                tcp_accept
 .text.tcp_poll
                0x10006080       0x2c CMakeFiles/pico_w_webserver.dir/D_/programs/Pico_Installer/pico-sdk/lib/lwip/src/core/tcp.c.obj
                0x10006080                tcp_poll
 .text.tcp_next_iss
                0x100060ac       0x28 CMakeFiles/pico_w_webserver.dir/D_/programs/Pico_Installer/pico-sdk/lib/lwip/src/core/tcp.c.obj
                0x100060ac                tcp_next_iss
 .text.tcp_eff_send_mss_netif
                0x100060d4       0x34 CMakeFiles/pico_w_webserver.dir/D_/programs/Pico_Installer/pico-sdk/lib/lwip/src/core/tcp.c.obj
                0x100060d4                tcp_eff_send_mss_netif
 .text.tcp_free_ooseq
                0x10006108       0x14 CMakeFiles/pico_w_webserver.dir/D_/programs/Pico_Installer/pico-sdk/lib/lwip/src/core/tcp.c.obj
                0x10006108                tcp_free_ooseq
 .text.tcp_pcb_purge
                0x1000611c       0x58 CMakeFiles/pico_w_webserver.dir/D_/programs/Pico_Installer/pico-sdk/lib/lwip/src/core/tcp.c.obj
                0x1000611c                tcp_pcb_purge
 .text.tcp_pcb_remove
                0x10006174       0xa4 CMakeFiles/pico_w_webserver.dir/D_/programs/Pico_Installer/pico-sdk/lib/lwip/src/core/tcp.c.obj
                0x10006174                tcp_pcb_remove
 .text.tcp_abandon
                0x10006218      0x10c CMakeFiles/pico_w_webserver.dir/D_/programs/Pico_Installer/pico-sdk/lib/lwip/src/core/tcp.c.obj
                0x10006218                tcp_abandon
 .text.tcp_abort
                0x10006324        0xa CMakeFiles/pico_w_webserver.dir/D_/programs/Pico_Installer/pico-sdk/lib/lwip/src/core/tcp.c.obj
                0x10006324                tcp_abort
 *fill*         0x1000632e        0x2 
 .text.tcp_accept_null
                0x10006330       0x1c CMakeFiles/pico_w_webserver.dir/D_/programs/Pico_Installer/pico-sdk/lib/lwip/src/core/tcp.c.obj
 .text.tcp_kill_timewait
                0x1000634c       0x38 CMakeFiles/pico_w_webserver.dir/D_/programs/Pico_Installer/pico-sdk/lib/lwip/src/core/tcp.c.obj
 .text.tcp_kill_prio
                0x10006384       0x58 CMakeFiles/pico_w_webserver.dir/D_/programs/Pico_Installer/pico-sdk/lib/lwip/src/core/tcp.c.obj
 .text.tcp_netif_ip_addr_changed_pcblist
                0x100063dc       0x30 CMakeFiles/pico_w_webserver.dir/D_/programs/Pico_Installer/pico-sdk/lib/lwip/src/core/tcp.c.obj
 .text.tcp_netif_ip_addr_changed
                0x1000640c       0x54 CMakeFiles/pico_w_webserver.dir/D_/programs/Pico_Installer/pico-sdk/lib/lwip/src/core/tcp.c.obj
                0x1000640c                tcp_netif_ip_addr_changed
 .text.tcp_kill_state
                0x10006460       0x54 CMakeFiles/pico_w_webserver.dir/D_/programs/Pico_Installer/pico-sdk/lib/lwip/src/core/tcp.c.obj
 .text.tcp_alloc
                0x100064b4       0xcc CMakeFiles/pico_w_webserver.dir/D_/programs/Pico_Installer/pico-sdk/lib/lwip/src/core/tcp.c.obj
                0x100064b4                tcp_alloc
 .text.tcp_new_ip_type
                0x10006580        0xa CMakeFiles/pico_w_webserver.dir/D_/programs/Pico_Installer/pico-sdk/lib/lwip/src/core/tcp.c.obj
                0x10006580                tcp_new_ip_type
 *fill*         0x1000658a        0x2 
 .text.tcp_close_shutdown
                0x1000658c      0x13c CMakeFiles/pico_w_webserver.dir/D_/programs/Pico_Installer/pico-sdk/lib/lwip/src/core/tcp.c.obj
 .text.tcp_close
                0x100066c8       0x2c CMakeFiles/pico_w_webserver.dir/D_/programs/Pico_Installer/pico-sdk/lib/lwip/src/core/tcp.c.obj
                0x100066c8                tcp_close
 .text.tcp_recv_null
                0x100066f4       0x3c CMakeFiles/pico_w_webserver.dir/D_/programs/Pico_Installer/pico-sdk/lib/lwip/src/core/tcp.c.obj
                0x100066f4                tcp_recv_null
 .text.tcp_process_refused_data
                0x10006730       0x88 CMakeFiles/pico_w_webserver.dir/D_/programs/Pico_Installer/pico-sdk/lib/lwip/src/core/tcp.c.obj
                0x10006730                tcp_process_refused_data
 .text.tcp_fasttmr
                0x100067b8       0x80 CMakeFiles/pico_w_webserver.dir/D_/programs/Pico_Installer/pico-sdk/lib/lwip/src/core/tcp.c.obj
                0x100067b8                tcp_fasttmr
 .text.tcp_slowtmr
                0x10006838      0x44c CMakeFiles/pico_w_webserver.dir/D_/programs/Pico_Installer/pico-sdk/lib/lwip/src/core/tcp.c.obj
                0x10006838                tcp_slowtmr
 .text.tcp_tmr  0x10006c84       0x20 CMakeFiles/pico_w_webserver.dir/D_/programs/Pico_Installer/pico-sdk/lib/lwip/src/core/tcp.c.obj
                0x10006c84                tcp_tmr
 .text.tcp_get_next_optbyte
                0x10006ca4       0x40 CMakeFiles/pico_w_webserver.dir/D_/programs/Pico_Installer/pico-sdk/lib/lwip/src/core/tcp_in.c.obj
 .text.tcp_parseopt
                0x10006ce4       0x9c CMakeFiles/pico_w_webserver.dir/D_/programs/Pico_Installer/pico-sdk/lib/lwip/src/core/tcp_in.c.obj
 .text.tcp_input_delayed_close
                0x10006d80       0x4c CMakeFiles/pico_w_webserver.dir/D_/programs/Pico_Installer/pico-sdk/lib/lwip/src/core/tcp_in.c.obj
 .text.tcp_timewait_input
                0x10006dcc       0xa0 CMakeFiles/pico_w_webserver.dir/D_/programs/Pico_Installer/pico-sdk/lib/lwip/src/core/tcp_in.c.obj
 .text.tcp_listen_input
                0x10006e6c      0x15c CMakeFiles/pico_w_webserver.dir/D_/programs/Pico_Installer/pico-sdk/lib/lwip/src/core/tcp_in.c.obj
 .text.tcp_free_acked_segments
                0x10006fc8       0xc0 CMakeFiles/pico_w_webserver.dir/D_/programs/Pico_Installer/pico-sdk/lib/lwip/src/core/tcp_in.c.obj
 .text.tcp_oos_insert_segment
                0x10007088       0xd4 CMakeFiles/pico_w_webserver.dir/D_/programs/Pico_Installer/pico-sdk/lib/lwip/src/core/tcp_in.c.obj
 .text.tcp_receive
                0x1000715c      0x9f0 CMakeFiles/pico_w_webserver.dir/D_/programs/Pico_Installer/pico-sdk/lib/lwip/src/core/tcp_in.c.obj
 .text.tcp_process
                0x10007b4c      0x55c CMakeFiles/pico_w_webserver.dir/D_/programs/Pico_Installer/pico-sdk/lib/lwip/src/core/tcp_in.c.obj
 .text.tcp_input
                0x100080a8      0x674 CMakeFiles/pico_w_webserver.dir/D_/programs/Pico_Installer/pico-sdk/lib/lwip/src/core/tcp_in.c.obj
                0x100080a8                tcp_input
 .text.tcp_trigger_input_pcb_close
                0x1000871c       0x10 CMakeFiles/pico_w_webserver.dir/D_/programs/Pico_Installer/pico-sdk/lib/lwip/src/core/tcp_in.c.obj
                0x1000871c                tcp_trigger_input_pcb_close
 .text.tcp_write_checks
                0x1000872c       0xa8 CMakeFiles/pico_w_webserver.dir/D_/programs/Pico_Installer/pico-sdk/lib/lwip/src/core/tcp_out.c.obj
 .text.tcp_output_segment_busy
                0x100087d4       0x20 CMakeFiles/pico_w_webserver.dir/D_/programs/Pico_Installer/pico-sdk/lib/lwip/src/core/tcp_out.c.obj
 .text.tcp_output_fill_options
                0x100087f4       0x30 CMakeFiles/pico_w_webserver.dir/D_/programs/Pico_Installer/pico-sdk/lib/lwip/src/core/tcp_out.c.obj
 .text.tcp_pbuf_prealloc
                0x10008824       0x4c CMakeFiles/pico_w_webserver.dir/D_/programs/Pico_Installer/pico-sdk/lib/lwip/src/core/tcp_out.c.obj
 .text.tcp_create_segment
                0x10008870       0xf4 CMakeFiles/pico_w_webserver.dir/D_/programs/Pico_Installer/pico-sdk/lib/lwip/src/core/tcp_out.c.obj
 .text.tcp_output_alloc_header_common
                0x10008964       0xd0 CMakeFiles/pico_w_webserver.dir/D_/programs/Pico_Installer/pico-sdk/lib/lwip/src/core/tcp_out.c.obj
 .text.tcp_output_alloc_header
                0x10008a34       0x3c CMakeFiles/pico_w_webserver.dir/D_/programs/Pico_Installer/pico-sdk/lib/lwip/src/core/tcp_out.c.obj
 .text.tcp_rst_common
                0x10008a70       0x68 CMakeFiles/pico_w_webserver.dir/D_/programs/Pico_Installer/pico-sdk/lib/lwip/src/core/tcp_out.c.obj
 .text.tcp_route
                0x10008ad8       0x1a CMakeFiles/pico_w_webserver.dir/D_/programs/Pico_Installer/pico-sdk/lib/lwip/src/core/tcp_out.c.obj
 *fill*         0x10008af2        0x2 
 .text.tcp_output_segment
                0x10008af4      0x168 CMakeFiles/pico_w_webserver.dir/D_/programs/Pico_Installer/pico-sdk/lib/lwip/src/core/tcp_out.c.obj
 .text.tcp_output_control_segment_netif
                0x10008c5c       0x84 CMakeFiles/pico_w_webserver.dir/D_/programs/Pico_Installer/pico-sdk/lib/lwip/src/core/tcp_out.c.obj
 .text.tcp_output_control_segment
                0x10008ce0       0x44 CMakeFiles/pico_w_webserver.dir/D_/programs/Pico_Installer/pico-sdk/lib/lwip/src/core/tcp_out.c.obj
 .text.tcp_write
                0x10008d24      0x368 CMakeFiles/pico_w_webserver.dir/D_/programs/Pico_Installer/pico-sdk/lib/lwip/src/core/tcp_out.c.obj
                0x10008d24                tcp_write
 .text.tcp_split_unsent_seg
                0x1000908c      0x1f8 CMakeFiles/pico_w_webserver.dir/D_/programs/Pico_Installer/pico-sdk/lib/lwip/src/core/tcp_out.c.obj
                0x1000908c                tcp_split_unsent_seg
 .text.tcp_enqueue_flags
                0x10009284      0x11c CMakeFiles/pico_w_webserver.dir/D_/programs/Pico_Installer/pico-sdk/lib/lwip/src/core/tcp_out.c.obj
                0x10009284                tcp_enqueue_flags
 .text.tcp_send_fin
                0x100093a0       0x68 CMakeFiles/pico_w_webserver.dir/D_/programs/Pico_Installer/pico-sdk/lib/lwip/src/core/tcp_out.c.obj
                0x100093a0                tcp_send_fin
 .text.tcp_rexmit_rto_prepare
                0x10009408       0xac CMakeFiles/pico_w_webserver.dir/D_/programs/Pico_Installer/pico-sdk/lib/lwip/src/core/tcp_out.c.obj
                0x10009408                tcp_rexmit_rto_prepare
 .text.tcp_rexmit
                0x100094b4       0xa4 CMakeFiles/pico_w_webserver.dir/D_/programs/Pico_Installer/pico-sdk/lib/lwip/src/core/tcp_out.c.obj
                0x100094b4                tcp_rexmit
 .text.tcp_rexmit_fast
                0x10009558       0x68 CMakeFiles/pico_w_webserver.dir/D_/programs/Pico_Installer/pico-sdk/lib/lwip/src/core/tcp_out.c.obj
                0x10009558                tcp_rexmit_fast
 .text.tcp_rst  0x100095c0       0x32 CMakeFiles/pico_w_webserver.dir/D_/programs/Pico_Installer/pico-sdk/lib/lwip/src/core/tcp_out.c.obj
                0x100095c0                tcp_rst
 .text.tcp_rst_netif
                0x100095f2       0x38 CMakeFiles/pico_w_webserver.dir/D_/programs/Pico_Installer/pico-sdk/lib/lwip/src/core/tcp_out.c.obj
                0x100095f2                tcp_rst_netif
 *fill*         0x1000962a        0x2 
 .text.tcp_send_empty_ack
                0x1000962c       0x64 CMakeFiles/pico_w_webserver.dir/D_/programs/Pico_Installer/pico-sdk/lib/lwip/src/core/tcp_out.c.obj
                0x1000962c                tcp_send_empty_ack
 .text.tcp_output
                0x10009690      0x338 CMakeFiles/pico_w_webserver.dir/D_/programs/Pico_Installer/pico-sdk/lib/lwip/src/core/tcp_out.c.obj
                0x10009690                tcp_output
 .text.tcp_rexmit_rto_commit
                0x100099c8       0x24 CMakeFiles/pico_w_webserver.dir/D_/programs/Pico_Installer/pico-sdk/lib/lwip/src/core/tcp_out.c.obj
                0x100099c8                tcp_rexmit_rto_commit
 .text.tcp_rexmit_rto
                0x100099ec       0x24 CMakeFiles/pico_w_webserver.dir/D_/programs/Pico_Installer/pico-sdk/lib/lwip/src/core/tcp_out.c.obj
                0x100099ec                tcp_rexmit_rto
 .text.tcp_keepalive
                0x10009a10       0x48 CMakeFiles/pico_w_webserver.dir/D_/programs/Pico_Installer/pico-sdk/lib/lwip/src/core/tcp_out.c.obj
                0x10009a10                tcp_keepalive
 .text.tcp_zero_window_probe
                0x10009a58      0x10c CMakeFiles/pico_w_webserver.dir/D_/programs/Pico_Installer/pico-sdk/lib/lwip/src/core/tcp_out.c.obj
                0x10009a58                tcp_zero_window_probe
 .text.sys_timeout_abs
                0x10009b64       0x60 CMakeFiles/pico_w_webserver.dir/D_/programs/Pico_Installer/pico-sdk/lib/lwip/src/core/timeouts.c.obj
 .text.lwip_cyclic_timer
                0x10009bc4       0x38 CMakeFiles/pico_w_webserver.dir/D_/programs/Pico_Installer/pico-sdk/lib/lwip/src/core/timeouts.c.obj
 .text.sys_timeout
                0x10009bfc       0x2c CMakeFiles/pico_w_webserver.dir/D_/programs/Pico_Installer/pico-sdk/lib/lwip/src/core/timeouts.c.obj
                0x10009bfc                sys_timeout
 .text.tcp_timer_needed
                0x10009c28       0x40 CMakeFiles/pico_w_webserver.dir/D_/programs/Pico_Installer/pico-sdk/lib/lwip/src/core/timeouts.c.obj
                0x10009c28                tcp_timer_needed
 .text.tcpip_tcp_timer
                0x10009c68       0x3c CMakeFiles/pico_w_webserver.dir/D_/programs/Pico_Installer/pico-sdk/lib/lwip/src/core/timeouts.c.obj
 .text.sys_timeouts_init
                0x10009ca4       0x24 CMakeFiles/pico_w_webserver.dir/D_/programs/Pico_Installer/pico-sdk/lib/lwip/src/core/timeouts.c.obj
                0x10009ca4                sys_timeouts_init
 .text.sys_check_timeouts
                0x10009cc8       0x54 CMakeFiles/pico_w_webserver.dir/D_/programs/Pico_Installer/pico-sdk/lib/lwip/src/core/timeouts.c.obj
                0x10009cc8                sys_check_timeouts
 .text.sys_timeouts_sleeptime
                0x10009d1c       0x34 CMakeFiles/pico_w_webserver.dir/D_/programs/Pico_Installer/pico-sdk/lib/lwip/src/core/timeouts.c.obj
                0x10009d1c                sys_timeouts_sleeptime
 .text.udp_new_port
                0x10009d50       0x54 CMakeFiles/pico_w_webserver.dir/D_/programs/Pico_Installer/pico-sdk/lib/lwip/src/core/udp.c.obj
 .text.udp_input_local_match
                0x10009da4       0x90 CMakeFiles/pico_w_webserver.dir/D_/programs/Pico_Installer/pico-sdk/lib/lwip/src/core/udp.c.obj
 .text.udp_init
                0x10009e34       0x20 CMakeFiles/pico_w_webserver.dir/D_/programs/Pico_Installer/pico-sdk/lib/lwip/src/core/udp.c.obj
                0x10009e34                udp_init
 .text.udp_input
                0x10009e54      0x210 CMakeFiles/pico_w_webserver.dir/D_/programs/Pico_Installer/pico-sdk/lib/lwip/src/core/udp.c.obj
                0x10009e54                udp_input
 .text.udp_bind
                0x1000a064       0xbc CMakeFiles/pico_w_webserver.dir/D_/programs/Pico_Installer/pico-sdk/lib/lwip/src/core/udp.c.obj
                0x1000a064                udp_bind
 .text.udp_sendto_if_src
                0x1000a120      0x17c CMakeFiles/pico_w_webserver.dir/D_/programs/Pico_Installer/pico-sdk/lib/lwip/src/core/udp.c.obj
                0x1000a120                udp_sendto_if_src
 .text.udp_sendto_if
                0x1000a29c       0x84 CMakeFiles/pico_w_webserver.dir/D_/programs/Pico_Installer/pico-sdk/lib/lwip/src/core/udp.c.obj
                0x1000a29c                udp_sendto_if
 .text.udp_sendto
                0x1000a320       0x84 CMakeFiles/pico_w_webserver.dir/D_/programs/Pico_Installer/pico-sdk/lib/lwip/src/core/udp.c.obj
                0x1000a320                udp_sendto
 .text.udp_connect
                0x1000a3a4       0x74 CMakeFiles/pico_w_webserver.dir/D_/programs/Pico_Installer/pico-sdk/lib/lwip/src/core/udp.c.obj
                0x1000a3a4                udp_connect
 .text.udp_recv
                0x1000a418       0x18 CMakeFiles/pico_w_webserver.dir/D_/programs/Pico_Installer/pico-sdk/lib/lwip/src/core/udp.c.obj
                0x1000a418                udp_recv
 .text.udp_remove
                0x1000a430       0x44 CMakeFiles/pico_w_webserver.dir/D_/programs/Pico_Installer/pico-sdk/lib/lwip/src/core/udp.c.obj
                0x1000a430                udp_remove
 .text.udp_new  0x1000a474       0x1c CMakeFiles/pico_w_webserver.dir/D_/programs/Pico_Installer/pico-sdk/lib/lwip/src/core/udp.c.obj
                0x1000a474                udp_new
 .text.udp_netif_ip_addr_changed
                0x1000a490       0x38 CMakeFiles/pico_w_webserver.dir/D_/programs/Pico_Installer/pico-sdk/lib/lwip/src/core/udp.c.obj
                0x1000a490                udp_netif_ip_addr_changed
 .text.dhcp_set_state
                0x1000a4c8       0x10 CMakeFiles/pico_w_webserver.dir/D_/programs/Pico_Installer/pico-sdk/lib/lwip/src/core/ipv4/dhcp.c.obj
 .text.dhcp_option_short
                0x1000a4d8       0x24 CMakeFiles/pico_w_webserver.dir/D_/programs/Pico_Installer/pico-sdk/lib/lwip/src/core/ipv4/dhcp.c.obj
 .text.dhcp_option
                0x1000a4fc       0x24 CMakeFiles/pico_w_webserver.dir/D_/programs/Pico_Installer/pico-sdk/lib/lwip/src/core/ipv4/dhcp.c.obj
 .text.dhcp_option_byte
                0x1000a520       0x1c CMakeFiles/pico_w_webserver.dir/D_/programs/Pico_Installer/pico-sdk/lib/lwip/src/core/ipv4/dhcp.c.obj
 .text.dhcp_option_long
                0x1000a53c       0x34 CMakeFiles/pico_w_webserver.dir/D_/programs/Pico_Installer/pico-sdk/lib/lwip/src/core/ipv4/dhcp.c.obj
 .text.dhcp_create_msg
                0x1000a570      0x138 CMakeFiles/pico_w_webserver.dir/D_/programs/Pico_Installer/pico-sdk/lib/lwip/src/core/ipv4/dhcp.c.obj
 .text.dhcp_option_hostname
                0x1000a6a8       0x70 CMakeFiles/pico_w_webserver.dir/D_/programs/Pico_Installer/pico-sdk/lib/lwip/src/core/ipv4/dhcp.c.obj
 .text.dhcp_option_trailer
                0x1000a718       0x30 CMakeFiles/pico_w_webserver.dir/D_/programs/Pico_Installer/pico-sdk/lib/lwip/src/core/ipv4/dhcp.c.obj
 .text.dhcp_rebind
                0x1000a748       0xfc CMakeFiles/pico_w_webserver.dir/D_/programs/Pico_Installer/pico-sdk/lib/lwip/src/core/ipv4/dhcp.c.obj
 .text.dhcp_t2_timeout
                0x1000a844       0x2e CMakeFiles/pico_w_webserver.dir/D_/programs/Pico_Installer/pico-sdk/lib/lwip/src/core/ipv4/dhcp.c.obj
 *fill*         0x1000a872        0x2 
 .text.dhcp_reboot
                0x1000a874      0x120 CMakeFiles/pico_w_webserver.dir/D_/programs/Pico_Installer/pico-sdk/lib/lwip/src/core/ipv4/dhcp.c.obj
 .text.dhcp_select
                0x1000a994      0x16c CMakeFiles/pico_w_webserver.dir/D_/programs/Pico_Installer/pico-sdk/lib/lwip/src/core/ipv4/dhcp.c.obj
 .text.dhcp_handle_offer
                0x1000ab00       0x48 CMakeFiles/pico_w_webserver.dir/D_/programs/Pico_Installer/pico-sdk/lib/lwip/src/core/ipv4/dhcp.c.obj
 .text.dhcp_discover
                0x1000ab48       0xf8 CMakeFiles/pico_w_webserver.dir/D_/programs/Pico_Installer/pico-sdk/lib/lwip/src/core/ipv4/dhcp.c.obj
 .text.dhcp_dec_pcb_refcount
                0x1000ac40       0x38 CMakeFiles/pico_w_webserver.dir/D_/programs/Pico_Installer/pico-sdk/lib/lwip/src/core/ipv4/dhcp.c.obj
 .text.dhcp_inc_pcb_refcount
                0x1000ac78       0x74 CMakeFiles/pico_w_webserver.dir/D_/programs/Pico_Installer/pico-sdk/lib/lwip/src/core/ipv4/dhcp.c.obj
 .text.dhcp_parse_reply
                0x1000acec      0x2fc CMakeFiles/pico_w_webserver.dir/D_/programs/Pico_Installer/pico-sdk/lib/lwip/src/core/ipv4/dhcp.c.obj
 .text.dhcp_handle_ack
                0x1000afe8       0xd0 CMakeFiles/pico_w_webserver.dir/D_/programs/Pico_Installer/pico-sdk/lib/lwip/src/core/ipv4/dhcp.c.obj
 .text.dhcp_bind
                0x1000b0b8      0x104 CMakeFiles/pico_w_webserver.dir/D_/programs/Pico_Installer/pico-sdk/lib/lwip/src/core/ipv4/dhcp.c.obj
 .text.dhcp_handle_nak
                0x1000b1bc       0x24 CMakeFiles/pico_w_webserver.dir/D_/programs/Pico_Installer/pico-sdk/lib/lwip/src/core/ipv4/dhcp.c.obj
 .text.dhcp_recv
                0x1000b1e0       0xf4 CMakeFiles/pico_w_webserver.dir/D_/programs/Pico_Installer/pico-sdk/lib/lwip/src/core/ipv4/dhcp.c.obj
 .text.dhcp_set_struct
                0x1000b2d4       0x44 CMakeFiles/pico_w_webserver.dir/D_/programs/Pico_Installer/pico-sdk/lib/lwip/src/core/ipv4/dhcp.c.obj
                0x1000b2d4                dhcp_set_struct
 .text.dhcp_network_changed_link_up
                0x1000b318       0x40 CMakeFiles/pico_w_webserver.dir/D_/programs/Pico_Installer/pico-sdk/lib/lwip/src/core/ipv4/dhcp.c.obj
                0x1000b318                dhcp_network_changed_link_up
 .text.dhcp_renew
                0x1000b358       0xf8 CMakeFiles/pico_w_webserver.dir/D_/programs/Pico_Installer/pico-sdk/lib/lwip/src/core/ipv4/dhcp.c.obj
                0x1000b358                dhcp_renew
 .text.dhcp_t1_timeout
                0x1000b450       0x2a CMakeFiles/pico_w_webserver.dir/D_/programs/Pico_Installer/pico-sdk/lib/lwip/src/core/ipv4/dhcp.c.obj
 .text.dhcp_supplied_address
                0x1000b47a       0x32 CMakeFiles/pico_w_webserver.dir/D_/programs/Pico_Installer/pico-sdk/lib/lwip/src/core/ipv4/dhcp.c.obj
                0x1000b47a                dhcp_supplied_address
 .text.dhcp_release_and_stop
                0x1000b4ac       0xdc CMakeFiles/pico_w_webserver.dir/D_/programs/Pico_Installer/pico-sdk/lib/lwip/src/core/ipv4/dhcp.c.obj
                0x1000b4ac                dhcp_release_and_stop
 .text.dhcp_start
                0x1000b588       0xac CMakeFiles/pico_w_webserver.dir/D_/programs/Pico_Installer/pico-sdk/lib/lwip/src/core/ipv4/dhcp.c.obj
                0x1000b588                dhcp_start
 .text.dhcp_coarse_tmr
                0x1000b634       0x6c CMakeFiles/pico_w_webserver.dir/D_/programs/Pico_Installer/pico-sdk/lib/lwip/src/core/ipv4/dhcp.c.obj
                0x1000b634                dhcp_coarse_tmr
 .text.dhcp_timeout
                0x1000b6a0       0x4a CMakeFiles/pico_w_webserver.dir/D_/programs/Pico_Installer/pico-sdk/lib/lwip/src/core/ipv4/dhcp.c.obj
 *fill*         0x1000b6ea        0x2 
 .text.dhcp_fine_tmr
                0x1000b6ec       0x38 CMakeFiles/pico_w_webserver.dir/D_/programs/Pico_Installer/pico-sdk/lib/lwip/src/core/ipv4/dhcp.c.obj
                0x1000b6ec                dhcp_fine_tmr
 .text.dhcp_stop
                0x1000b724        0x8 CMakeFiles/pico_w_webserver.dir/D_/programs/Pico_Installer/pico-sdk/lib/lwip/src/core/ipv4/dhcp.c.obj
                0x1000b724                dhcp_stop
 .text.etharp_free_entry
                0x1000b72c       0x4c CMakeFiles/pico_w_webserver.dir/D_/programs/Pico_Installer/pico-sdk/lib/lwip/src/core/ipv4/etharp.c.obj
 .text.etharp_find_entry
                0x1000b778      0x1b0 CMakeFiles/pico_w_webserver.dir/D_/programs/Pico_Installer/pico-sdk/lib/lwip/src/core/ipv4/etharp.c.obj
 .text.etharp_update_arp_entry
                0x1000b928       0xc8 CMakeFiles/pico_w_webserver.dir/D_/programs/Pico_Installer/pico-sdk/lib/lwip/src/core/ipv4/etharp.c.obj
 .text.etharp_raw
                0x1000b9f0       0xf0 CMakeFiles/pico_w_webserver.dir/D_/programs/Pico_Installer/pico-sdk/lib/lwip/src/core/ipv4/etharp.c.obj
 .text.etharp_request_dst
                0x1000bae0       0x24 CMakeFiles/pico_w_webserver.dir/D_/programs/Pico_Installer/pico-sdk/lib/lwip/src/core/ipv4/etharp.c.obj
 .text.etharp_cleanup_netif
                0x1000bb04       0x3c CMakeFiles/pico_w_webserver.dir/D_/programs/Pico_Installer/pico-sdk/lib/lwip/src/core/ipv4/etharp.c.obj
                0x1000bb04                etharp_cleanup_netif
 .text.etharp_input
                0x1000bb40      0x120 CMakeFiles/pico_w_webserver.dir/D_/programs/Pico_Installer/pico-sdk/lib/lwip/src/core/ipv4/etharp.c.obj
                0x1000bb40                etharp_input
 .text.etharp_request
                0x1000bc60       0x10 CMakeFiles/pico_w_webserver.dir/D_/programs/Pico_Installer/pico-sdk/lib/lwip/src/core/ipv4/etharp.c.obj
                0x1000bc60                etharp_request
 .text.etharp_tmr
                0x1000bc70       0x8c CMakeFiles/pico_w_webserver.dir/D_/programs/Pico_Installer/pico-sdk/lib/lwip/src/core/ipv4/etharp.c.obj
                0x1000bc70                etharp_tmr
 .text.etharp_output_to_arp_index
                0x1000bcfc       0xc0 CMakeFiles/pico_w_webserver.dir/D_/programs/Pico_Installer/pico-sdk/lib/lwip/src/core/ipv4/etharp.c.obj
 .text.etharp_query
                0x1000bdbc      0x1d8 CMakeFiles/pico_w_webserver.dir/D_/programs/Pico_Installer/pico-sdk/lib/lwip/src/core/ipv4/etharp.c.obj
                0x1000bdbc                etharp_query
 .text.etharp_output
                0x1000bf94      0x154 CMakeFiles/pico_w_webserver.dir/D_/programs/Pico_Installer/pico-sdk/lib/lwip/src/core/ipv4/etharp.c.obj
                0x1000bf94                etharp_output
 .text.icmp_send_response
                0x1000c0e8       0xd4 CMakeFiles/pico_w_webserver.dir/D_/programs/Pico_Installer/pico-sdk/lib/lwip/src/core/ipv4/icmp.c.obj
 .text.icmp_input
                0x1000c1bc      0x204 CMakeFiles/pico_w_webserver.dir/D_/programs/Pico_Installer/pico-sdk/lib/lwip/src/core/ipv4/icmp.c.obj
                0x1000c1bc                icmp_input
 .text.icmp_dest_unreach
                0x1000c3c0        0xc CMakeFiles/pico_w_webserver.dir/D_/programs/Pico_Installer/pico-sdk/lib/lwip/src/core/ipv4/icmp.c.obj
                0x1000c3c0                icmp_dest_unreach
 .text.icmp_time_exceeded
                0x1000c3cc        0xc CMakeFiles/pico_w_webserver.dir/D_/programs/Pico_Installer/pico-sdk/lib/lwip/src/core/ipv4/icmp.c.obj
                0x1000c3cc                icmp_time_exceeded
 .text.ip_reass_dequeue_datagram
                0x1000c3d8       0x34 CMakeFiles/pico_w_webserver.dir/D_/programs/Pico_Installer/pico-sdk/lib/lwip/src/core/ipv4/ip4_frag.c.obj
 .text.ip_reass_free_complete_datagram
                0x1000c40c       0xe8 CMakeFiles/pico_w_webserver.dir/D_/programs/Pico_Installer/pico-sdk/lib/lwip/src/core/ipv4/ip4_frag.c.obj
 .text.ip_reass_remove_oldest_datagram
                0x1000c4f4       0xc4 CMakeFiles/pico_w_webserver.dir/D_/programs/Pico_Installer/pico-sdk/lib/lwip/src/core/ipv4/ip4_frag.c.obj
 .text.ip_reass_chain_frag_into_datagram_and_validate
                0x1000c5b8      0x27c CMakeFiles/pico_w_webserver.dir/D_/programs/Pico_Installer/pico-sdk/lib/lwip/src/core/ipv4/ip4_frag.c.obj
 .text.ip_reass_enqueue_new_datagram
                0x1000c834       0x64 CMakeFiles/pico_w_webserver.dir/D_/programs/Pico_Installer/pico-sdk/lib/lwip/src/core/ipv4/ip4_frag.c.obj
 .text.ip_reass_tmr
                0x1000c898       0x30 CMakeFiles/pico_w_webserver.dir/D_/programs/Pico_Installer/pico-sdk/lib/lwip/src/core/ipv4/ip4_frag.c.obj
                0x1000c898                ip_reass_tmr
 .text.ip4_reass
                0x1000c8c8      0x284 CMakeFiles/pico_w_webserver.dir/D_/programs/Pico_Installer/pico-sdk/lib/lwip/src/core/ipv4/ip4_frag.c.obj
                0x1000c8c8                ip4_reass
 .text.ip4_frag
                0x1000cb4c      0x178 CMakeFiles/pico_w_webserver.dir/D_/programs/Pico_Installer/pico-sdk/lib/lwip/src/core/ipv4/ip4_frag.c.obj
                0x1000cb4c                ip4_frag
 .text.ip4_input_accept
                0x1000ccc4       0x38 CMakeFiles/pico_w_webserver.dir/D_/programs/Pico_Installer/pico-sdk/lib/lwip/src/core/ipv4/ip4.c.obj
 .text.ip4_route
                0x1000ccfc       0x7c CMakeFiles/pico_w_webserver.dir/D_/programs/Pico_Installer/pico-sdk/lib/lwip/src/core/ipv4/ip4.c.obj
                0x1000ccfc                ip4_route
 .text.ip4_input
                0x1000cd78      0x2a0 CMakeFiles/pico_w_webserver.dir/D_/programs/Pico_Installer/pico-sdk/lib/lwip/src/core/ipv4/ip4.c.obj
                0x1000cd78                ip4_input
 .text.ip4_output_if_src
                0x1000d018      0x1c4 CMakeFiles/pico_w_webserver.dir/D_/programs/Pico_Installer/pico-sdk/lib/lwip/src/core/ipv4/ip4.c.obj
                0x1000d018                ip4_output_if_src
 .text.ip4_output_if
                0x1000d1dc       0x2e CMakeFiles/pico_w_webserver.dir/D_/programs/Pico_Installer/pico-sdk/lib/lwip/src/core/ipv4/ip4.c.obj
                0x1000d1dc                ip4_output_if
 .text.ip4_addr_isbroadcast_u32
                0x1000d20a       0x42 CMakeFiles/pico_w_webserver.dir/D_/programs/Pico_Installer/pico-sdk/lib/lwip/src/core/ipv4/ip4_addr.c.obj
                0x1000d20a                ip4_addr_isbroadcast_u32
 .text.ethernet_input
                0x1000d24c       0xe0 CMakeFiles/pico_w_webserver.dir/D_/programs/Pico_Installer/pico-sdk/lib/lwip/src/netif/ethernet.c.obj
                0x1000d24c                ethernet_input
 .text.ethernet_output
                0x1000d32c       0x6c CMakeFiles/pico_w_webserver.dir/D_/programs/Pico_Installer/pico-sdk/lib/lwip/src/netif/ethernet.c.obj
                0x1000d32c                ethernet_output
 .text.cyw43_tcpip_link_status_name
                0x1000d398       0x54 CMakeFiles/pico_w_webserver.dir/D_/programs/Pico_Installer/pico-sdk/src/rp2_common/pico_cyw43_arch/cyw43_arch.c.obj
 .text.cyw43_arch_set_async_context
                0x1000d3ec        0xc CMakeFiles/pico_w_webserver.dir/D_/programs/Pico_Installer/pico-sdk/src/rp2_common/pico_cyw43_arch/cyw43_arch.c.obj
                0x1000d3ec                cyw43_arch_set_async_context
 .text.cyw43_arch_wifi_connect_bssid_async
                0x1000d3f8       0x54 CMakeFiles/pico_w_webserver.dir/D_/programs/Pico_Installer/pico-sdk/src/rp2_common/pico_cyw43_arch/cyw43_arch.c.obj
                0x1000d3f8                cyw43_arch_wifi_connect_bssid_async
 .text.cyw43_arch_get_country_code
                0x1000d44c        0xc CMakeFiles/pico_w_webserver.dir/D_/programs/Pico_Installer/pico-sdk/src/rp2_common/pico_cyw43_arch/cyw43_arch.c.obj
                0x1000d44c                cyw43_arch_get_country_code
 .text.cyw43_arch_enable_sta_mode
                0x1000d458       0x40 CMakeFiles/pico_w_webserver.dir/D_/programs/Pico_Installer/pico-sdk/src/rp2_common/pico_cyw43_arch/cyw43_arch.c.obj
                0x1000d458                cyw43_arch_enable_sta_mode
 .text.cyw43_arch_async_context
                0x1000d498        0xc CMakeFiles/pico_w_webserver.dir/D_/programs/Pico_Installer/pico-sdk/src/rp2_common/pico_cyw43_arch/cyw43_arch.c.obj
                0x1000d498                cyw43_arch_async_context
 .text.cyw43_arch_poll
                0x1000d4a4       0x18 CMakeFiles/pico_w_webserver.dir/D_/programs/Pico_Installer/pico-sdk/src/rp2_common/pico_cyw43_arch/cyw43_arch.c.obj
                0x1000d4a4                cyw43_arch_poll
 .text.cyw43_arch_wait_for_work_until
                0x1000d4bc       0x18 CMakeFiles/pico_w_webserver.dir/D_/programs/Pico_Installer/pico-sdk/src/rp2_common/pico_cyw43_arch/cyw43_arch.c.obj
                0x1000d4bc                cyw43_arch_wait_for_work_until
 .text.cyw43_arch_wifi_connect_bssid_until
                0x1000d4d4       0xfc CMakeFiles/pico_w_webserver.dir/D_/programs/Pico_Installer/pico-sdk/src/rp2_common/pico_cyw43_arch/cyw43_arch.c.obj
 .text.cyw43_arch_wifi_connect_until
                0x1000d5d0       0x1a CMakeFiles/pico_w_webserver.dir/D_/programs/Pico_Installer/pico-sdk/src/rp2_common/pico_cyw43_arch/cyw43_arch.c.obj
 *fill*         0x1000d5ea        0x2 
 .text.cyw43_arch_wifi_connect_timeout_ms
                0x1000d5ec       0x80 CMakeFiles/pico_w_webserver.dir/D_/programs/Pico_Installer/pico-sdk/src/rp2_common/pico_cyw43_arch/cyw43_arch.c.obj
                0x1000d5ec                cyw43_arch_wifi_connect_timeout_ms
 .text.cyw43_arch_init_default_async_context
                0x1000d66c       0x20 CMakeFiles/pico_w_webserver.dir/e55f86128c146cea5be32be30210ada4/pico_cyw43_arch/cyw43_arch_threadsafe_background.c.obj
                0x1000d66c                cyw43_arch_init_default_async_context
 .text.cyw43_arch_deinit
                0x1000d68c       0x30 CMakeFiles/pico_w_webserver.dir/e55f86128c146cea5be32be30210ada4/pico_cyw43_arch/cyw43_arch_threadsafe_background.c.obj
                0x1000d68c                cyw43_arch_deinit
 .text.cyw43_arch_init
                0x1000d6bc       0x42 CMakeFiles/pico_w_webserver.dir/e55f86128c146cea5be32be30210ada4/pico_cyw43_arch/cyw43_arch_threadsafe_background.c.obj
                0x1000d6bc                cyw43_arch_init
 .text.cs_set   0x1000d6fe       0x1c CMakeFiles/pico_w_webserver.dir/D_/programs/Pico_Installer/pico-sdk/src/rp2_common/pico_cyw43_driver/cyw43_bus_pio_spi.c.obj
 *fill*         0x1000d71a        0x2 
 .text.start_spi_comms
                0x1000d71c       0x2c CMakeFiles/pico_w_webserver.dir/D_/programs/Pico_Installer/pico-sdk/src/rp2_common/pico_cyw43_driver/cyw43_bus_pio_spi.c.obj
 .text.ns_delay
                0x1000d748       0x20 CMakeFiles/pico_w_webserver.dir/D_/programs/Pico_Installer/pico-sdk/src/rp2_common/pico_cyw43_driver/cyw43_bus_pio_spi.c.obj
 .text.stop_spi_comms
                0x1000d768       0x10 CMakeFiles/pico_w_webserver.dir/D_/programs/Pico_Installer/pico-sdk/src/rp2_common/pico_cyw43_driver/cyw43_bus_pio_spi.c.obj
 .text.cyw43_spi_deinit
                0x1000d778       0x74 CMakeFiles/pico_w_webserver.dir/D_/programs/Pico_Installer/pico-sdk/src/rp2_common/pico_cyw43_driver/cyw43_bus_pio_spi.c.obj
                0x1000d778                cyw43_spi_deinit
 .text.cyw43_spi_init
                0x1000d7ec      0x284 CMakeFiles/pico_w_webserver.dir/D_/programs/Pico_Installer/pico-sdk/src/rp2_common/pico_cyw43_driver/cyw43_bus_pio_spi.c.obj
                0x1000d7ec                cyw43_spi_init
 .text.cyw43_spi_transfer
                0x1000da70      0x694 CMakeFiles/pico_w_webserver.dir/D_/programs/Pico_Installer/pico-sdk/src/rp2_common/pico_cyw43_driver/cyw43_bus_pio_spi.c.obj
                0x1000da70                cyw43_spi_transfer
 .text.cyw43_spi_gpio_setup
                0x1000e104       0x3a CMakeFiles/pico_w_webserver.dir/D_/programs/Pico_Installer/pico-sdk/src/rp2_common/pico_cyw43_driver/cyw43_bus_pio_spi.c.obj
                0x1000e104                cyw43_spi_gpio_setup
 .text.cyw43_spi_reset
                0x1000e13e       0x28 CMakeFiles/pico_w_webserver.dir/D_/programs/Pico_Installer/pico-sdk/src/rp2_common/pico_cyw43_driver/cyw43_bus_pio_spi.c.obj
                0x1000e13e                cyw43_spi_reset
 *fill*         0x1000e166        0x2 
 .text.read_reg_u32_swap
                0x1000e168       0x68 CMakeFiles/pico_w_webserver.dir/D_/programs/Pico_Installer/pico-sdk/src/rp2_common/pico_cyw43_driver/cyw43_bus_pio_spi.c.obj
                0x1000e168                read_reg_u32_swap
 .text.cyw43_read_reg_u32
                0x1000e1d0       0x54 CMakeFiles/pico_w_webserver.dir/D_/programs/Pico_Installer/pico-sdk/src/rp2_common/pico_cyw43_driver/cyw43_bus_pio_spi.c.obj
                0x1000e1d0                cyw43_read_reg_u32
 .text.cyw43_read_reg_u16
                0x1000e224       0x54 CMakeFiles/pico_w_webserver.dir/D_/programs/Pico_Installer/pico-sdk/src/rp2_common/pico_cyw43_driver/cyw43_bus_pio_spi.c.obj
                0x1000e224                cyw43_read_reg_u16
 .text.cyw43_read_reg_u8
                0x1000e278       0x54 CMakeFiles/pico_w_webserver.dir/D_/programs/Pico_Installer/pico-sdk/src/rp2_common/pico_cyw43_driver/cyw43_bus_pio_spi.c.obj
                0x1000e278                cyw43_read_reg_u8
 .text.write_reg_u32_swap
                0x1000e2cc       0x34 CMakeFiles/pico_w_webserver.dir/D_/programs/Pico_Installer/pico-sdk/src/rp2_common/pico_cyw43_driver/cyw43_bus_pio_spi.c.obj
                0x1000e2cc                write_reg_u32_swap
 .text.cyw43_write_reg_u32
                0x1000e300       0x58 CMakeFiles/pico_w_webserver.dir/D_/programs/Pico_Installer/pico-sdk/src/rp2_common/pico_cyw43_driver/cyw43_bus_pio_spi.c.obj
                0x1000e300                cyw43_write_reg_u32
 .text.cyw43_write_reg_u16
                0x1000e358       0x58 CMakeFiles/pico_w_webserver.dir/D_/programs/Pico_Installer/pico-sdk/src/rp2_common/pico_cyw43_driver/cyw43_bus_pio_spi.c.obj
                0x1000e358                cyw43_write_reg_u16
 .text.cyw43_write_reg_u8
                0x1000e3b0       0x58 CMakeFiles/pico_w_webserver.dir/D_/programs/Pico_Installer/pico-sdk/src/rp2_common/pico_cyw43_driver/cyw43_bus_pio_spi.c.obj
                0x1000e3b0                cyw43_write_reg_u8
 .text.cyw43_read_bytes
                0x1000e408      0x104 CMakeFiles/pico_w_webserver.dir/D_/programs/Pico_Installer/pico-sdk/src/rp2_common/pico_cyw43_driver/cyw43_bus_pio_spi.c.obj
                0x1000e408                cyw43_read_bytes
 .text.cyw43_write_bytes
                0x1000e50c      0x128 CMakeFiles/pico_w_webserver.dir/D_/programs/Pico_Installer/pico-sdk/src/rp2_common/pico_cyw43_driver/cyw43_bus_pio_spi.c.obj
                0x1000e50c                cyw43_write_bytes
 .text.get_core_address
                0x1000e634       0x1c CMakeFiles/pico_w_webserver.dir/D_/programs/Pico_Installer/pico-sdk/lib/cyw43-driver/src/cyw43_ll.c.obj
 .text.sdpcm_process_rx_packet
                0x1000e650      0x180 CMakeFiles/pico_w_webserver.dir/D_/programs/Pico_Installer/pico-sdk/lib/cyw43-driver/src/cyw43_ll.c.obj
 .text.cyw43_ll_wifi_parse_scan_result
                0x1000e7d0       0x9c CMakeFiles/pico_w_webserver.dir/D_/programs/Pico_Installer/pico-sdk/lib/cyw43-driver/src/cyw43_ll.c.obj
 .text.cyw43_ll_parse_async_event
                0x1000e86c       0x8e CMakeFiles/pico_w_webserver.dir/D_/programs/Pico_Installer/pico-sdk/lib/cyw43-driver/src/cyw43_ll.c.obj
 *fill*         0x1000e8fa        0x2 
 .text.cyw43_kso_set
                0x1000e8fc       0x98 CMakeFiles/pico_w_webserver.dir/D_/programs/Pico_Installer/pico-sdk/lib/cyw43-driver/src/cyw43_ll.c.obj
 .text.cyw43_ll_bus_sleep_helper
                0x1000e994        0xe CMakeFiles/pico_w_webserver.dir/D_/programs/Pico_Installer/pico-sdk/lib/cyw43-driver/src/cyw43_ll.c.obj
 *fill*         0x1000e9a2        0x2 
 .text.cyw43_read_reg
                0x1000e9a4       0x48 CMakeFiles/pico_w_webserver.dir/D_/programs/Pico_Installer/pico-sdk/lib/cyw43-driver/src/cyw43_ll.c.obj
 .text.cyw43_write_reg
                0x1000e9ec       0x4c CMakeFiles/pico_w_webserver.dir/D_/programs/Pico_Installer/pico-sdk/lib/cyw43-driver/src/cyw43_ll.c.obj
 .text.cyw43_set_backplane_window
                0x1000ea38       0x74 CMakeFiles/pico_w_webserver.dir/D_/programs/Pico_Installer/pico-sdk/lib/cyw43-driver/src/cyw43_ll.c.obj
 .text.cyw43_read_backplane
                0x1000eaac       0x30 CMakeFiles/pico_w_webserver.dir/D_/programs/Pico_Installer/pico-sdk/lib/cyw43-driver/src/cyw43_ll.c.obj
 .text.disable_device_core
                0x1000eadc       0x3c CMakeFiles/pico_w_webserver.dir/D_/programs/Pico_Installer/pico-sdk/lib/cyw43-driver/src/cyw43_ll.c.obj
 .text.device_core_is_up
                0x1000eb18       0x4c CMakeFiles/pico_w_webserver.dir/D_/programs/Pico_Installer/pico-sdk/lib/cyw43-driver/src/cyw43_ll.c.obj
 .text.cyw43_write_backplane
                0x1000eb64       0x34 CMakeFiles/pico_w_webserver.dir/D_/programs/Pico_Installer/pico-sdk/lib/cyw43-driver/src/cyw43_ll.c.obj
 .text.reset_device_core
                0x1000eb98       0x74 CMakeFiles/pico_w_webserver.dir/D_/programs/Pico_Installer/pico-sdk/lib/cyw43-driver/src/cyw43_ll.c.obj
 .text.cyw43_download_resource
                0x1000ec0c      0x17c CMakeFiles/pico_w_webserver.dir/D_/programs/Pico_Installer/pico-sdk/lib/cyw43-driver/src/cyw43_ll.c.obj
 .text.cyw43_ll_init
                0x1000ed88       0x20 CMakeFiles/pico_w_webserver.dir/D_/programs/Pico_Installer/pico-sdk/lib/cyw43-driver/src/cyw43_ll.c.obj
                0x1000ed88                cyw43_ll_init
 .text.cyw43_ll_deinit
                0x1000eda8        0x8 CMakeFiles/pico_w_webserver.dir/D_/programs/Pico_Installer/pico-sdk/lib/cyw43-driver/src/cyw43_ll.c.obj
                0x1000eda8                cyw43_ll_deinit
 .text.cyw43_ll_bus_sleep
                0x1000edb0       0x34 CMakeFiles/pico_w_webserver.dir/D_/programs/Pico_Installer/pico-sdk/lib/cyw43-driver/src/cyw43_ll.c.obj
                0x1000edb0                cyw43_ll_bus_sleep
 .text.cyw43_ll_sdpcm_poll_device
                0x1000ede4      0x158 CMakeFiles/pico_w_webserver.dir/D_/programs/Pico_Installer/pico-sdk/lib/cyw43-driver/src/cyw43_ll.c.obj
 .text.cyw43_ll_process_packets
                0x1000ef3c       0x5c CMakeFiles/pico_w_webserver.dir/D_/programs/Pico_Installer/pico-sdk/lib/cyw43-driver/src/cyw43_ll.c.obj
                0x1000ef3c                cyw43_ll_process_packets
 .text.cyw43_sdpcm_send_common
                0x1000ef98      0x104 CMakeFiles/pico_w_webserver.dir/D_/programs/Pico_Installer/pico-sdk/lib/cyw43-driver/src/cyw43_ll.c.obj
 .text.cyw43_ll_send_ethernet
                0x1000f09c       0x5e CMakeFiles/pico_w_webserver.dir/D_/programs/Pico_Installer/pico-sdk/lib/cyw43-driver/src/cyw43_ll.c.obj
                0x1000f09c                cyw43_ll_send_ethernet
 .text.cyw43_send_ioctl
                0x1000f0fa       0x56 CMakeFiles/pico_w_webserver.dir/D_/programs/Pico_Installer/pico-sdk/lib/cyw43-driver/src/cyw43_ll.c.obj
 .text.cyw43_do_ioctl