Archive member included to satisfy reference by file (symbol)

d:/programs/pico installer/gcc-arm-none-eabi/bin/../lib/gcc/arm-none-eabi/10.3.1/../../../../arm-none-eabi/lib/thumb/v6-m/nofp\libstdc++.a(guard.o)
                              CMakeFiles/pico_w_webserver.dir/main.cpp.obj (__cxa_guard_acquire)
d:/programs/pico installer/gcc-arm-none-eabi/bin/../lib/gcc/arm-none-eabi/10.3.1/../../../../arm-none-eabi/lib/thumb/v6-m/nofp\libstdc++.a(guard_error.o)
                              d:/programs/pico installer/gcc-arm-none-eabi/bin/../lib/gcc/arm-none-eabi/10.3.1/../../../../arm-none-eabi/lib/thumb/v6-m/nofp\libstdc++.a(guard.o) (__gnu_cxx::recursive_init_error::~recursive_init_error())
d:/programs/pico installer/gcc-arm-none-eabi/bin/../lib/gcc/arm-none-eabi/10.3.1/../../../../arm-none-eabi/lib/thumb/v6-m/nofp\libstdc++.a(si_class_type_info.o)
                              d:/programs/pico installer/gcc-arm-none-eabi/bin/../lib/gcc/arm-none-eabi/10.3.1/../../../../arm-none-eabi/lib/thumb/v6-m/nofp\libstdc++.a(guard_error.o) (vtable for __cxxabiv1::__si_class_type_info)
d:/programs/pico installer/gcc-arm-none-eabi/bin/../lib/gcc/arm-none-eabi/10.3.1/../../../../arm-none-eabi/lib/thumb/v6-m/nofp\libstdc++.a(tinfo.o)
                              d:/programs/pico installer/gcc-arm-none-eabi/bin/../lib/gcc/arm-none-eabi/10.3.1/../../../../arm-none-eabi/lib/thumb/v6-m/nofp\libstdc++.a(si_class_type_info.o) (std::type_info::__is_pointer_p() const)
d:/programs/pico installer/gcc-arm-none-eabi/bin/../lib/gcc/arm-none-eabi/10.3.1/../../../../arm-none-eabi/lib/thumb/v6-m/nofp\libstdc++.a(class_type_info.o)
                              d:/programs/pico installer/gcc-arm-none-eabi/bin/../lib/gcc/arm-none-eabi/10.3.1/../../../../arm-none-eabi/lib/thumb/v6-m/nofp\libstdc++.a(si_class_type_info.o) (__cxxabiv1::__class_type_info::__do_upcast(__cxxabiv1::__class_type_info const*, void**) const)
d:/programs/pico installer/gcc-arm-none-eabi/bin/../lib/gcc/arm-none-eabi/10.3.1/../../../../arm-none-eabi/lib/thumb/v6-m/nofp\libstdc++.a(eh_alloc.o)
                              d:/programs/pico installer/gcc-arm-none-eabi/bin/../lib/gcc/arm-none-eabi/10.3.1/../../../../arm-none-eabi/lib/thumb/v6-m/nofp\libstdc++.a(guard.o) (__cxa_allocate_exception)
d:/programs/pico installer/gcc-arm-none-eabi/bin/../lib/gcc/arm-none-eabi/10.3.1/../../../../arm-none-eabi/lib/thumb/v6-m/nofp\libstdc++.a(eh_exception.o)
                              d:/programs/pico installer/gcc-arm-none-eabi/bin/../lib/gcc/arm-none-eabi/10.3.1/../../../../arm-none-eabi/lib/thumb/v6-m/nofp\libstdc++.a(guard_error.o) (std::exception::~exception())
d:/programs/pico installer/gcc-arm-none-eabi/bin/../lib/gcc/arm-none-eabi/10.3.1/../../../../arm-none-eabi/lib/thumb/v6-m/nofp\libstdc++.a(eh_terminate.o)
                              d:/programs/pico installer/gcc-arm-none-eabi/bin/../lib/gcc/arm-none-eabi/10.3.1/../../../../arm-none-eabi/lib/thumb/v6-m/nofp\libstdc++.a(eh_alloc.o) (std::terminate())
d:/programs/pico installer/gcc-arm-none-eabi/bin/../lib/gcc/arm-none-eabi/10.3.1/../../../../arm-none-eabi/lib/thumb/v6-m/nofp\libstdc++.a(eh_throw.o)
                              d:/programs/pico installer/gcc-arm-none-eabi/bin/../lib/gcc/arm-none-eabi/10.3.1/../../../../arm-none-eabi/lib/thumb/v6-m/nofp\libstdc++.a(guard.o) (__cxa_throw)
d:/programs/pico installer/gcc-arm-none-eabi/bin/../lib/gcc/arm-none-eabi/10.3.1/../../../../arm-none-eabi/lib/thumb/v6-m/nofp\libstdc++.a(eh_unex_handler.o)
                              d:/programs/pico installer/gcc-arm-none-eabi/bin/../lib/gcc/arm-none-eabi/10.3.1/../../../../arm-none-eabi/lib/thumb/v6-m/nofp\libstdc++.a(eh_terminate.o) (__cxxabiv1::__unexpected_handler)
d:/programs/pico installer/gcc-arm-none-eabi/bin/../lib/gcc/arm-none-eabi/10.3.1/../../../../arm-none-eabi/lib/thumb/v6-m/nofp\libstdc++.a(pure.o)
                              d:/programs/pico installer/gcc-arm-none-eabi/bin/../lib/gcc/arm-none-eabi/10.3.1/../../../../arm-none-eabi/lib/thumb/v6-m/nofp\libstdc++.a(eh_exception.o) (__cxa_pure_virtual)
d:/programs/pico installer/gcc-arm-none-eabi/bin/../lib/gcc/arm-none-eabi/10.3.1/../../../../arm-none-eabi/lib/thumb/v6-m/nofp\libstdc++.a(vterminate.o)
                              d:/programs/pico installer/gcc-arm-none-eabi/bin/../lib/gcc/arm-none-eabi/10.3.1/../../../../arm-none-eabi/lib/thumb/v6-m/nofp\libstdc++.a(eh_terminate.o) (__gnu_cxx::__verbose_terminate_handler())
d:/programs/pico installer/gcc-arm-none-eabi/bin/../lib/gcc/arm-none-eabi/10.3.1/../../../../arm-none-eabi/lib/thumb/v6-m/nofp\libstdc++.a(cp-demangle.o)
                              d:/programs/pico installer/gcc-arm-none-eabi/bin/../lib/gcc/arm-none-eabi/10.3.1/../../../../arm-none-eabi/lib/thumb/v6-m/nofp\libstdc++.a(vterminate.o) (__cxa_demangle)
d:/programs/pico installer/gcc-arm-none-eabi/bin/../lib/gcc/arm-none-eabi/10.3.1/../../../../arm-none-eabi/lib/thumb/v6-m/nofp\libstdc++.a(eh_arm.o)
[...]
Memory Configuration

Name             Origin             Length             Attributes
FLASH            0x10000000         0x001ff000         xr
FLASH_PERSISTENT 0x101ff000         0x00001000         rw
RAM              0x20000000         0x00040000         xrw
SCRATCH_X        0x20040000         0x00001000         xrw
SCRATCH_Y        0x20041000         0x00001000         xrw
*default*        0x00000000         0xffffffff

Linker script and memory map

LOAD d:/programs/pico installer/gcc-arm-none-eabi/bin/../lib/gcc/arm-none-eabi/10.3.1/thumb/v6-m/nofp/crti.o
LOAD d:/programs/pico installer/gcc-arm-none-eabi/bin/../lib/gcc/arm-none-eabi/10.3.1/thumb/v6-m/nofp/crtbegin.o
LOAD d:/programs/pico installer/gcc-arm-none-eabi/bin/../lib/gcc/arm-none-eabi/10.3.1/../../../../arm-none-eabi/lib/thumb/v6-m/nofp/crt0.o
                0x00001000                __PERSISTENT_STORAGE_LEN = 0x1000

.flash_begin    0x10000000        0x0
                0x10000000                __flash_binary_start = .

.boot2          0x10000000      0x100
                0x10000000                __boot2_start__ = .
 *(.boot2)
 .boot2         0x10000000      0x100 C:\Users\frl00\AppData\Local\Temp\ccCGuMle.o
                0x10000100                __boot2_end__ = .
                0x00000001                ASSERT (((__boot2_end__ - __boot2_start__) == 0x100), ERROR: Pico second stage bootloader must be 256 bytes in size)

.text           0x10000100    0x200b8
                0x10000100                __logical_binary_start = .
 *(.vectors)
 .vectors       0x10000100       0xd4 CMakeFiles/pico_w_webserver.dir/90dd90916796ccc2655e49c1b87d0d3d/src/rp2_common/pico_standard_link/crt0.S.obj
                0x10000100                __VECTOR_TABLE
                0x10000100                __vectors
                0x100001c0                isr_invalid
                0x100001c0                __default_isrs_start
                0x100001c2                isr_nmi
                0x100001c4                isr_hardfault
                0x100001c6                isr_svcall
                0x100001c8                isr_pendsv
                0x100001ca                isr_systick
                0x100001cc                isr_irq23
                0x100001cc                isr_irq18
                0x100001cc                isr_irq11
                0x100001cc                isr_irq28
                0x100001cc                isr_irq19
                0x100001cc                isr_irq0
                0x100001cc                isr_irq6
                0x100001cc                isr_irq5
                0x100001cc                isr_irq12
                0x100001cc                isr_irq22
                0x100001cc                isr_irq31
                0x100001cc                isr_irq17
                0x100001cc                isr_irq27
                0x100001cc                isr_irq30
                0x100001cc                isr_irq2
                0x100001cc                isr_irq10
                0x100001cc                isr_irq8
                0x100001cc                isr_irq24
                0x100001cc                isr_irq1
                0x100001cc                isr_irq7
                0x100001cc                isr_irq21
                0x100001cc                isr_irq20
                0x100001cc                isr_irq15
                0x100001cc                isr_irq25
                0x100001cc                isr_irq13
                0x100001cc                __unhandled_user_irq
                0x100001cc                isr_irq4
                0x100001cc                isr_irq16
                0x100001cc                isr_irq29
                0x100001cc                isr_irq26
                0x100001cc                __default_isrs_end
                0x100001cc                isr_irq3
                0x100001cc                isr_irq14
                0x100001cc                isr_irq9
                0x100001d2                unhandled_user_irq_num_in_r0
 *(.binary_info_header)
 .binary_info_header
                0x100001d4       0x14 CMakeFiles/pico_w_webserver.dir/90dd90916796ccc2655e49c1b87d0d3d/src/rp2_common/pico_standard_link/crt0.S.obj
                0x100001e8                __binary_info_header_end = .
 *(.reset)
 .reset         0x100001e8       0xa0 CMakeFiles/pico_w_webserver.dir/90dd90916796ccc2655e49c1b87d0d3d/src/rp2_common/pico_standard_link/crt0.S.obj
                0x100001e8                _entry_point
 .reset         0x10000288       0x30 CMakeFiles/pico_w_webserver.dir/e55f86128c146cea5be32be30210ada4/pico_standard_link/binary_info.c.obj
 *(.init)
 .init          0x100002b8        0x4 d:/programs/pico installer/gcc-arm-none-eabi/bin/../lib/gcc/arm-none-eabi/10.3.1/thumb/v6-m/nofp/crti.o
                0x100002b8                _init
 *(EXCLUDE_FILE(*libm.a: *libc.a:*lib_a-mem*.o *libgcc.a:) .text*)
 .text          0x100002bc       0x48 d:/programs/pico installer/gcc-arm-none-eabi/bin/../lib/gcc/arm-none-eabi/10.3.1/thumb/v6-m/nofp/crtbegin.o
 .text._Z11ssi_handleriPci
                0x10000304       0xf0 CMakeFiles/pico_w_webserver.dir/main.cpp.obj
                0x10000304                ssi_handler(int, char*, int)
 .text._Z17cgi_value_handleriiPPcS0_
                0x100003f4      0x22c CMakeFiles/pico_w_webserver.dir/main.cpp.obj
                0x100003f4                cgi_value_handler(int, int, char**, char**)
 .text._Z17cgi_music_handleriiPPcS0_
                0x10000620      0x104 CMakeFiles/pico_w_webserver.dir/main.cpp.obj
                0x10000620                cgi_music_handler(int, int, char**, char**)
 .text._ZN10RelayTimerC2EiiiPiib
                0x10000724       0x9c CMakeFiles/pico_w_webserver.dir/main.cpp.obj
                0x10000724                RelayTimer::RelayTimer(int, int, int, int*, int, bool)
                0x10000724                RelayTimer::RelayTimer(int, int, int, int*, int, bool)
 .text._Z8ssi_initv
                0x100007c0       0x40 CMakeFiles/pico_w_webserver.dir/main.cpp.obj
                0x100007c0                ssi_init()
 .text._ZN12DfPlayerPicoC2Ev
                0x10000800       0x34 CMakeFiles/pico_w_webserver.dir/main.cpp.obj
                0x10000800                DfPlayerPico::DfPlayerPico()
                0x10000800                DfPlayerPico::DfPlayerPico()
 .text._ZN10MusicTimer8initGPIOEv
                0x10000834       0x3a CMakeFiles/pico_w_webserver.dir/main.cpp.obj
                0x10000834                MusicTimer::initGPIO()
 *fill*         0x1000086e        0x2 
 .text._Z8cgi_initv
                0x10000870       0x10 CMakeFiles/pico_w_webserver.dir/main.cpp.obj
                0x10000870                cgi_init()
 .text._ZN11TimerArrays11getInstanceEv
                0x10000880       0x70 CMakeFiles/pico_w_webserver.dir/main.cpp.obj
                0x10000880                TimerArrays::getInstance()
 .text._Z10map_buttoni
                0x100008f0       0x28 CMakeFiles/pico_w_webserver.dir/main.cpp.obj
                0x100008f0                map_button(int)
 .text._Z9map_relayi
                0x10000918       0x24 CMakeFiles/pico_w_webserver.dir/main.cpp.obj
                0x10000918                map_relay(int)
 .text._ZN8DfPlayerI12DfPlayerPicoE12calcChecksumEPh
                0x1000093c       0x1a CMakeFiles/pico_w_webserver.dir/main.cpp.obj
                0x1000093c                DfPlayer<DfPlayerPico>::calcChecksum(unsigned char*)
 *fill*         0x10000956        0x2 
 .text._ZN8DfPlayerI12DfPlayerPicoE7sendCmdEht
                0x10000958       0x4c CMakeFiles/pico_w_webserver.dir/main.cpp.obj
                0x10000958                DfPlayer<DfPlayerPico>::sendCmd(unsigned char, unsigned short)
 .text._ZN8DfPlayerI12DfPlayerPicoE13specifyVolumeEh
                0x100009a4        0xe CMakeFiles/pico_w_webserver.dir/main.cpp.obj
                0x100009a4                DfPlayer<DfPlayerPico>::specifyVolume(unsigned char)
 *fill*         0x100009b2        0x2 
 .text.main     0x100009b4      0x7e8 CMakeFiles/pico_w_webserver.dir/main.cpp.obj
                0x100009b4                main
 .text.lwip_timeout_reached
                0x1000119c       0x2c CMakeFiles/pico_w_webserver.dir/D_/programs/Pico_Installer/pico-sdk/src/rp2_common/pico_lwip/lwip_nosys.c.obj
 .text.update_next_timeout
                0x100011c8       0xb0 CMakeFiles/pico_w_webserver.dir/D_/programs/Pico_Installer/pico-sdk/src/rp2_common/pico_lwip/lwip_nosys.c.obj
 .text.lwip_nosys_init
                0x10001278       0x34 CMakeFiles/pico_w_webserver.dir/D_/programs/Pico_Installer/pico-sdk/src/rp2_common/pico_lwip/lwip_nosys.c.obj
                0x10001278                lwip_nosys_init
 .text.lwip_nosys_deinit
                0x100012ac       0x20 CMakeFiles/pico_w_webserver.dir/D_/programs/Pico_Installer/pico-sdk/src/rp2_common/pico_lwip/lwip_nosys.c.obj
                0x100012ac                lwip_nosys_deinit
 .text.sys_arch_protect
                0x100012cc        0x4 CMakeFiles/pico_w_webserver.dir/D_/programs/Pico_Installer/pico-sdk/src/rp2_common/pico_lwip/lwip_nosys.c.obj
                0x100012cc                sys_arch_protect
 .text.sys_arch_unprotect
                0x100012d0        0x2 CMakeFiles/pico_w_webserver.dir/D_/programs/Pico_Installer/pico-sdk/src/rp2_common/pico_lwip/lwip_nosys.c.obj
                0x100012d0                sys_arch_unprotect
 *fill*         0x100012d2        0x2 
 .text.sys_now  0x100012d4       0x3c CMakeFiles/pico_w_webserver.dir/D_/programs/Pico_Installer/pico-sdk/src/rp2_common/pico_lwip/lwip_nosys.c.obj
                0x100012d4                sys_now
 .text.async_context_base_add_at_time_worker
                0x10001310       0x1c CMakeFiles/pico_w_webserver.dir/e55f86128c146cea5be32be30210ada4/pico_async_context/async_context_base.c.obj
                0x10001310                async_context_base_add_at_time_worker
 .text.async_context_base_remove_at_time_worker
                0x1000132c       0x1c CMakeFiles/pico_w_webserver.dir/e55f86128c146cea5be32be30210ada4/pico_async_context/async_context_base.c.obj
                0x1000132c                async_context_base_remove_at_time_worker
 .text.async_context_base_add_when_pending_worker
                0x10001348       0x1c CMakeFiles/pico_w_webserver.dir/e55f86128c146cea5be32be30210ada4/pico_async_context/async_context_base.c.obj
                0x10001348                async_context_base_add_when_pending_worker
 .text.async_context_base_remove_when_pending_worker
                0x10001364       0x1c CMakeFiles/pico_w_webserver.dir/e55f86128c146cea5be32be30210ada4/pico_async_context/async_context_base.c.obj
                0x10001364                async_context_base_remove_when_pending_worker
 .text.async_context_base_remove_ready_at_time_worker
                0x10001380       0x94 CMakeFiles/pico_w_webserver.dir/e55f86128c146cea5be32be30210ada4/pico_async_context/async_context_base.c.obj
                0x10001380                async_context_base_remove_ready_at_time_worker
 .text.async_context_base_refresh_next_timeout
                0x10001414       0x4c CMakeFiles/pico_w_webserver.dir/e55f86128c146cea5be32be30210ada4/pico_async_context/async_context_base.c.obj
                0x10001414                async_context_base_refresh_next_timeout
 .text.async_context_base_execute_once
                0x10001460       0x48 CMakeFiles/pico_w_webserver.dir/e55f86128c146cea5be32be30210ada4/pico_async_context/async_context_base.c.obj
                0x10001460                async_context_base_execute_once
 .text.running_on_fpga
                0x100014a8       0x14 CMakeFiles/pico_w_webserver.dir/90dd90916796ccc2655e49c1b87d0d3d/src/rp2_common/pico_platform/platform.c.obj
                0x100014a8                running_on_fpga
 .text.splitmix64
                0x100014bc       0x5c CMakeFiles/pico_w_webserver.dir/D_/programs/Pico_Installer/pico-sdk/src/rp2_common/pico_rand/rand.c.obj
 .text.sdbm_hash64_sram
                0x10001518       0x64 CMakeFiles/pico_w_webserver.dir/D_/programs/Pico_Installer/pico-sdk/src/rp2_common/pico_rand/rand.c.obj
 .text.xoroshiro128ss
                0x1000157c       0xb8 CMakeFiles/pico_w_webserver.dir/D_/programs/Pico_Installer/pico-sdk/src/rp2_common/pico_rand/rand.c.obj
 .text.capture_additional_rosc_samples
                0x10001634      0x1a4 CMakeFiles/pico_w_webserver.dir/D_/programs/Pico_Installer/pico-sdk/src/rp2_common/pico_rand/rand.c.obj
 .text.initialise_rand
                0x100017d8      0x118 CMakeFiles/pico_w_webserver.dir/D_/programs/Pico_Installer/pico-sdk/src/rp2_common/pico_rand/rand.c.obj
 .text.get_rand_64
                0x100018f0      0x11c CMakeFiles/pico_w_webserver.dir/D_/programs/Pico_Installer/pico-sdk/src/rp2_common/pico_rand/rand.c.obj
                0x100018f0                get_rand_64
 .text.get_rand_32
                0x10001a0c        0x8 CMakeFiles/pico_w_webserver.dir/D_/programs/Pico_Installer/pico-sdk/src/rp2_common/pico_rand/rand.c.obj
                0x10001a0c                get_rand_32
 .text._retrieve_unique_id_on_boot
                0x10001a14       0x10 CMakeFiles/pico_w_webserver.dir/90dd90916796ccc2655e49c1b87d0d3d/src/rp2_common/pico_unique_id/unique_id.c.obj
 .text.pico_get_unique_board_id
                0x10001a24       0x10 CMakeFiles/pico_w_webserver.dir/90dd90916796ccc2655e49c1b87d0d3d/src/rp2_common/pico_unique_id/unique_id.c.obj
                0x10001a24                pico_get_unique_board_id
 .text.pico_get_unique_board_id_string
                0x10001a34       0x60 CMakeFiles/pico_w_webserver.dir/90dd90916796ccc2655e49c1b87d0d3d/src/rp2_common/pico_unique_id/unique_id.c.obj
                0x10001a34                pico_get_unique_board_id_string
 .text.flash_get_unique_id
                0x10001a94       0x46 CMakeFiles/pico_w_webserver.dir/D_/programs/Pico_Installer/pico-sdk/src/rp2_common/hardware_flash/flash.c.obj
                0x10001a94                flash_get_unique_id
 *fill*         0x10001ada        0x2 
 .text.hw_claim_lock
                0x10001adc       0x18 CMakeFiles/pico_w_webserver.dir/D_/programs/Pico_Installer/pico-sdk/src/rp2_common/hardware_claim/claim.c.obj
                0x10001adc                hw_claim_lock
 .text.hw_claim_unlock
                0x10001af4       0x14 CMakeFiles/pico_w_webserver.dir/D_/programs/Pico_Installer/pico-sdk/src/rp2_common/hardware_claim/claim.c.obj
                0x10001af4                hw_claim_unlock
 .text.hw_claim_or_assert
                0x10001b08       0x32 CMakeFiles/pico_w_webserver.dir/D_/programs/Pico_Installer/pico-sdk/src/rp2_common/hardware_claim/claim.c.obj
                0x10001b08                hw_claim_or_assert
 .text.hw_claim_unused_from_range
                0x10001b3a       0x50 CMakeFiles/pico_w_webserver.dir/D_/programs/Pico_Installer/pico-sdk/src/rp2_common/hardware_claim/claim.c.obj
                0x10001b3a                hw_claim_unused_from_range
 *fill*         0x10001b8a        0x2 
 .text.hw_claim_clear
                0x10001b8c       0x40 CMakeFiles/pico_w_webserver.dir/D_/programs/Pico_Installer/pico-sdk/src/rp2_common/hardware_claim/claim.c.obj
                0x10001b8c                hw_claim_clear
 .text.spin_locks_reset
                0x10001bcc       0x20 CMakeFiles/pico_w_webserver.dir/D_/programs/Pico_Installer/pico-sdk/src/rp2_common/hardware_sync/sync.c.obj
                0x10001bcc                spin_locks_reset
 .text.next_striped_spin_lock_num
                0x10001bec       0x1c CMakeFiles/pico_w_webserver.dir/D_/programs/Pico_Installer/pico-sdk/src/rp2_common/hardware_sync/sync.c.obj
                0x10001bec                next_striped_spin_lock_num
 .text.spin_lock_claim_unused
                0x10001c08       0x20 CMakeFiles/pico_w_webserver.dir/D_/programs/Pico_Installer/pico-sdk/src/rp2_common/hardware_sync/sync.c.obj
                0x10001c08                spin_lock_claim_unused
 .text.rom_func_lookup
                0x10001c28       0x10 CMakeFiles/pico_w_webserver.dir/D_/programs/Pico_Installer/pico-sdk/src/rp2_common/pico_bootrom/bootrom.c.obj
                0x10001c28                rom_func_lookup
 .text.rom_data_lookup
                0x10001c38       0x10 CMakeFiles/pico_w_webserver.dir/D_/programs/Pico_Installer/pico-sdk/src/rp2_common/pico_bootrom/bootrom.c.obj
                0x10001c38                rom_data_lookup
 .text.rom_funcs_lookup
                0x10001c48       0x36 CMakeFiles/pico_w_webserver.dir/D_/programs/Pico_Installer/pico-sdk/src/rp2_common/pico_bootrom/bootrom.c.obj
                0x10001c48                rom_funcs_lookup
 *fill*         0x10001c7e        0x2 
 .text.clock_configure
                0x10001c80      0x108 CMakeFiles/pico_w_webserver.dir/90dd90916796ccc2655e49c1b87d0d3d/src/rp2_common/hardware_clocks/clocks.c.obj
                0x10001c80                clock_configure
 .text.clocks_init
                0x10001d88      0x100 CMakeFiles/pico_w_webserver.dir/90dd90916796ccc2655e49c1b87d0d3d/src/rp2_common/hardware_clocks/clocks.c.obj
                0x10001d88                clocks_init
 .text.clock_get_hz
                0x10001e88        0xc CMakeFiles/pico_w_webserver.dir/90dd90916796ccc2655e49c1b87d0d3d/src/rp2_common/hardware_clocks/clocks.c.obj
                0x10001e88                clock_get_hz
 .text.gpio_set_function
                0x10001e94       0x30 CMakeFiles/pico_w_webserver.dir/D_/programs/Pico_Installer/pico-sdk/src/rp2_common/hardware_gpio/gpio.c.obj
                0x10001e94                gpio_set_function
 .text.gpio_set_pulls
                0x10001ec4       0x34 CMakeFiles/pico_w_webserver.dir/D_/programs/Pico_Installer/pico-sdk/src/rp2_common/hardware_gpio/gpio.c.obj
                0x10001ec4                gpio_set_pulls
 .text.gpio_set_input_hysteresis_enabled
                0x10001ef8       0x30 CMakeFiles/pico_w_webserver.dir/D_/programs/Pico_Installer/pico-sdk/src/rp2_common/hardware_gpio/gpio.c.obj
                0x10001ef8                gpio_set_input_hysteresis_enabled
 .text.gpio_add_raw_irq_handler_with_order_priority_masked
                0x10001f28       0x40 CMakeFiles/pico_w_webserver.dir/D_/programs/Pico_Installer/pico-sdk/src/rp2_common/hardware_gpio/gpio.c.obj
                0x10001f28                gpio_add_raw_irq_handler_with_order_priority_masked
 .text.gpio_remove_raw_irq_handler_masked
                0x10001f68       0x48 CMakeFiles/pico_w_webserver.dir/D_/programs/Pico_Installer/pico-sdk/src/rp2_common/hardware_gpio/gpio.c.obj
                0x10001f68                gpio_remove_raw_irq_handler_masked
 .text.gpio_acknowledge_irq
                0x10001fb0       0x18 CMakeFiles/pico_w_webserver.dir/D_/programs/Pico_Installer/pico-sdk/src/rp2_common/hardware_gpio/gpio.c.obj
                0x10001fb0                gpio_acknowledge_irq
 .text._gpio_set_irq_enabled
                0x10001fc8       0x34 CMakeFiles/pico_w_webserver.dir/D_/programs/Pico_Installer/pico-sdk/src/rp2_common/hardware_gpio/gpio.c.obj
 .text.gpio_set_irq_enabled
                0x10001ffc       0x20 CMakeFiles/pico_w_webserver.dir/D_/programs/Pico_Installer/pico-sdk/src/rp2_common/hardware_gpio/gpio.c.obj
                0x10001ffc                gpio_set_irq_enabled
 .text.gpio_init
                0x1000201c       0x16 CMakeFiles/pico_w_webserver.dir/D_/programs/Pico_Installer/pico-sdk/src/rp2_common/hardware_gpio/gpio.c.obj
                0x1000201c                gpio_init
 *fill*         0x10002032        0x2 
 .text.set_raw_irq_handler_and_unlock
                0x10002034       0x28 CMakeFiles/pico_w_webserver.dir/D_/programs/Pico_Installer/pico-sdk/src/rp2_common/hardware_irq/irq.c.obj
 .text.get_user_irq_claim_index
                0x1000205c        0x6 CMakeFiles/pico_w_webserver.dir/D_/programs/Pico_Installer/pico-sdk/src/rp2_common/hardware_irq/irq.c.obj
 *fill*         0x10002062        0x2 
 .text.make_branch
                0x10002064       0x48 CMakeFiles/pico_w_webserver.dir/D_/programs/Pico_Installer/pico-sdk/src/rp2_common/hardware_irq/irq.c.obj
 .text.insert_branch_and_link
                0x100020ac       0x40 CMakeFiles/pico_w_webserver.dir/D_/programs/Pico_Installer/pico-sdk/src/rp2_common/hardware_irq/irq.c.obj
 .text.irq_is_enabled
                0x100020ec       0x18 CMakeFiles/pico_w_webserver.dir/D_/programs/Pico_Installer/pico-sdk/src/rp2_common/hardware_irq/irq.c.obj
                0x100020ec                irq_is_enabled
 .text.irq_set_mask_enabled
                0x10002104       0x20 CMakeFiles/pico_w_webserver.dir/D_/programs/Pico_Installer/pico-sdk/src/rp2_common/hardware_irq/irq.c.obj
                0x10002104                irq_set_mask_enabled
 .text.irq_set_enabled
                0x10002124        0xe CMakeFiles/pico_w_webserver.dir/D_/programs/Pico_Installer/pico-sdk/src/rp2_common/hardware_irq/irq.c.obj
                0x10002124                irq_set_enabled
 *fill*         0x10002132        0x2 
 .text.irq_set_pending
                0x10002134       0x10 CMakeFiles/pico_w_webserver.dir/D_/programs/Pico_Installer/pico-sdk/src/rp2_common/hardware_irq/irq.c.obj
                0x10002134                irq_set_pending
 .text.irq_get_vtable_handler
                0x10002144       0x10 CMakeFiles/pico_w_webserver.dir/D_/programs/Pico_Installer/pico-sdk/src/rp2_common/hardware_irq/irq.c.obj
                0x10002144                irq_get_vtable_handler
 .text.irq_has_shared_handler
                0x10002154       0x24 CMakeFiles/pico_w_webserver.dir/D_/programs/Pico_Installer/pico-sdk/src/rp2_common/hardware_irq/irq.c.obj
                0x10002154                irq_has_shared_handler
 .text.irq_set_exclusive_handler
                0x10002178       0x54 CMakeFiles/pico_w_webserver.dir/D_/programs/Pico_Installer/pico-sdk/src/rp2_common/hardware_irq/irq.c.obj
                0x10002178                irq_set_exclusive_handler
 .text.irq_add_shared_handler
                0x100021cc      0x234 CMakeFiles/pico_w_webserver.dir/D_/programs/Pico_Installer/pico-sdk/src/rp2_common/hardware_irq/irq.c.obj
                0x100021cc                irq_add_shared_handler
 .text.irq_remove_handler
                0x10002400      0x1ac CMakeFiles/pico_w_webserver.dir/D_/programs/Pico_Installer/pico-sdk/src/rp2_common/hardware_irq/irq.c.obj
                0x10002400                irq_remove_handler
 .text.irq_set_priority
                0x100025ac       0x28 CMakeFiles/pico_w_webserver.dir/D_/programs/Pico_Installer/pico-sdk/src/rp2_common/hardware_irq/irq.c.obj
                0x100025ac                irq_set_priority
 .text.irq_add_tail_to_free_list
                0x100025d4       0xf0 CMakeFiles/pico_w_webserver.dir/D_/programs/Pico_Installer/pico-sdk/src/rp2_common/hardware_irq/irq.c.obj
                0x100025d4                irq_add_tail_to_free_list
 .text.irq_init_priorities
                0x100026c4       0x1c CMakeFiles/pico_w_webserver.dir/D_/programs/Pico_Installer/pico-sdk/src/rp2_common/hardware_irq/irq.c.obj
                0x100026c4                irq_init_priorities
 .text.user_irq_unclaim
                0x100026e0       0x14 CMakeFiles/pico_w_webserver.dir/D_/programs/Pico_Installer/pico-sdk/src/rp2_common/hardware_irq/irq.c.obj
                0x100026e0                user_irq_unclaim
 .text.user_irq_claim_unused
                0x100026f4       0x28 CMakeFiles/pico_w_webserver.dir/D_/programs/Pico_Installer/pico-sdk/src/rp2_common/hardware_irq/irq.c.obj
                0x100026f4                user_irq_claim_unused
 .text.sem_init
                0x1000271c       0x1e CMakeFiles/pico_w_webserver.dir/D_/programs/Pico_Installer/pico-sdk/src/common/pico_sync/sem.c.obj
                0x1000271c                sem_init
 *fill*         0x1000273a        0x2 
 .text.lock_init
                0x1000273c       0x10 CMakeFiles/pico_w_webserver.dir/D_/programs/Pico_Installer/pico-sdk/src/common/pico_sync/lock_core.c.obj
                0x1000273c                lock_init
 .text.mutex_init
                0x1000274c       0x1a CMakeFiles/pico_w_webserver.dir/D_/programs/Pico_Installer/pico-sdk/src/common/pico_sync/mutex.c.obj
                0x1000274c                mutex_init
 .text.recursive_mutex_init
                0x10002766       0x1e CMakeFiles/pico_w_webserver.dir/D_/programs/Pico_Installer/pico-sdk/src/common/pico_sync/mutex.c.obj
                0x10002766                recursive_mutex_init
 .text.critical_section_init_with_lock_num
                0x10002784       0x14 CMakeFiles/pico_w_webserver.dir/90dd90916796ccc2655e49c1b87d0d3d/src/common/pico_sync/critical_section.c.obj
                0x10002784                critical_section_init_with_lock_num
 .text.critical_section_init
                0x10002798       0x14 CMakeFiles/pico_w_webserver.dir/90dd90916796ccc2655e49c1b87d0d3d/src/common/pico_sync/critical_section.c.obj
                0x10002798                critical_section_init
 .text.alarm_pool_post_alloc_init
                0x100027ac       0x40 CMakeFiles/pico_w_webserver.dir/D_/programs/Pico_Installer/pico-sdk/src/common/pico_time/time.c.obj
 .text.sleep_until_callback
                0x100027ec       0x30 CMakeFiles/pico_w_webserver.dir/D_/programs/Pico_Installer/pico-sdk/src/common/pico_time/time.c.obj
 .text.timer_pool_entry_comparator
                0x1000281c       0x7c CMakeFiles/pico_w_webserver.dir/D_/programs/Pico_Installer/pico-sdk/src/common/pico_time/time.c.obj
                0x1000281c                timer_pool_entry_comparator
 .text.ph_add_child_node
                0x10002898       0xa4 CMakeFiles/pico_w_webserver.dir/D_/programs/Pico_Installer/pico-sdk/src/common/pico_time/time.c.obj
 .text.ph_merge_nodes
                0x1000293c       0x3e CMakeFiles/pico_w_webserver.dir/D_/programs/Pico_Installer/pico-sdk/src/common/pico_time/time.c.obj
 *fill*         0x1000297a        0x2 
 .text.add_alarm_under_lock
                0x1000297c      0x174 CMakeFiles/pico_w_webserver.dir/D_/programs/Pico_Installer/pico-sdk/src/common/pico_time/time.c.obj
 .text.alarm_pool_alarm_callback
                0x10002af0      0x33c CMakeFiles/pico_w_webserver.dir/D_/programs/Pico_Installer/pico-sdk/src/common/pico_time/time.c.obj
 .text.alarm_pool_init_default
                0x10002e2c       0x40 CMakeFiles/pico_w_webserver.dir/D_/programs/Pico_Installer/pico-sdk/src/common/pico_time/time.c.obj
                0x10002e2c                alarm_pool_init_default
 .text.alarm_pool_get_default
                0x10002e6c       0x2c CMakeFiles/pico_w_webserver.dir/D_/programs/Pico_Installer/pico-sdk/src/common/pico_time/time.c.obj
                0x10002e6c                alarm_pool_get_default
 .text.alarm_pool_add_alarm_at
                0x10002e98      0x168 CMakeFiles/pico_w_webserver.dir/D_/programs/Pico_Installer/pico-sdk/src/common/pico_time/time.c.obj
                0x10002e98                alarm_pool_add_alarm_at
 .text.alarm_pool_cancel_alarm
                0x10003000       0xf8 CMakeFiles/pico_w_webserver.dir/D_/programs/Pico_Installer/pico-sdk/src/common/pico_time/time.c.obj
                0x10003000                alarm_pool_cancel_alarm
 .text.alarm_pool_core_num
                0x100030f8        0x4 CMakeFiles/pico_w_webserver.dir/D_/programs/Pico_Installer/pico-sdk/src/common/pico_time/time.c.obj
                0x100030f8                alarm_pool_core_num
 .text.sleep_until
                0x100030fc       0xfc CMakeFiles/pico_w_webserver.dir/D_/programs/Pico_Installer/pico-sdk/src/common/pico_time/time.c.obj
                0x100030fc                sleep_until
 .text.sleep_us
                0x100031f8       0x58 CMakeFiles/pico_w_webserver.dir/D_/programs/Pico_Installer/pico-sdk/src/common/pico_time/time.c.obj
                0x100031f8                sleep_us
 .text.sleep_ms
                0x10003250       0x14 CMakeFiles/pico_w_webserver.dir/D_/programs/Pico_Installer/pico-sdk/src/common/pico_time/time.c.obj
                0x10003250                sleep_ms
 .text.best_effort_wfe_or_timeout
                0x10003264       0xac CMakeFiles/pico_w_webserver.dir/D_/programs/Pico_Installer/pico-sdk/src/common/pico_time/time.c.obj
                0x10003264                best_effort_wfe_or_timeout
 .text.hardware_alarm_irq_handler
                0x10003310       0x90 CMakeFiles/pico_w_webserver.dir/D_/programs/Pico_Installer/pico-sdk/src/rp2_common/hardware_timer/timer.c.obj
 .text.hardware_alarm_claim
                0x100033a0       0x18 CMakeFiles/pico_w_webserver.dir/D_/programs/Pico_Installer/pico-sdk/src/rp2_common/hardware_timer/timer.c.obj
                0x100033a0                hardware_alarm_claim
 .text.time_us_64
                0x100033b8       0x18 CMakeFiles/pico_w_webserver.dir/D_/programs/Pico_Installer/pico-sdk/src/rp2_common/hardware_timer/timer.c.obj
                0x100033b8                time_us_64
 .text.busy_wait_until
                0x100033d0       0x28 CMakeFiles/pico_w_webserver.dir/D_/programs/Pico_Installer/pico-sdk/src/rp2_common/hardware_timer/timer.c.obj
                0x100033d0                busy_wait_until
 .text.busy_wait_us
                0x100033f8       0x48 CMakeFiles/pico_w_webserver.dir/D_/programs/Pico_Installer/pico-sdk/src/rp2_common/hardware_timer/timer.c.obj
                0x100033f8                busy_wait_us
 .text.hardware_alarm_set_callback
                0x10003440       0x90 CMakeFiles/pico_w_webserver.dir/D_/programs/Pico_Installer/pico-sdk/src/rp2_common/hardware_timer/timer.c.obj
                0x10003440                hardware_alarm_set_callback
 .text.hardware_alarm_set_target
                0x100034d0       0xe8 CMakeFiles/pico_w_webserver.dir/D_/programs/Pico_Installer/pico-sdk/src/rp2_common/hardware_timer/timer.c.obj
                0x100034d0                hardware_alarm_set_target
 .text.hardware_alarm_cancel
                0x100035b8       0x40 CMakeFiles/pico_w_webserver.dir/D_/programs/Pico_Installer/pico-sdk/src/rp2_common/hardware_timer/timer.c.obj
                0x100035b8                hardware_alarm_cancel
 .text.ph_add_child_node
                0x100035f8       0xa4 CMakeFiles/pico_w_webserver.dir/D_/programs/Pico_Installer/pico-sdk/src/common/pico_util/pheap.c.obj
 .text.ph_merge_nodes
                0x1000369c       0x3e CMakeFiles/pico_w_webserver.dir/D_/programs/Pico_Installer/pico-sdk/src/common/pico_util/pheap.c.obj
 *fill*         0x100036da        0x2 
 .text.ph_clear
                0x100036dc       0x70 CMakeFiles/pico_w_webserver.dir/D_/programs/Pico_Installer/pico-sdk/src/common/pico_util/pheap.c.obj
                0x100036dc                ph_clear
 .text.ph_post_alloc_init
                0x1000374c        0xe CMakeFiles/pico_w_webserver.dir/D_/programs/Pico_Installer/pico-sdk/src/common/pico_util/pheap.c.obj
                0x1000374c                ph_post_alloc_init
 *fill*         0x1000375a        0x2 
 .text.ph_merge_two_pass
                0x1000375c       0xa8 CMakeFiles/pico_w_webserver.dir/D_/programs/Pico_Installer/pico-sdk/src/common/pico_util/pheap.c.obj
                0x1000375c                ph_merge_two_pass
 .text.ph_remove_any_head
                0x10003804      0x128 CMakeFiles/pico_w_webserver.dir/D_/programs/Pico_Installer/pico-sdk/src/common/pico_util/pheap.c.obj
 .text.ph_remove_head
                0x1000392c       0x14 CMakeFiles/pico_w_webserver.dir/D_/programs/Pico_Installer/pico-sdk/src/common/pico_util/pheap.c.obj
                0x1000392c                ph_remove_head
 .text.ph_remove_and_free_node
                0x10003940       0xf8 CMakeFiles/pico_w_webserver.dir/D_/programs/Pico_Installer/pico-sdk/src/common/pico_util/pheap.c.obj
                0x10003940                ph_remove_and_free_node
 .text.pll_init
                0x10003a38      0x120 CMakeFiles/pico_w_webserver.dir/D_/programs/Pico_Installer/pico-sdk/src/rp2_common/hardware_pll/pll.c.obj
                0x10003a38                pll_init
 .text.watchdog_start_tick
                0x10003b58       0x10 CMakeFiles/pico_w_webserver.dir/e663a0b9db733931c71310fe17d14207/rp2_common/hardware_watchdog/watchdog.c.obj
                0x10003b58                watchdog_start_tick
 .text.watchdog_update
                0x10003b68       0x14 CMakeFiles/pico_w_webserver.dir/e663a0b9db733931c71310fe17d14207/rp2_common/hardware_watchdog/watchdog.c.obj
                0x10003b68                watchdog_update
 .text._watchdog_enable
                0x10003b7c       0x78 CMakeFiles/pico_w_webserver.dir/e663a0b9db733931c71310fe17d14207/rp2_common/hardware_watchdog/watchdog.c.obj
                0x10003b7c                _watchdog_enable
 .text.watchdog_reboot
                0x10003bf4       0x48 CMakeFiles/pico_w_webserver.dir/e663a0b9db733931c71310fe17d14207/rp2_common/hardware_watchdog/watchdog.c.obj
                0x10003bf4                watchdog_reboot
 .text.xosc_init
                0x10003c3c       0x28 CMakeFiles/pico_w_webserver.dir/D_/programs/Pico_Installer/pico-sdk/src/rp2_common/hardware_xosc/xosc.c.obj
                0x10003c3c                xosc_init
 .text.lwip_init
                0x10003c64       0x24 CMakeFiles/pico_w_webserver.dir/D_/programs/Pico_Installer/pico-sdk/lib/lwip/src/core/init.c.obj
                0x10003c64                lwip_init
 .text.lwip_htons
                0x10003c88        0xa CMakeFiles/pico_w_webserver.dir/D_/programs/Pico_Installer/pico-sdk/lib/lwip/src/core/def.c.obj
                0x10003c88                lwip_htons
 .text.lwip_htonl
                0x10003c92       0x1c CMakeFiles/pico_w_webserver.dir/D_/programs/Pico_Installer/pico-sdk/lib/lwip/src/core/def.c.obj
                0x10003c92                lwip_htonl
 .text.lwip_strnstr
                0x10003cae       0x58 CMakeFiles/pico_w_webserver.dir/D_/programs/Pico_Installer/pico-sdk/lib/lwip/src/core/def.c.obj
                0x10003cae                lwip_strnstr
 .text.lwip_stricmp
                0x10003d06       0x3a CMakeFiles/pico_w_webserver.dir/D_/programs/Pico_Installer/pico-sdk/lib/lwip/src/core/def.c.obj
                0x10003d06                lwip_stricmp
 .text.dns_backupserver_available
                0x10003d40       0x28 CMakeFiles/pico_w_webserver.dir/D_/programs/Pico_Installer/pico-sdk/lib/lwip/src/core/dns.c.obj
 .text.dns_create_txid
                0x10003d68       0x3c CMakeFiles/pico_w_webserver.dir/D_/programs/Pico_Installer/pico-sdk/lib/lwip/src/core/dns.c.obj
 .text.dns_call_found
                0x10003da4       0xf4 CMakeFiles/pico_w_webserver.dir/D_/programs/Pico_Installer/pico-sdk/lib/lwip/src/core/dns.c.obj
 .text.dns_send
                0x10003e98      0x178 CMakeFiles/pico_w_webserver.dir/D_/programs/Pico_Installer/pico-sdk/lib/lwip/src/core/dns.c.obj
 .text.dns_check_entry
                0x10004010      0x11c CMakeFiles/pico_w_webserver.dir/D_/programs/Pico_Installer/pico-sdk/lib/lwip/src/core/dns.c.obj
 .text.dns_check_entries
                0x1000412c       0x16 CMakeFiles/pico_w_webserver.dir/D_/programs/Pico_Installer/pico-sdk/lib/lwip/src/core/dns.c.obj
 .text.dns_init
                0x10004142        0x2 CMakeFiles/pico_w_webserver.dir/D_/programs/Pico_Installer/pico-sdk/lib/lwip/src/core/dns.c.obj
                0x10004142                dns_init
 .text.dns_setserver
                0x10004144       0x28 CMakeFiles/pico_w_webserver.dir/D_/programs/Pico_Installer/pico-sdk/lib/lwip/src/core/dns.c.obj
                0x10004144                dns_setserver
 .text.dns_tmr  0x1000416c        0x8 CMakeFiles/pico_w_webserver.dir/D_/programs/Pico_Installer/pico-sdk/lib/lwip/src/core/dns.c.obj
                0x1000416c                dns_tmr
 .text.lwip_standard_chksum
                0x10004174       0xac CMakeFiles/pico_w_webserver.dir/D_/programs/Pico_Installer/pico-sdk/lib/lwip/src/core/inet_chksum.c.obj
                0x10004174                lwip_standard_chksum
 .text.inet_cksum_pseudo_base
                0x10004220       0x7c CMakeFiles/pico_w_webserver.dir/D_/programs/Pico_Installer/pico-sdk/lib/lwip/src/core/inet_chksum.c.obj
 .text.inet_chksum_pseudo
                0x1000429c       0x30 CMakeFiles/pico_w_webserver.dir/D_/programs/Pico_Installer/pico-sdk/lib/lwip/src/core/inet_chksum.c.obj
                0x1000429c                inet_chksum_pseudo
 .text.ip_chksum_pseudo
                0x100042cc       0x10 CMakeFiles/pico_w_webserver.dir/D_/programs/Pico_Installer/pico-sdk/lib/lwip/src/core/inet_chksum.c.obj
                0x100042cc                ip_chksum_pseudo
 .text.inet_chksum
                0x100042dc        0xc CMakeFiles/pico_w_webserver.dir/D_/programs/Pico_Installer/pico-sdk/lib/lwip/src/core/inet_chksum.c.obj
                0x100042dc                inet_chksum
 .text.inet_chksum_pbuf
                0x100042e8       0x52 CMakeFiles/pico_w_webserver.dir/D_/programs/Pico_Installer/pico-sdk/lib/lwip/src/core/inet_chksum.c.obj
                0x100042e8                inet_chksum_pbuf
 *fill*         0x1000433a        0x2 
 .text.ptr_to_mem
                0x1000433c        0xc CMakeFiles/pico_w_webserver.dir/D_/programs/Pico_Installer/pico-sdk/lib/lwip/src/core/mem.c.obj
 .text.mem_to_ptr
                0x10004348       0x10 CMakeFiles/pico_w_webserver.dir/D_/programs/Pico_Installer/pico-sdk/lib/lwip/src/core/mem.c.obj
 .text.mem_link_valid
                0x10004358       0x5c CMakeFiles/pico_w_webserver.dir/D_/programs/Pico_Installer/pico-sdk/lib/lwip/src/core/mem.c.obj
 .text.plug_holes
                0x100043b4       0xd4 CMakeFiles/pico_w_webserver.dir/D_/programs/Pico_Installer/pico-sdk/lib/lwip/src/core/mem.c.obj
 .text.mem_init
                0x10004488       0x44 CMakeFiles/pico_w_webserver.dir/D_/programs/Pico_Installer/pico-sdk/lib/lwip/src/core/mem.c.obj
                0x10004488                mem_init
 .text.mem_free
                0x100044cc       0x84 CMakeFiles/pico_w_webserver.dir/D_/programs/Pico_Installer/pico-sdk/lib/lwip/src/core/mem.c.obj
                0x100044cc                mem_free
 .text.mem_trim
                0x10004550      0x134 CMakeFiles/pico_w_webserver.dir/D_/programs/Pico_Installer/pico-sdk/lib/lwip/src/core/mem.c.obj
                0x10004550                mem_trim
 .text.mem_malloc
                0x10004684      0x134 CMakeFiles/pico_w_webserver.dir/D_/programs/Pico_Installer/pico-sdk/lib/lwip/src/core/mem.c.obj
                0x10004684                mem_malloc
 .text.do_memp_malloc_pool
                0x100047b8       0x30 CMakeFiles/pico_w_webserver.dir/D_/programs/Pico_Installer/pico-sdk/lib/lwip/src/core/memp.c.obj
 .text.do_memp_free_pool
                0x100047e8       0x28 CMakeFiles/pico_w_webserver.dir/D_/programs/Pico_Installer/pico-sdk/lib/lwip/src/core/memp.c.obj
 .text.memp_init_pool
                0x10004810       0x2a CMakeFiles/pico_w_webserver.dir/D_/programs/Pico_Installer/pico-sdk/lib/lwip/src/core/memp.c.obj
                0x10004810                memp_init_pool
 *fill*         0x1000483a        0x2 
 .text.memp_init
                0x1000483c       0x20 CMakeFiles/pico_w_webserver.dir/D_/programs/Pico_Installer/pico-sdk/lib/lwip/src/core/memp.c.obj
                0x1000483c                memp_init
 .text.memp_malloc
                0x1000485c       0x24 CMakeFiles/pico_w_webserver.dir/D_/programs/Pico_Installer/pico-sdk/lib/lwip/src/core/memp.c.obj
                0x1000485c                memp_malloc
 .text.memp_free
                0x10004880       0x28 CMakeFiles/pico_w_webserver.dir/D_/programs/Pico_Installer/pico-sdk/lib/lwip/src/core/memp.c.obj
                0x10004880                memp_free
 .text.netif_do_set_netmask
                0x100048a8       0x1a CMakeFiles/pico_w_webserver.dir/D_/programs/Pico_Installer/pico-sdk/lib/lwip/src/core/netif.c.obj
 .text.netif_do_set_gw
                0x100048c2       0x1a CMakeFiles/pico_w_webserver.dir/D_/programs/Pico_Installer/pico-sdk/lib/lwip/src/core/netif.c.obj
 .text.netif_null_output_ip4
                0x100048dc        0x6 CMakeFiles/pico_w_webserver.dir/D_/programs/Pico_Installer/pico-sdk/lib/lwip/src/core/netif.c.obj
 .text.netif_do_ip_addr_changed
                0x100048e2       0x1c CMakeFiles/pico_w_webserver.dir/D_/programs/Pico_Installer/pico-sdk/lib/lwip/src/core/netif.c.obj
 *fill*         0x100048fe        0x2 
 .text.netif_issue_reports
                0x10004900       0x34 CMakeFiles/pico_w_webserver.dir/D_/programs/Pico_Installer/pico-sdk/lib/lwip/src/core/netif.c.obj
 .text.netif_do_set_ipaddr
                0x10004934       0x54 CMakeFiles/pico_w_webserver.dir/D_/programs/Pico_Installer/pico-sdk/lib/lwip/src/core/netif.c.obj
 .text.netif_init
                0x10004988        0x2 CMakeFiles/pico_w_webserver.dir/D_/programs/Pico_Installer/pico-sdk/lib/lwip/src/core/netif.c.obj
                0x10004988                netif_init
 *fill*         0x1000498a        0x2 
 .text.netif_set_addr
                0x1000498c       0x78 CMakeFiles/pico_w_webserver.dir/D_/programs/Pico_Installer/pico-sdk/lib/lwip/src/core/netif.c.obj
                0x1000498c                netif_set_addr
 .text.netif_add
                0x10004a04      0x124 CMakeFiles/pico_w_webserver.dir/D_/programs/Pico_Installer/pico-sdk/lib/lwip/src/core/netif.c.obj
                0x10004a04                netif_add
 .text.netif_set_default
                0x10004b28        0xc CMakeFiles/pico_w_webserver.dir/D_/programs/Pico_Installer/pico-sdk/lib/lwip/src/core/netif.c.obj
                0x10004b28                netif_set_default
 .text.netif_set_up
                0x10004b34       0x34 CMakeFiles/pico_w_webserver.dir/D_/programs/Pico_Installer/pico-sdk/lib/lwip/src/core/netif.c.obj
                0x10004b34                netif_set_up
 .text.netif_set_down
                0x10004b68       0x38 CMakeFiles/pico_w_webserver.dir/D_/programs/Pico_Installer/pico-sdk/lib/lwip/src/core/netif.c.obj
                0x10004b68                netif_set_down
 .text.netif_remove
                0x10004ba0       0x64 CMakeFiles/pico_w_webserver.dir/D_/programs/Pico_Installer/pico-sdk/lib/lwip/src/core/netif.c.obj
                0x10004ba0                netif_remove
 .text.netif_set_link_up
                0x10004c04       0x3c CMakeFiles/pico_w_webserver.dir/D_/programs/Pico_Installer/pico-sdk/lib/lwip/src/core/netif.c.obj
                0x10004c04                netif_set_link_up
 .text.netif_set_link_down
                0x10004c40       0x2c CMakeFiles/pico_w_webserver.dir/D_/programs/Pico_Installer/pico-sdk/lib/lwip/src/core/netif.c.obj
                0x10004c40                netif_set_link_down
 .text.netif_get_by_index
                0x10004c6c       0x24 CMakeFiles/pico_w_webserver.dir/D_/programs/Pico_Installer/pico-sdk/lib/lwip/src/core/netif.c.obj
                0x10004c6c                netif_get_by_index
 .text.pbuf_init_alloced_pbuf
                0x10004c90       0x20 CMakeFiles/pico_w_webserver.dir/D_/programs/Pico_Installer/pico-sdk/lib/lwip/src/core/pbuf.c.obj
 .text.pbuf_skip_const
                0x10004cb0       0x1a CMakeFiles/pico_w_webserver.dir/D_/programs/Pico_Installer/pico-sdk/lib/lwip/src/core/pbuf.c.obj
 *fill*         0x10004cca        0x2 
 .text.pbuf_pool_is_empty
                0x10004ccc       0x18 CMakeFiles/pico_w_webserver.dir/D_/programs/Pico_Installer/pico-sdk/lib/lwip/src/core/pbuf.c.obj
 .text.pbuf_add_header_impl
                0x10004ce4       0x68 CMakeFiles/pico_w_webserver.dir/D_/programs/Pico_Installer/pico-sdk/lib/lwip/src/core/pbuf.c.obj
 .text.pbuf_free_ooseq
                0x10004d4c       0x30 CMakeFiles/pico_w_webserver.dir/D_/programs/Pico_Installer/pico-sdk/lib/lwip/src/core/pbuf.c.obj
                0x10004d4c                pbuf_free_ooseq
 .text.pbuf_alloc_reference
                0x10004d7c       0x3c CMakeFiles/pico_w_webserver.dir/D_/programs/Pico_Installer/pico-sdk/lib/lwip/src/core/pbuf.c.obj
                0x10004d7c                pbuf_alloc_reference
 .text.pbuf_add_header
                0x10004db8        0xa CMakeFiles/pico_w_webserver.dir/D_/programs/Pico_Installer/pico-sdk/lib/lwip/src/core/pbuf.c.obj
                0x10004db8                pbuf_add_header
 *fill*         0x10004dc2        0x2 
 .text.pbuf_remove_header
                0x10004dc4       0x50 CMakeFiles/pico_w_webserver.dir/D_/programs/Pico_Installer/pico-sdk/lib/lwip/src/core/pbuf.c.obj
                0x10004dc4                pbuf_remove_header
 .text.pbuf_header_impl
                0x10004e14       0x14 CMakeFiles/pico_w_webserver.dir/D_/programs/Pico_Installer/pico-sdk/lib/lwip/src/core/pbuf.c.obj
 .text.pbuf_header_force
                0x10004e28        0xa CMakeFiles/pico_w_webserver.dir/D_/programs/Pico_Installer/pico-sdk/lib/lwip/src/core/pbuf.c.obj
                0x10004e28                pbuf_header_force
 *fill*         0x10004e32        0x2 
 .text.pbuf_free
                0x10004e34       0x7c CMakeFiles/pico_w_webserver.dir/D_/programs/Pico_Installer/pico-sdk/lib/lwip/src/core/pbuf.c.obj
                0x10004e34                pbuf_free
 .text.pbuf_alloc
                0x10004eb0      0x148 CMakeFiles/pico_w_webserver.dir/D_/programs/Pico_Installer/pico-sdk/lib/lwip/src/core/pbuf.c.obj
                0x10004eb0                pbuf_alloc
 .text.pbuf_realloc
                0x10004ff8       0x84 CMakeFiles/pico_w_webserver.dir/D_/programs/Pico_Installer/pico-sdk/lib/lwip/src/core/pbuf.c.obj
                0x10004ff8                pbuf_realloc
 .text.pbuf_clen
                0x1000507c       0x12 CMakeFiles/pico_w_webserver.dir/D_/programs/Pico_Installer/pico-sdk/lib/lwip/src/core/pbuf.c.obj
                0x1000507c                pbuf_clen
 *fill*         0x1000508e        0x2 
 .text.pbuf_ref
                0x10005090       0x28 CMakeFiles/pico_w_webserver.dir/D_/programs/Pico_Installer/pico-sdk/lib/lwip/src/core/pbuf.c.obj
                0x10005090                pbuf_ref
 .text.pbuf_cat
                0x100050b8       0x44 CMakeFiles/pico_w_webserver.dir/D_/programs/Pico_Installer/pico-sdk/lib/lwip/src/core/pbuf.c.obj
                0x100050b8                pbuf_cat
 .text.pbuf_chain
                0x100050fc       0x10 CMakeFiles/pico_w_webserver.dir/D_/programs/Pico_Installer/pico-sdk/lib/lwip/src/core/pbuf.c.obj
                0x100050fc                pbuf_chain
 .text.pbuf_copy_partial_pbuf
                0x1000510c      0x13c CMakeFiles/pico_w_webserver.dir/D_/programs/Pico_Installer/pico-sdk/lib/lwip/src/core/pbuf.c.obj
                0x1000510c                pbuf_copy_partial_pbuf
 .text.pbuf_copy
                0x10005248       0x20 CMakeFiles/pico_w_webserver.dir/D_/programs/Pico_Installer/pico-sdk/lib/lwip/src/core/pbuf.c.obj
                0x10005248                pbuf_copy
 .text.pbuf_copy_partial
                0x10005268       0x90 CMakeFiles/pico_w_webserver.dir/D_/programs/Pico_Installer/pico-sdk/lib/lwip/src/core/pbuf.c.obj
                0x10005268                pbuf_copy_partial
 .text.pbuf_skip
                0x100052f8        0x8 CMakeFiles/pico_w_webserver.dir/D_/programs/Pico_Installer/pico-sdk/lib/lwip/src/core/pbuf.c.obj
                0x100052f8                pbuf_skip
 .text.pbuf_take
                0x10005300       0x98 CMakeFiles/pico_w_webserver.dir/D_/programs/Pico_Installer/pico-sdk/lib/lwip/src/core/pbuf.c.obj
                0x10005300                pbuf_take
 .text.pbuf_take_at
                0x10005398       0x70 CMakeFiles/pico_w_webserver.dir/D_/programs/Pico_Installer/pico-sdk/lib/lwip/src/core/pbuf.c.obj
                0x10005398                pbuf_take_at
 .text.pbuf_clone
                0x10005408       0x2c CMakeFiles/pico_w_webserver.dir/D_/programs/Pico_Installer/pico-sdk/lib/lwip/src/core/pbuf.c.obj
                0x10005408                pbuf_clone
 .text.pbuf_put_at
                0x10005434       0x26 CMakeFiles/pico_w_webserver.dir/D_/programs/Pico_Installer/pico-sdk/lib/lwip/src/core/pbuf.c.obj
                0x10005434                pbuf_put_at
 *fill*         0x1000545a        0x2 
 .text.raw_input_local_match
                0x1000545c       0x5c CMakeFiles/pico_w_webserver.dir/D_/programs/Pico_Installer/pico-sdk/lib/lwip/src/core/raw.c.obj
 .text.raw_input
                0x100054b8       0xb0 CMakeFiles/pico_w_webserver.dir/D_/programs/Pico_Installer/pico-sdk/lib/lwip/src/core/raw.c.obj
                0x100054b8                raw_input
 .text.raw_netif_ip_addr_changed
                0x10005568       0x38 CMakeFiles/pico_w_webserver.dir/D_/programs/Pico_Installer/pico-sdk/lib/lwip/src/core/raw.c.obj
                0x10005568                raw_netif_ip_addr_changed
 .text.stats_init
                0x100055a0        0x2 CMakeFiles/pico_w_webserver.dir/D_/programs/Pico_Installer/pico-sdk/lib/lwip/src/core/stats.c.obj
                0x100055a0                stats_init
 *fill*         0x100055a2        0x2 
 .text.tcp_new_port
                0x100055a4       0x6c CMakeFiles/pico_w_webserver.dir/D_/programs/Pico_Installer/pico-sdk/lib/lwip/src/core/tcp.c.obj
 .text.tcp_remove_listener
                0x10005610       0x24 CMakeFiles/pico_w_webserver.dir/D_/programs/Pico_Installer/pico-sdk/lib/lwip/src/core/tcp.c.obj
 .text.tcp_listen_closed
                0x10005634       0x40 CMakeFiles/pico_w_webserver.dir/D_/programs/Pico_Installer/pico-sdk/lib/lwip/src/core/tcp.c.obj
 .text.tcp_free_listen
                0x10005674       0x1c CMakeFiles/pico_w_webserver.dir/D_/programs/Pico_Installer/pico-sdk/lib/lwip/src/core/tcp.c.obj
 .text.tcp_close_shutdown_fin
                0x10005690       0x68 CMakeFiles/pico_w_webserver.dir/D_/programs/Pico_Installer/pico-sdk/lib/lwip/src/core/tcp.c.obj
 .text.tcp_handle_closepend
                0x100056f8       0x28 CMakeFiles/pico_w_webserver.dir/D_/programs/Pico_Installer/pico-sdk/lib/lwip/src/core/tcp.c.obj
 .text.tcp_init
                0x10005720       0x20 CMakeFiles/pico_w_webserver.dir/D_/programs/Pico_Installer/pico-sdk/lib/lwip/src/core/tcp.c.obj
                0x10005720                tcp_init
 .text.tcp_free
                0x10005740       0x1c CMakeFiles/pico_w_webserver.dir/D_/programs/Pico_Installer/pico-sdk/lib/lwip/src/core/tcp.c.obj
                0x10005740                tcp_free
 .text.tcp_bind
                0x1000575c       0xc8 CMakeFiles/pico_w_webserver.dir/D_/programs/Pico_Installer/pico-sdk/lib/lwip/src/core/tcp.c.obj
                0x1000575c                tcp_bind
 .text.tcp_listen_with_backlog_and_err
                0x10005824       0xd0 CMakeFiles/pico_w_webserver.dir/D_/programs/Pico_Installer/pico-sdk/lib/lwip/src/core/tcp.c.obj
                0x10005824                tcp_listen_with_backlog_and_err
 .text.tcp_listen_with_backlog
                0x100058f4        0xa CMakeFiles/pico_w_webserver.dir/D_/programs/Pico_Installer/pico-sdk/lib/lwip/src/core/tcp.c.obj
                0x100058f4                tcp_listen_with_backlog
 *fill*         0x100058fe        0x2 
 .text.tcp_update_rcv_ann_wnd
                0x10005900       0x58 CMakeFiles/pico_w_webserver.dir/D_/programs/Pico_Installer/pico-sdk/lib/lwip/src/core/tcp.c.obj
                0x10005900                tcp_update_rcv_ann_wnd
 .text.tcp_recved
                0x10005958       0x60 CMakeFiles/pico_w_webserver.dir/D_/programs/Pico_Installer/pico-sdk/lib/lwip/src/core/tcp.c.obj
                0x10005958                tcp_recved
 .text.tcp_seg_free
                0x100059b8       0x1a CMakeFiles/pico_w_webserver.dir/D_/programs/Pico_Installer/pico-sdk/lib/lwip/src/core/tcp.c.obj
                0x100059b8                tcp_seg_free
 .text.tcp_segs_free
                0x100059d2       0x12 CMakeFiles/pico_w_webserver.dir/D_/programs/Pico_Installer/pico-sdk/lib/lwip/src/core/tcp.c.obj
                0x100059d2                tcp_segs_free
 .text.tcp_setprio
                0x100059e4       0x18 CMakeFiles/pico_w_webserver.dir/D_/programs/Pico_Installer/pico-sdk/lib/lwip/src/core/tcp.c.obj
                0x100059e4                tcp_setprio
 .text.tcp_seg_copy
                0x100059fc       0x2c CMakeFiles/pico_w_webserver.dir/D_/programs/Pico_Installer/pico-sdk/lib/lwip/src/core/tcp.c.obj
                0x100059fc                tcp_seg_copy
 .text.tcp_arg  0x10005a28        0x8 CMakeFiles/pico_w_webserver.dir/D_/programs/Pico_Installer/pico-sdk/lib/lwip/src/core/tcp.c.obj
                0x10005a28                tcp_arg
 .text.tcp_recv
                0x10005a30       0x1c CMakeFiles/pico_w_webserver.dir/D_/programs/Pico_Installer/pico-sdk/lib/lwip/src/core/tcp.c.obj
                0x10005a30                tcp_recv
 .text.tcp_sent
                0x10005a4c       0x1c CMakeFiles/pico_w_webserver.dir/D_/programs/Pico_Installer/pico-sdk/lib/lwip/src/core/tcp.c.obj
                0x10005a4c                tcp_sent
 .text.tcp_err  0x10005a68       0x1c CMakeFiles/pico_w_webserver.dir/D_/programs/Pico_Installer/pico-sdk/lib/lwip/src/core/tcp.c.obj
                0x10005a68                tcp_err
 .text.tcp_accept
                0x10005a84       0x10 CMakeFiles/pico_w_webserver.dir/D_/programs/Pico_Installer/pico-sdk/lib/lwip/src/core/tcp.c.obj
                0x10005a84                tcp_accept
 .text.tcp_poll
                0x10005a94       0x2c CMakeFiles/pico_w_webserver.dir/D_/programs/Pico_Installer/pico-sdk/lib/lwip/src/core/tcp.c.obj
                0x10005a94                tcp_poll
 .text.tcp_next_iss
                0x10005ac0       0x28 CMakeFiles/pico_w_webserver.dir/D_/programs/Pico_Installer/pico-sdk/lib/lwip/src/core/tcp.c.obj
                0x10005ac0                tcp_next_iss
 .text.tcp_eff_send_mss_netif
                0x10005ae8       0x34 CMakeFiles/pico_w_webserver.dir/D_/programs/Pico_Installer/pico-sdk/lib/lwip/src/core/tcp.c.obj
                0x10005ae8                tcp_eff_send_mss_netif
 .text.tcp_free_ooseq
                0x10005b1c       0x14 CMakeFiles/pico_w_webserver.dir/D_/programs/Pico_Installer/pico-sdk/lib/lwip/src/core/tcp.c.obj
                0x10005b1c                tcp_free_ooseq
 .text.tcp_pcb_purge
                0x10005b30       0x58 CMakeFiles/pico_w_webserver.dir/D_/programs/Pico_Installer/pico-sdk/lib/lwip/src/core/tcp.c.obj
                0x10005b30                tcp_pcb_purge
 .text.tcp_pcb_remove
                0x10005b88       0xa4 CMakeFiles/pico_w_webserver.dir/D_/programs/Pico_Installer/pico-sdk/lib/lwip/src/core/tcp.c.obj
                0x10005b88                tcp_pcb_remove
 .text.tcp_abandon
                0x10005c2c      0x10c CMakeFiles/pico_w_webserver.dir/D_/programs/Pico_Installer/pico-sdk/lib/lwip/src/core/tcp.c.obj
                0x10005c2c                tcp_abandon
 .text.tcp_abort
                0x10005d38        0xa CMakeFiles/pico_w_webserver.dir/D_/programs/Pico_Installer/pico-sdk/lib/lwip/src/core/tcp.c.obj
                0x10005d38                tcp_abort
 *fill*         0x10005d42        0x2 
 .text.tcp_accept_null
                0x10005d44       0x1c CMakeFiles/pico_w_webserver.dir/D_/programs/Pico_Installer/pico-sdk/lib/lwip/src/core/tcp.c.obj
 .text.tcp_kill_timewait
                0x10005d60       0x38 CMakeFiles/pico_w_webserver.dir/D_/programs/Pico_Installer/pico-sdk/lib/lwip/src/core/tcp.c.obj
 .text.tcp_kill_prio
                0x10005d98       0x58 CMakeFiles/pico_w_webserver.dir/D_/programs/Pico_Installer/pico-sdk/lib/lwip/src/core/tcp.c.obj
 .text.tcp_netif_ip_addr_changed_pcblist
                0x10005df0       0x30 CMakeFiles/pico_w_webserver.dir/D_/programs/Pico_Installer/pico-sdk/lib/lwip/src/core/tcp.c.obj
 .text.tcp_netif_ip_addr_changed
                0x10005e20       0x54 CMakeFiles/pico_w_webserver.dir/D_/programs/Pico_Installer/pico-sdk/lib/lwip/src/core/tcp.c.obj
                0x10005e20                tcp_netif_ip_addr_changed
 .text.tcp_kill_state
                0x10005e74       0x54 CMakeFiles/pico_w_webserver.dir/D_/programs/Pico_Installer/pico-sdk/lib/lwip/src/core/tcp.c.obj
 .text.tcp_alloc
                0x10005ec8       0xcc CMakeFiles/pico_w_webserver.dir/D_/programs/Pico_Installer/pico-sdk/lib/lwip/src/core/tcp.c.obj
                0x10005ec8                tcp_alloc
 .text.tcp_new_ip_type
                0x10005f94        0xa CMakeFiles/pico_w_webserver.dir/D_/programs/Pico_Installer/pico-sdk/lib/lwip/src/core/tcp.c.obj
                0x10005f94                tcp_new_ip_type
 *fill*         0x10005f9e        0x2 
 .text.tcp_close_shutdown
                0x10005fa0      0x13c CMakeFiles/pico_w_webserver.dir/D_/programs/Pico_Installer/pico-sdk/lib/lwip/src/core/tcp.c.obj
 .text.tcp_close
                0x100060dc       0x2c CMakeFiles/pico_w_webserver.dir/D_/programs/Pico_Installer/pico-sdk/lib/lwip/src/core/tcp.c.obj
                0x100060dc                tcp_close
 .text.tcp_recv_null
                0x10006108       0x3c CMakeFiles/pico_w_webserver.dir/D_/programs/Pico_Installer/pico-sdk/lib/lwip/src/core/tcp.c.obj
                0x10006108                tcp_recv_null
 .text.tcp_process_refused_data
                0x10006144       0x88 CMakeFiles/pico_w_webserver.dir/D_/programs/Pico_Installer/pico-sdk/lib/lwip/src/core/tcp.c.obj
                0x10006144                tcp_process_refused_data
 .text.tcp_fasttmr
                0x100061cc       0x80 CMakeFiles/pico_w_webserver.dir/D_/programs/Pico_Installer/pico-sdk/lib/lwip/src/core/tcp.c.obj
                0x100061cc                tcp_fasttmr
 .text.tcp_slowtmr
                0x1000624c      0x44c CMakeFiles/pico_w_webserver.dir/D_/programs/Pico_Installer/pico-sdk/lib/lwip/src/core/tcp.c.obj
                0x1000624c                tcp_slowtmr
 .text.tcp_tmr  0x10006698       0x20 CMakeFiles/pico_w_webserver.dir/D_/programs/Pico_Installer/pico-sdk/lib/lwip/src/core/tcp.c.obj
                0x10006698                tcp_tmr
 .text.tcp_get_next_optbyte
                0x100066b8       0x40 CMakeFiles/pico_w_webserver.dir/D_/programs/Pico_Installer/pico-sdk/lib/lwip/src/core/tcp_in.c.obj
 .text.tcp_parseopt
                0x100066f8       0x9c CMakeFiles/pico_w_webserver.dir/D_/programs/Pico_Installer/pico-sdk/lib/lwip/src/core/tcp_in.c.obj
 .text.tcp_input_delayed_close
                0x10006794       0x4c CMakeFiles/pico_w_webserver.dir/D_/programs/Pico_Installer/pico-sdk/lib/lwip/src/core/tcp_in.c.obj
 .text.tcp_timewait_input
                0x100067e0       0xa0 CMakeFiles/pico_w_webserver.dir/D_/programs/Pico_Installer/pico-sdk/lib/lwip/src/core/tcp_in.c.obj
 .text.tcp_listen_input
                0x10006880      0x15c CMakeFiles/pico_w_webserver.dir/D_/programs/Pico_Installer/pico-sdk/lib/lwip/src/core/tcp_in.c.obj
 .text.tcp_free_acked_segments
                0x100069dc       0xc0 CMakeFiles/pico_w_webserver.dir/D_/programs/Pico_Installer/pico-sdk/lib/lwip/src/core/tcp_in.c.obj
 .text.tcp_oos_insert_segment
                0x10006a9c       0xd4 CMakeFiles/pico_w_webserver.dir/D_/programs/Pico_Installer/pico-sdk/lib/lwip/src/core/tcp_in.c.obj
 .text.tcp_receive
                0x10006b70      0x9f0 CMakeFiles/pico_w_webserver.dir/D_/programs/Pico_Installer/pico-sdk/lib/lwip/src/core/tcp_in.c.obj
 .text.tcp_process
                0x10007560      0x55c CMakeFiles/pico_w_webserver.dir/D_/programs/Pico_Installer/pico-sdk/lib/lwip/src/core/tcp_in.c.obj
 .text.tcp_input
                0x10007abc      0x674 CMakeFiles/pico_w_webserver.dir/D_/programs/Pico_Installer/pico-sdk/lib/lwip/src/core/tcp_in.c.obj
                0x10007abc                tcp_input
 .text.tcp_trigger_input_pcb_close
                0x10008130       0x10 CMakeFiles/pico_w_webserver.dir/D_/programs/Pico_Installer/pico-sdk/lib/lwip/src/core/tcp_in.c.obj
                0x10008130                tcp_trigger_input_pcb_close
 .text.tcp_write_checks
                0x10008140       0xa8 CMakeFiles/pico_w_webserver.dir/D_/programs/Pico_Installer/pico-sdk/lib/lwip/src/core/tcp_out.c.obj
 .text.tcp_output_segment_busy
                0x100081e8       0x20 CMakeFiles/pico_w_webserver.dir/D_/programs/Pico_Installer/pico-sdk/lib/lwip/src/core/tcp_out.c.obj
 .text.tcp_output_fill_options
                0x10008208       0x30 CMakeFiles/pico_w_webserver.dir/D_/programs/Pico_Installer/pico-sdk/lib/lwip/src/core/tcp_out.c.obj
 .text.tcp_pbuf_prealloc
                0x10008238       0x4c CMakeFiles/pico_w_webserver.dir/D_/programs/Pico_Installer/pico-sdk/lib/lwip/src/core/tcp_out.c.obj
 .text.tcp_create_segment
                0x10008284       0xf4 CMakeFiles/pico_w_webserver.dir/D_/programs/Pico_Installer/pico-sdk/lib/lwip/src/core/tcp_out.c.obj
 .text.tcp_output_alloc_header_common
                0x10008378       0xd0 CMakeFiles/pico_w_webserver.dir/D_/programs/Pico_Installer/pico-sdk/lib/lwip/src/core/tcp_out.c.obj
 .text.tcp_output_alloc_header
                0x10008448       0x3c CMakeFiles/pico_w_webserver.dir/D_/programs/Pico_Installer/pico-sdk/lib/lwip/src/core/tcp_out.c.obj
 .text.tcp_rst_common
                0x10008484       0x68 CMakeFiles/pico_w_webserver.dir/D_/programs/Pico_Installer/pico-sdk/lib/lwip/src/core/tcp_out.c.obj
 .text.tcp_route
                0x100084ec       0x1a CMakeFiles/pico_w_webserver.dir/D_/programs/Pico_Installer/pico-sdk/lib/lwip/src/core/tcp_out.c.obj
 *fill*         0x10008506        0x2 
 .text.tcp_output_segment
                0x10008508      0x168 CMakeFiles/pico_w_webserver.dir/D_/programs/Pico_Installer/pico-sdk/lib/lwip/src/core/tcp_out.c.obj
 .text.tcp_output_control_segment_netif
                0x10008670       0x84 CMakeFiles/pico_w_webserver.dir/D_/programs/Pico_Installer/pico-sdk/lib/lwip/src/core/tcp_out.c.obj
 .text.tcp_output_control_segment
                0x100086f4       0x44 CMakeFiles/pico_w_webserver.dir/D_/programs/Pico_Installer/pico-sdk/lib/lwip/src/core/tcp_out.c.obj
 .text.tcp_write
                0x10008738      0x368 CMakeFiles/pico_w_webserver.dir/D_/programs/Pico_Installer/pico-sdk/lib/lwip/src/core/tcp_out.c.obj
                0x10008738                tcp_write
 .text.tcp_split_unsent_seg
                0x10008aa0      0x1f8 CMakeFiles/pico_w_webserver.dir/D_/programs/Pico_Installer/pico-sdk/lib/lwip/src/core/tcp_out.c.obj
                0x10008aa0                tcp_split_unsent_seg
 .text.tcp_enqueue_flags
                0x10008c98      0x11c CMakeFiles/pico_w_webserver.dir/D_/programs/Pico_Installer/pico-sdk/lib/lwip/src/core/tcp_out.c.obj
                0x10008c98                tcp_enqueue_flags
 .text.tcp_send_fin
                0x10008db4       0x68 CMakeFiles/pico_w_webserver.dir/D_/programs/Pico_Installer/pico-sdk/lib/lwip/src/core/tcp_out.c.obj
                0x10008db4                tcp_send_fin
 .text.tcp_rexmit_rto_prepare
                0x10008e1c       0xac CMakeFiles/pico_w_webserver.dir/D_/programs/Pico_Installer/pico-sdk/lib/lwip/src/core/tcp_out.c.obj
                0x10008e1c                tcp_rexmit_rto_prepare
 .text.tcp_rexmit
                0x10008ec8       0xa4 CMakeFiles/pico_w_webserver.dir/D_/programs/Pico_Installer/pico-sdk/lib/lwip/src/core/tcp_out.c.obj
                0x10008ec8                tcp_rexmit
 .text.tcp_rexmit_fast
                0x10008f6c       0x68 CMakeFiles/pico_w_webserver.dir/D_/programs/Pico_Installer/pico-sdk/lib/lwip/src/core/tcp_out.c.obj
                0x10008f6c                tcp_rexmit_fast
 .text.tcp_rst  0x10008fd4       0x32 CMakeFiles/pico_w_webserver.dir/D_/programs/Pico_Installer/pico-sdk/lib/lwip/src/core/tcp_out.c.obj
                0x10008fd4                tcp_rst
 .text.tcp_rst_netif
                0x10009006       0x38 CMakeFiles/pico_w_webserver.dir/D_/programs/Pico_Installer/pico-sdk/lib/lwip/src/core/tcp_out.c.obj
                0x10009006                tcp_rst_netif
 *fill*         0x1000903e        0x2 
 .text.tcp_send_empty_ack
                0x10009040       0x64 CMakeFiles/pico_w_webserver.dir/D_/programs/Pico_Installer/pico-sdk/lib/lwip/src/core/tcp_out.c.obj
                0x10009040                tcp_send_empty_ack
 .text.tcp_output
                0x100090a4      0x338 CMakeFiles/pico_w_webserver.dir/D_/programs/Pico_Installer/pico-sdk/lib/lwip/src/core/tcp_out.c.obj
                0x100090a4                tcp_output
 .text.tcp_rexmit_rto_commit
                0x100093dc       0x24 CMakeFiles/pico_w_webserver.dir/D_/programs/Pico_Installer/pico-sdk/lib/lwip/src/core/tcp_out.c.obj
                0x100093dc                tcp_rexmit_rto_commit
 .text.tcp_rexmit_rto
                0x10009400       0x24 CMakeFiles/pico_w_webserver.dir/D_/programs/Pico_Installer/pico-sdk/lib/lwip/src/core/tcp_out.c.obj
                0x10009400                tcp_rexmit_rto
 .text.tcp_keepalive
                0x10009424       0x48 CMakeFiles/pico_w_webserver.dir/D_/programs/Pico_Installer/pico-sdk/lib/lwip/src/core/tcp_out.c.obj
                0x10009424                tcp_keepalive
 .text.tcp_zero_window_probe
                0x1000946c      0x10c CMakeFiles/pico_w_webserver.dir/D_/programs/Pico_Installer/pico-sdk/lib/lwip/src/core/tcp_out.c.obj
                0x1000946c                tcp_zero_window_probe
 .text.sys_timeout_abs
                0x10009578       0x60 CMakeFiles/pico_w_webserver.dir/D_/programs/Pico_Installer/pico-sdk/lib/lwip/src/core/timeouts.c.obj
 .text.lwip_cyclic_timer
                0x100095d8       0x38 CMakeFiles/pico_w_webserver.dir/D_/programs/Pico_Installer/pico-sdk/lib/lwip/src/core/timeouts.c.obj
 .text.sys_timeout
                0x10009610       0x2c CMakeFiles/pico_w_webserver.dir/D_/programs/Pico_Installer/pico-sdk/lib/lwip/src/core/timeouts.c.obj
                0x10009610                sys_timeout
 .text.tcp_timer_needed
                0x1000963c       0x40 CMakeFiles/pico_w_webserver.dir/D_/programs/Pico_Installer/pico-sdk/lib/lwip/src/core/timeouts.c.obj
                0x1000963c                tcp_timer_needed
 .text.tcpip_tcp_timer
                0x1000967c       0x3c CMakeFiles/pico_w_webserver.dir/D_/programs/Pico_Installer/pico-sdk/lib/lwip/src/core/timeouts.c.obj
 .text.sys_timeouts_init
                0x100096b8       0x24 CMakeFiles/pico_w_webserver.dir/D_/programs/Pico_Installer/pico-sdk/lib/lwip/src/core/timeouts.c.obj
                0x100096b8                sys_timeouts_init
 .text.sys_check_timeouts
                0x100096dc       0x54 CMakeFiles/pico_w_webserver.dir/D_/programs/Pico_Installer/pico-sdk/lib/lwip/src/core/timeouts.c.obj
                0x100096dc                sys_check_timeouts
 .text.sys_timeouts_sleeptime
                0x10009730       0x34 CMakeFiles/pico_w_webserver.dir/D_/programs/Pico_Installer/pico-sdk/lib/lwip/src/core/timeouts.c.obj
                0x10009730                sys_timeouts_sleeptime
 .text.udp_new_port
                0x10009764       0x54 CMakeFiles/pico_w_webserver.dir/D_/programs/Pico_Installer/pico-sdk/lib/lwip/src/core/udp.c.obj
 .text.udp_input_local_match
                0x100097b8       0x90 CMakeFiles/pico_w_webserver.dir/D_/programs/Pico_Installer/pico-sdk/lib/lwip/src/core/udp.c.obj
 .text.udp_init
                0x10009848       0x20 CMakeFiles/pico_w_webserver.dir/D_/programs/Pico_Installer/pico-sdk/lib/lwip/src/core/udp.c.obj
                0x10009848                udp_init
 .text.udp_input
                0x10009868      0x210 CMakeFiles/pico_w_webserver.dir/D_/programs/Pico_Installer/pico-sdk/lib/lwip/src/core/udp.c.obj
                0x10009868                udp_input
 .text.udp_bind
                0x10009a78       0xbc CMakeFiles/pico_w_webserver.dir/D_/programs/Pico_Installer/pico-sdk/lib/lwip/src/core/udp.c.obj
                0x10009a78                udp_bind
 .text.udp_sendto_if_src
                0x10009b34      0x17c CMakeFiles/pico_w_webserver.dir/D_/programs/Pico_Installer/pico-sdk/lib/lwip/src/core/udp.c.obj
                0x10009b34                udp_sendto_if_src
 .text.udp_sendto_if
                0x10009cb0       0x84 CMakeFiles/pico_w_webserver.dir/D_/programs/Pico_Installer/pico-sdk/lib/lwip/src/core/udp.c.obj
                0x10009cb0                udp_sendto_if
 .text.udp_sendto
                0x10009d34       0x84 CMakeFiles/pico_w_webserver.dir/D_/programs/Pico_Installer/pico-sdk/lib/lwip/src/core/udp.c.obj
                0x10009d34                udp_sendto
 .text.udp_connect
                0x10009db8       0x74 CMakeFiles/pico_w_webserver.dir/D_/programs/Pico_Installer/pico-sdk/lib/lwip/src/core/udp.c.obj
                0x10009db8                udp_connect
 .text.udp_recv
                0x10009e2c       0x18 CMakeFiles/pico_w_webserver.dir/D_/programs/Pico_Installer/pico-sdk/lib/lwip/src/core/udp.c.obj
                0x10009e2c                udp_recv
 .text.udp_remove
                0x10009e44       0x44 CMakeFiles/pico_w_webserver.dir/D_/programs/Pico_Installer/pico-sdk/lib/lwip/src/core/udp.c.obj
                0x10009e44                udp_remove
 .text.udp_new  0x10009e88       0x1c CMakeFiles/pico_w_webserver.dir/D_/programs/Pico_Installer/pico-sdk/lib/lwip/src/core/udp.c.obj
                0x10009e88                udp_new
 .text.udp_netif_ip_addr_changed
                0x10009ea4       0x38 CMakeFiles/pico_w_webserver.dir/D_/programs/Pico_Installer/pico-sdk/lib/lwip/src/core/udp.c.obj
                0x10009ea4                udp_netif_ip_addr_changed
 .text.dhcp_set_state
                0x10009edc       0x10 CMakeFiles/pico_w_webserver.dir/D_/programs/Pico_Installer/pico-sdk/lib/lwip/src/core/ipv4/dhcp.c.obj
 .text.dhcp_option_short
                0x10009eec       0x24 CMakeFiles/pico_w_webserver.dir/D_/programs/Pico_Installer/pico-sdk/lib/lwip/src/core/ipv4/dhcp.c.obj
 .text.dhcp_option
                0x10009f10       0x24 CMakeFiles/pico_w_webserver.dir/D_/programs/Pico_Installer/pico-sdk/lib/lwip/src/core/ipv4/dhcp.c.obj
 .text.dhcp_option_byte
                0x10009f34       0x1c CMakeFiles/pico_w_webserver.dir/D_/programs/Pico_Installer/pico-sdk/lib/lwip/src/core/ipv4/dhcp.c.obj
 .text.dhcp_option_long
                0x10009f50       0x34 CMakeFiles/pico_w_webserver.dir/D_/programs/Pico_Installer/pico-sdk/lib/lwip/src/core/ipv4/dhcp.c.obj
 .text.dhcp_create_msg
                0x10009f84      0x138 CMakeFiles/pico_w_webserver.dir/D_/programs/Pico_Installer/pico-sdk/lib/lwip/src/core/ipv4/dhcp.c.obj
 .text.dhcp_option_hostname
                0x1000a0bc       0x70 CMakeFiles/pico_w_webserver.dir/D_/programs/Pico_Installer/pico-sdk/lib/lwip/src/core/ipv4/dhcp.c.obj
 .text.dhcp_option_trailer
                0x1000a12c       0x30 CMakeFiles/pico_w_webserver.dir/D_/programs/Pico_Installer/pico-sdk/lib/lwip/src/core/ipv4/dhcp.c.obj
 .text.dhcp_rebind
                0x1000a15c       0xfc CMakeFiles/pico_w_webserver.dir/D_/programs/Pico_Installer/pico-sdk/lib/lwip/src/core/ipv4/dhcp.c.obj
 .text.dhcp_t2_timeout
                0x1000a258       0x2e CMakeFiles/pico_w_webserver.dir/D_/programs/Pico_Installer/pico-sdk/lib/lwip/src/core/ipv4/dhcp.c.obj
 *fill*         0x1000a286        0x2 
 .text.dhcp_reboot
                0x1000a288      0x120 CMakeFiles/pico_w_webserver.dir/D_/programs/Pico_Installer/pico-sdk/lib/lwip/src/core/ipv4/dhcp.c.obj
 .text.dhcp_select
                0x1000a3a8      0x16c CMakeFiles/pico_w_webserver.dir/D_/programs/Pico_Installer/pico-sdk/lib/lwip/src/core/ipv4/dhcp.c.obj
 .text.dhcp_handle_offer
                0x1000a514       0x48 CMakeFiles/pico_w_webserver.dir/D_/programs/Pico_Installer/pico-sdk/lib/lwip/src/core/ipv4/dhcp.c.obj
 .text.dhcp_discover
                0x1000a55c       0xf8 CMakeFiles/pico_w_webserver.dir/D_/programs/Pico_Installer/pico-sdk/lib/lwip/src/core/ipv4/dhcp.c.obj
 .text.dhcp_dec_pcb_refcount
                0x1000a654       0x38 CMakeFiles/pico_w_webserver.dir/D_/programs/Pico_Installer/pico-sdk/lib/lwip/src/core/ipv4/dhcp.c.obj
 .text.dhcp_inc_pcb_refcount
                0x1000a68c       0x74 CMakeFiles/pico_w_webserver.dir/D_/programs/Pico_Installer/pico-sdk/lib/lwip/src/core/ipv4/dhcp.c.obj
 .text.dhcp_parse_reply
                0x1000a700      0x2fc CMakeFiles/pico_w_webserver.dir/D_/programs/Pico_Installer/pico-sdk/lib/lwip/src/core/ipv4/dhcp.c.obj
 .text.dhcp_handle_ack
                0x1000a9fc       0xd0 CMakeFiles/pico_w_webserver.dir/D_/programs/Pico_Installer/pico-sdk/lib/lwip/src/core/ipv4/dhcp.c.obj
 .text.dhcp_bind
                0x1000aacc      0x104 CMakeFiles/pico_w_webserver.dir/D_/programs/Pico_Installer/pico-sdk/lib/lwip/src/core/ipv4/dhcp.c.obj
 .text.dhcp_handle_nak
                0x1000abd0       0x24 CMakeFiles/pico_w_webserver.dir/D_/programs/Pico_Installer/pico-sdk/lib/lwip/src/core/ipv4/dhcp.c.obj
 .text.dhcp_recv
                0x1000abf4       0xf4 CMakeFiles/pico_w_webserver.dir/D_/programs/Pico_Installer/pico-sdk/lib/lwip/src/core/ipv4/dhcp.c.obj
 .text.dhcp_set_struct
                0x1000ace8       0x44 CMakeFiles/pico_w_webserver.dir/D_/programs/Pico_Installer/pico-sdk/lib/lwip/src/core/ipv4/dhcp.c.obj
                0x1000ace8                dhcp_set_struct
 .text.dhcp_network_changed_link_up
                0x1000ad2c       0x40 CMakeFiles/pico_w_webserver.dir/D_/programs/Pico_Installer/pico-sdk/lib/lwip/src/core/ipv4/dhcp.c.obj
                0x1000ad2c                dhcp_network_changed_link_up
 .text.dhcp_renew
                0x1000ad6c       0xf8 CMakeFiles/pico_w_webserver.dir/D_/programs/Pico_Installer/pico-sdk/lib/lwip/src/core/ipv4/dhcp.c.obj
                0x1000ad6c                dhcp_renew
 .text.dhcp_t1_timeout
                0x1000ae64       0x2a CMakeFiles/pico_w_webserver.dir/D_/programs/Pico_Installer/pico-sdk/lib/lwip/src/core/ipv4/dhcp.c.obj
 .text.dhcp_supplied_address
                0x1000ae8e       0x32 CMakeFiles/pico_w_webserver.dir/D_/programs/Pico_Installer/pico-sdk/lib/lwip/src/core/ipv4/dhcp.c.obj
                0x1000ae8e                dhcp_supplied_address
 .text.dhcp_release_and_stop
                0x1000aec0       0xdc CMakeFiles/pico_w_webserver.dir/D_/programs/Pico_Installer/pico-sdk/lib/lwip/src/core/ipv4/dhcp.c.obj
                0x1000aec0                dhcp_release_and_stop
 .text.dhcp_start
                0x1000af9c       0xac CMakeFiles/pico_w_webserver.dir/D_/programs/Pico_Installer/pico-sdk/lib/lwip/src/core/ipv4/dhcp.c.obj
                0x1000af9c                dhcp_start
 .text.dhcp_coarse_tmr
                0x1000b048       0x6c CMakeFiles/pico_w_webserver.dir/D_/programs/Pico_Installer/pico-sdk/lib/lwip/src/core/ipv4/dhcp.c.obj
                0x1000b048                dhcp_coarse_tmr
 .text.dhcp_timeout
                0x1000b0b4       0x4a CMakeFiles/pico_w_webserver.dir/D_/programs/Pico_Installer/pico-sdk/lib/lwip/src/core/ipv4/dhcp.c.obj
 *fill*         0x1000b0fe        0x2 
 .text.dhcp_fine_tmr
                0x1000b100       0x38 CMakeFiles/pico_w_webserver.dir/D_/programs/Pico_Installer/pico-sdk/lib/lwip/src/core/ipv4/dhcp.c.obj
                0x1000b100                dhcp_fine_tmr
 .text.dhcp_stop
                0x1000b138        0x8 CMakeFiles/pico_w_webserver.dir/D_/programs/Pico_Installer/pico-sdk/lib/lwip/src/core/ipv4/dhcp.c.obj
                0x1000b138                dhcp_stop
 .text.etharp_free_entry
                0x1000b140       0x4c CMakeFiles/pico_w_webserver.dir/D_/programs/Pico_Installer/pico-sdk/lib/lwip/src/core/ipv4/etharp.c.obj
 .text.etharp_find_entry
                0x1000b18c      0x1b0 CMakeFiles/pico_w_webserver.dir/D_/programs/Pico_Installer/pico-sdk/lib/lwip/src/core/ipv4/etharp.c.obj
 .text.etharp_update_arp_entry
                0x1000b33c       0xc8 CMakeFiles/pico_w_webserver.dir/D_/programs/Pico_Installer/pico-sdk/lib/lwip/src/core/ipv4/etharp.c.obj
 .text.etharp_raw
                0x1000b404       0xf0 CMakeFiles/pico_w_webserver.dir/D_/programs/Pico_Installer/pico-sdk/lib/lwip/src/core/ipv4/etharp.c.obj
 .text.etharp_request_dst
                0x1000b4f4       0x24 CMakeFiles/pico_w_webserver.dir/D_/programs/Pico_Installer/pico-sdk/lib/lwip/src/core/ipv4/etharp.c.obj
 .text.etharp_cleanup_netif
                0x1000b518       0x3c CMakeFiles/pico_w_webserver.dir/D_/programs/Pico_Installer/pico-sdk/lib/lwip/src/core/ipv4/etharp.c.obj
                0x1000b518                etharp_cleanup_netif
 .text.etharp_input
                0x1000b554      0x120 CMakeFiles/pico_w_webserver.dir/D_/programs/Pico_Installer/pico-sdk/lib/lwip/src/core/ipv4/etharp.c.obj
                0x1000b554                etharp_input
 .text.etharp_request
                0x1000b674       0x10 CMakeFiles/pico_w_webserver.dir/D_/programs/Pico_Installer/pico-sdk/lib/lwip/src/core/ipv4/etharp.c.obj
                0x1000b674                etharp_request
 .text.etharp_tmr
                0x1000b684       0x8c CMakeFiles/pico_w_webserver.dir/D_/programs/Pico_Installer/pico-sdk/lib/lwip/src/core/ipv4/etharp.c.obj
                0x1000b684                etharp_tmr
 .text.etharp_output_to_arp_index
                0x1000b710       0xc0 CMakeFiles/pico_w_webserver.dir/D_/programs/Pico_Installer/pico-sdk/lib/lwip/src/core/ipv4/etharp.c.obj
 .text.etharp_query
                0x1000b7d0      0x1d8 CMakeFiles/pico_w_webserver.dir/D_/programs/Pico_Installer/pico-sdk/lib/lwip/src/core/ipv4/etharp.c.obj
                0x1000b7d0                etharp_query
 .text.etharp_output
                0x1000b9a8      0x154 CMakeFiles/pico_w_webserver.dir/D_/programs/Pico_Installer/pico-sdk/lib/lwip/src/core/ipv4/etharp.c.obj
                0x1000b9a8                etharp_output
 .text.icmp_send_response
                0x1000bafc       0xd4 CMakeFiles/pico_w_webserver.dir/D_/programs/Pico_Installer/pico-sdk/lib/lwip/src/core/ipv4/icmp.c.obj
 .text.icmp_input
                0x1000bbd0      0x204 CMakeFiles/pico_w_webserver.dir/D_/programs/Pico_Installer/pico-sdk/lib/lwip/src/core/ipv4/icmp.c.obj
                0x1000bbd0                icmp_input
 .text.icmp_dest_unreach
                0x1000bdd4        0xc CMakeFiles/pico_w_webserver.dir/D_/programs/Pico_Installer/pico-sdk/lib/lwip/src/core/ipv4/icmp.c.obj
                0x1000bdd4                icmp_dest_unreach
 .text.icmp_time_exceeded
                0x1000bde0        0xc CMakeFiles/pico_w_webserver.dir/D_/programs/Pico_Installer/pico-sdk/lib/lwip/src/core/ipv4/icmp.c.obj
                0x1000bde0                icmp_time_exceeded
 .text.ip_reass_dequeue_datagram
                0x1000bdec       0x34 CMakeFiles/pico_w_webserver.dir/D_/programs/Pico_Installer/pico-sdk/lib/lwip/src/core/ipv4/ip4_frag.c.obj
 .text.ip_reass_free_complete_datagram
                0x1000be20       0xe8 CMakeFiles/pico_w_webserver.dir/D_/programs/Pico_Installer/pico-sdk/lib/lwip/src/core/ipv4/ip4_frag.c.obj
 .text.ip_reass_remove_oldest_datagram
                0x1000bf08       0xc4 CMakeFiles/pico_w_webserver.dir/D_/programs/Pico_Installer/pico-sdk/lib/lwip/src/core/ipv4/ip4_frag.c.obj
 .text.ip_reass_chain_frag_into_datagram_and_validate
                0x1000bfcc      0x27c CMakeFiles/pico_w_webserver.dir/D_/programs/Pico_Installer/pico-sdk/lib/lwip/src/core/ipv4/ip4_frag.c.obj
 .text.ip_reass_enqueue_new_datagram
                0x1000c248       0x64 CMakeFiles/pico_w_webserver.dir/D_/programs/Pico_Installer/pico-sdk/lib/lwip/src/core/ipv4/ip4_frag.c.obj
 .text.ip_reass_tmr
                0x1000c2ac       0x30 CMakeFiles/pico_w_webserver.dir/D_/programs/Pico_Installer/pico-sdk/lib/lwip/src/core/ipv4/ip4_frag.c.obj
                0x1000c2ac                ip_reass_tmr
 .text.ip4_reass
                0x1000c2dc      0x284 CMakeFiles/pico_w_webserver.dir/D_/programs/Pico_Installer/pico-sdk/lib/lwip/src/core/ipv4/ip4_frag.c.obj
                0x1000c2dc                ip4_reass
 .text.ip4_frag
                0x1000c560      0x178 CMakeFiles/pico_w_webserver.dir/D_/programs/Pico_Installer/pico-sdk/lib/lwip/src/core/ipv4/ip4_frag.c.obj
                0x1000c560                ip4_frag
 .text.ip4_input_accept
                0x1000c6d8       0x38 CMakeFiles/pico_w_webserver.dir/D_/programs/Pico_Installer/pico-sdk/lib/lwip/src/core/ipv4/ip4.c.obj
 .text.ip4_route
                0x1000c710       0x7c CMakeFiles/pico_w_webserver.dir/D_/programs/Pico_Installer/pico-sdk/lib/lwip/src/core/ipv4/ip4.c.obj
                0x1000c710                ip4_route
 .text.ip4_input
                0x1000c78c      0x2a0 CMakeFiles/pico_w_webserver.dir/D_/programs/Pico_Installer/pico-sdk/lib/lwip/src/core/ipv4/ip4.c.obj
                0x1000c78c                ip4_input
 .text.ip4_output_if_src
                0x1000ca2c      0x1c4 CMakeFiles/pico_w_webserver.dir/D_/programs/Pico_Installer/pico-sdk/lib/lwip/src/core/ipv4/ip4.c.obj
                0x1000ca2c                ip4_output_if_src
 .text.ip4_output_if
                0x1000cbf0       0x2e CMakeFiles/pico_w_webserver.dir/D_/programs/Pico_Installer/pico-sdk/lib/lwip/src/core/ipv4/ip4.c.obj
                0x1000cbf0                ip4_output_if
 .text.ip4_addr_isbroadcast_u32
                0x1000cc1e       0x42 CMakeFiles/pico_w_webserver.dir/D_/programs/Pico_Installer/pico-sdk/lib/lwip/src/core/ipv4/ip4_addr.c.obj
                0x1000cc1e                ip4_addr_isbroadcast_u32
 .text.ethernet_input
                0x1000cc60       0xe0 CMakeFiles/pico_w_webserver.dir/D_/programs/Pico_Installer/pico-sdk/lib/lwip/src/netif/ethernet.c.obj
                0x1000cc60                ethernet_input
 .text.ethernet_output
                0x1000cd40       0x6c CMakeFiles/pico_w_webserver.dir/D_/programs/Pico_Installer/pico-sdk/lib/lwip/src/netif/ethernet.c.obj
                0x1000cd40                ethernet_output
 .text.cyw43_tcpip_link_status_name
                0x1000cdac       0x54 CMakeFiles/pico_w_webserver.dir/e663a0b9db733931c71310fe17d14207/rp2_common/pico_cyw43_arch/cyw43_arch.c.obj
 .text.cyw43_arch_set_async_context
                0x1000ce00        0xc CMakeFiles/pico_w_webserver.dir/e663a0b9db733931c71310fe17d14207/rp2_common/pico_cyw43_arch/cyw43_arch.c.obj
                0x1000ce00                cyw43_arch_set_async_context
 .text.cyw43_arch_wifi_connect_bssid_async
                0x1000ce0c       0x54 CMakeFiles/pico_w_webserver.dir/e663a0b9db733931c71310fe17d14207/rp2_common/pico_cyw43_arch/cyw43_arch.c.obj
                0x1000ce0c                cyw43_arch_wifi_connect_bssid_async
 .text.cyw43_arch_get_country_code
                0x1000ce60        0xc CMakeFiles/pico_w_webserver.dir/e663a0b9db733931c71310fe17d14207/rp2_common/pico_cyw43_arch/cyw43_arch.c.obj
                0x1000ce60                cyw43_arch_get_country_code
 .text.cyw43_arch_enable_sta_mode
                0x1000ce6c       0x40 CMakeFiles/pico_w_webserver.dir/e663a0b9db733931c71310fe17d14207/rp2_common/pico_cyw43_arch/cyw43_arch.c.obj
                0x1000ce6c                cyw43_arch_enable_sta_mode
 .text.cyw43_arch_gpio_get
                0x1000ceac       0x20 CMakeFiles/pico_w_webserver.dir/e663a0b9db733931c71310fe17d14207/rp2_common/pico_cyw43_arch/cyw43_arch.c.obj
                0x1000ceac                cyw43_arch_gpio_get
 .text.cyw43_arch_async_context
                0x1000cecc        0xc CMakeFiles/pico_w_webserver.dir/e663a0b9db733931c71310fe17d14207/rp2_common/pico_cyw43_arch/cyw43_arch.c.obj
                0x1000cecc                cyw43_arch_async_context
 .text.cyw43_arch_poll
                0x1000ced8       0x18 CMakeFiles/pico_w_webserver.dir/e663a0b9db733931c71310fe17d14207/rp2_common/pico_cyw43_arch/cyw43_arch.c.obj
                0x1000ced8                cyw43_arch_poll
 .text.cyw43_arch_wait_for_work_until
                0x1000cef0       0x18 CMakeFiles/pico_w_webserver.dir/e663a0b9db733931c71310fe17d14207/rp2_common/pico_cyw43_arch/cyw43_arch.c.obj
                0x1000cef0                cyw43_arch_wait_for_work_until
 .text.cyw43_arch_wifi_connect_bssid_until
                0x1000cf08       0xfc CMakeFiles/pico_w_webserver.dir/e663a0b9db733931c71310fe17d14207/rp2_common/pico_cyw43_arch/cyw43_arch.c.obj
 .text.cyw43_arch_wifi_connect_until
                0x1000d004       0x1a CMakeFiles/pico_w_webserver.dir/e663a0b9db733931c71310fe17d14207/rp2_common/pico_cyw43_arch/cyw43_arch.c.obj
 *fill*         0x1000d01e        0x2 
 .text.cyw43_arch_wifi_connect_timeout_ms
                0x1000d020       0x80 CMakeFiles/pico_w_webserver.dir/e663a0b9db733931c71310fe17d14207/rp2_common/pico_cyw43_arch/cyw43_arch.c.obj
                0x1000d020                cyw43_arch_wifi_connect_timeout_ms
 .text.cyw43_arch_init_default_async_context
                0x1000d0a0       0x20 CMakeFiles/pico_w_webserver.dir/51a779a7594842a7d9c57cd749263e71/cyw43_arch_threadsafe_background.c.obj
                0x1000d0a0                cyw43_arch_init_default_async_context
 .text.cyw43_arch_deinit
                0x1000d0c0       0x30 CMakeFiles/pico_w_webserver.dir/51a779a7594842a7d9c57cd749263e71/cyw43_arch_threadsafe_background.c.obj
                0x1000d0c0                cyw43_arch_deinit
 .text.cyw43_arch_init
                0x1000d0f0       0x42 CMakeFiles/pico_w_webserver.dir/51a779a7594842a7d9c57cd749263e71/cyw43_arch_threadsafe_background.c.obj
                0x1000d0f0                cyw43_arch_init
 .text.cs_set   0x1000d132       0x1c CMakeFiles/pico_w_webserver.dir/e55f86128c146cea5be32be30210ada4/pico_cyw43_driver/cyw43_bus_pio_spi.c.obj
 *fill*         0x1000d14e        0x2 
 .text.start_spi_comms
                0x1000d150       0x2c CMakeFiles/pico_w_webserver.dir/e55f86128c146cea5be32be30210ada4/pico_cyw43_driver/cyw43_bus_pio_spi.c.obj
 .text.ns_delay
                0x1000d17c       0x20 CMakeFiles/pico_w_webserver.dir/e55f86128c146cea5be32be30210ada4/pico_cyw43_driver/cyw43_bus_pio_spi.c.obj
 .text.stop_spi_comms
                0x1000d19c       0x10 CMakeFiles/pico_w_webserver.dir/e55f86128c146cea5be32be30210ada4/pico_cyw43_driver/cyw43_bus_pio_spi.c.obj
 .text.cyw43_spi_deinit
                0x1000d1ac       0x74 CMakeFiles/pico_w_webserver.dir/e55f86128c146cea5be32be30210ada4/pico_cyw43_driver/cyw43_bus_pio_spi.c.obj
                0x1000d1ac                cyw43_spi_deinit
 .text.cyw43_spi_init
                0x1000d220      0x284 CMakeFiles/pico_w_webserver.dir/e55f86128c146cea5be32be30210ada4/pico_cyw43_driver/cyw43_bus_pio_spi.c.obj
                0x1000d220                cyw43_spi_init
 .text.cyw43_spi_transfer
                0x1000d4a4      0x694 CMakeFiles/pico_w_webserver.dir/e55f86128c146cea5be32be30210ada4/pico_cyw43_driver/cyw43_bus_pio_spi.c.obj
                0x1000d4a4                cyw43_spi_transfer
 .text.cyw43_spi_gpio_setup
                0x1000db38       0x3a CMakeFiles/pico_w_webserver.dir/e55f86128c146cea5be32be30210ada4/pico_cyw43_driver/cyw43_bus_pio_spi.c.obj
                0x1000db38                cyw43_spi_gpio_setup
 .text.cyw43_spi_reset
                0x1000db72       0x28 CMakeFiles/pico_w_webserver.dir/e55f86128c146cea5be32be30210ada4/pico_cyw43_driver/cyw43_bus_pio_spi.c.obj
                0x1000db72                cyw43_spi_reset
 *fill*         0x1000db9a        0x2 
 .text.read_reg_u32_swap
                0x1000db9c       0x68 CMakeFiles/pico_w_webserver.dir/e55f86128c146cea5be32be30210ada4/pico_cyw43_driver/cyw43_bus_pio_spi.c.obj
                0x1000db9c                read_reg_u32_swap
 .text.cyw43_read_reg_u32
                0x1000dc04       0x54 CMakeFiles/pico_w_webserver.dir/e55f86128c146cea5be32be30210ada4/pico_cyw43_driver/cyw43_bus_pio_spi.c.obj
                0x1000dc04                cyw43_read_reg_u32
 .text.cyw43_read_reg_u16
                0x1000dc58       0x54 CMakeFiles/pico_w_webserver.dir/e55f86128c146cea5be32be30210ada4/pico_cyw43_driver/cyw43_bus_pio_spi.c.obj
                0x1000dc58                cyw43_read_reg_u16
 .text.cyw43_read_reg_u8
                0x1000dcac       0x54 CMakeFiles/pico_w_webserver.dir/e55f86128c146cea5be32be30210ada4/pico_cyw43_driver/cyw43_bus_pio_spi.c.obj
                0x1000dcac                cyw43_read_reg_u8
 .text.write_reg_u32_swap
                0x1000dd00       0x34 CMakeFiles/pico_w_webserver.dir/e55f86128c146cea5be32be30210ada4/pico_cyw43_driver/cyw43_bus_pio_spi.c.obj
                0x1000dd00                write_reg_u32_swap
 .text.cyw43_write_reg_u32
                0x1000dd34       0x58 CMakeFiles/pico_w_webserver.dir/e55f86128c146cea5be32be30210ada4/pico_cyw43_driver/cyw43_bus_pio_spi.c.obj
                0x1000dd34                cyw43_write_reg_u32
 .text.cyw43_write_reg_u16
                0x1000dd8c       0x58 CMakeFiles/pico_w_webserver.dir/e55f86128c146cea5be32be30210ada4/pico_cyw43_driver/cyw43_bus_pio_spi.c.obj
                0x1000dd8c                cyw43_write_reg_u16
 .text.cyw43_write_reg_u8
                0x1000dde4       0x58 CMakeFiles/pico_w_webserver.dir/e55f86128c146cea5be32be30210ada4/pico_cyw43_driver/cyw43_bus_pio_spi.c.obj
                0x1000dde4                cyw43_write_reg_u8
 .text.cyw43_read_bytes
                0x1000de3c      0x104 CMakeFiles/pico_w_webserver.dir/e55f86128c146cea5be32be30210ada4/pico_cyw43_driver/cyw43_bus_pio_spi.c.obj
                0x1000de3c                cyw43_read_bytes
 .text.cyw43_write_bytes
                0x1000df40      0x128 CMakeFiles/pico_w_webserver.dir/e55f86128c146cea5be32be30210ada4/pico_cyw43_driver/cyw43_bus_pio_spi.c.obj
                0x1000df40                cyw43_write_bytes
 .text.get_core_address
                0x1000e068       0x1c CMakeFiles/pico_w_webserver.dir/D_/programs/Pico_Installer/pico-sdk/lib/cyw43-driver/src/cyw43_ll.c.obj
 .text.sdpcm_process_rx_packet
                0x1000e084      0x180 CMakeFiles/pico_w_webserver.dir/D_/programs/Pico_Installer/pico-sdk/lib/cyw43-driver/src/cyw43_ll.c.obj
 .text.cyw43_ll_wifi_parse_scan_result
                0x1000e204       0x9c CMakeFiles/pico_w_webserver.dir/D_/programs/Pico_Installer/pico-sdk/lib/cyw43-driver/src/cyw43_ll.c.obj
 .text.cyw43_ll_parse_async_event
                0x1000e2a0       0x8e CMakeFiles/pico_w_webserver.dir/D_/programs/Pico_Installer/pico-sdk/lib/cyw43-driver/src/cyw43_ll.c.obj
 *fill*         0x1000e32e        0x2 
 .text.cyw43_kso_set
                0x1000e330       0x98 CMakeFiles/pico_w_webserver.dir/D_/programs/Pico_Installer/pico-sdk/lib/cyw43-driver/src/cyw43_ll.c.obj
 .text.cyw43_ll_bus_sleep_helper
                0x1000e3c8        0xe CMakeFiles/pico_w_webserver.dir/D_/programs/Pico_Installer/pico-sdk/lib/cyw43-driver/src/cyw43_ll.c.obj
 *fill*         0x1000e3d6        0x2 
 .text.cyw43_read_reg
                0x1000e3d8       0x48 CMakeFiles/pico_w_webserver.dir/D_/programs/Pico_Installer/pico-sdk/lib/cyw43-driver/src/cyw43_ll.c.obj
 .text.cyw43_write_reg
                0x1000e420       0x4c CMakeFiles/pico_w_webserver.dir/D_/programs/Pico_Installer/pico-sdk/lib/cyw43-driver/src/cyw43_ll.c.obj
 .text.cyw43_set_backplane_window
                0x1000e46c       0x74 CMakeFiles/pico_w_webserver.dir/D_/programs/Pico_Installer/pico-sdk/lib/cyw43-driver/src/cyw43_ll.c.obj
 .text.cyw43_read_backplane
                0x1000e4e0       0x30 CMakeFiles/pico_w_webserver.dir/D_/programs/Pico_Installer/pico-sdk/lib/cyw43-driver/src/cyw43_ll.c.obj
 .text.disable_device_core
                0x1000e510       0x3c CMakeFiles/pico_w_webserver.dir/D_/programs/Pico_Installer/pico-sdk/lib/cyw43-driver/src/cyw43_ll.c.obj
 .text.device_core_is_up
                0x1000e54c       0x4c CMakeFiles/pico_w_webserver.dir/D_/programs/Pico_Installer/pico-sdk/lib/cyw43-driver/src/cyw43_ll.c.obj
 .text.cyw43_write_backplane
                0x1000e598       0x34 CMakeFiles/pico_w_webserver.dir/D_/programs/Pico_Installer/pico-sdk/lib/cyw43-driver/src/cyw43_ll.c.obj
 .text.reset_device_core
                0x1000e5cc       0x74 CMakeFiles/pico_w_webserver.dir/D_/programs/Pico_Installer/pico-sdk/lib/cyw43-driver/src/cyw43_ll.c.obj
 .text.cyw43_download_resource
                0x1000e640      0x17c CMakeFiles/pico_w_webserver.dir/D_/programs/Pico_Installer/pico-sdk/lib/cyw43-driver/src/cyw43_ll.c.obj
 .text.cyw43_ll_init
                0x1000e7bc       0x20 CMakeFiles/pico_w_webserver.dir/D_/programs/Pico_Installer/pico-sdk/lib/cyw43-driver/src/cyw43_ll.c.obj
                0x1000e7bc                cyw43_ll_init
 .text.cyw43_ll_deinit
                0x1000e7dc        0x8 CMakeFiles/pico_w_webserver.dir/D_/programs/Pico_Installer/pico-sdk/lib/cyw43-driver/src/cyw43_ll.c.obj
                0x1000e7dc                cyw43_ll_deinit
 .text.cyw43_ll_bus_sleep
                0x1000e7e4       0x34 CMakeFiles/pico_w_webserver.dir/D_/programs/Pico_Installer/pico-sdk/lib/cyw43-driver/src/cyw43_ll.c.obj
                0x1000e7e4                cyw43_ll_bus_sleep
 .text.cyw43_ll_sdpcm_poll_device
                0x1000e818      0x158 CMakeFiles/pico_w_webserver.dir/D_/programs/Pico_Installer/pico-sdk/lib/cyw43-driver/src/cyw43_ll.c.obj
 .text.cyw43_ll_process_packets
                0x1000e970       0x5c CMakeFiles/pico_w_webserver.dir/D_/programs/Pico_Installer/pico-sdk/lib/cyw43-driver/src/cyw43_ll.c.obj
                0x1000e970                cyw43_ll_process_packets
 .text.cyw43_sdpcm_send_common
                0x1000e9cc      0x104 CMakeFiles/pico_w_webserver.dir/D_/programs/Pico_Installer/pico-sdk/lib/cyw43-driver/src/cyw43_ll.c.obj
 .text.cyw43_ll_send_ethernet
                0x1000ead0       0x5e CMakeFiles/pico_w_webserver.dir/D_/programs/Pico_Installer/pico-sdk/lib/cyw43-driver/src/cyw43_ll.c.obj
                0x1000ead0                cyw43_ll_send_ethernet
 .text.cyw43_send_ioctl
                0x1000eb2e       0x56 CMakeFiles/pico_w_webserver.dir/D_/programs/Pico_Installer/pico-sdk/lib/cyw43-driver/src/cyw43_ll.c.obj
 .text.cyw43_do_ioctl
                0x1000eb84       0xc0 CMakeFiles/pico_w_webserver.dir/D_/programs/Pico_Installer/pico-sdk/lib/cyw43-driver/src/cyw43_ll.c.obj
 .text.cyw43_ll_ioctl
                0x1000ec44       0x1e CMakeFiles/pico_w_webserver.dir/D_/programs/Pico_Installer/pico-sdk/lib/cyw43-driver/src/cyw43_ll.c.obj
                0x1000ec44                cyw43_ll_ioctl
 *fill*         0x1000ec62        0x2 
 .text.cyw43_clm_load
                0x1000ec64       0xdc CMakeFiles/pico_w_webserver.dir/D_/programs/Pico_Installer/pico-sdk/lib/cyw43-driver/src/cyw43_ll.c.obj
 .text.cyw43_write_iovar_u32
                0x1000ed40       0x60 CMakeFiles/pico_w_webserver.dir/D_/programs/Pico_Installer/pico-sdk/lib/cyw43-driver/src/cyw43_ll.c.obj
 .text.cyw43_write_iovar_n
                0x1000eda0       0x50 CMakeFiles/pico_w_webserver.dir/D_/programs/Pico_Installer/pico-sdk/lib/cyw43-driver/src/cyw43_ll.c.obj
 .text.cyw43_set_ioctl_u32
                0x1000edf0       0x30 CMakeFiles/pico_w_webserver.dir/D_/programs/Pico_Installer/pico-sdk/lib/cyw43-driver/src/cyw43_ll.c.obj
 .text.cyw43_write_iovar_u32_u32
                0x1000ee20       0x74 CMakeFiles/pico_w_webserver.dir/D_/programs/Pico_Installer/pico-sdk/lib/cyw43-driver/src/cyw43_ll.c.obj